Microchip MPLAB XC8 Compiler V2.50

Linker command line:

-W-3 \
  --edf=C:\Program Files\Microchip\xc8\v2.50\pic\dat\20240725155939_en.msgs \
  -cn -h+dist/default/production\SmartHome_Slave1.X.production.sym \
  --cmf=dist/default/production\SmartHome_Slave1.X.production.cmf -z \
  -Q18F46K20 -oC:\Users\hp\AppData\Local\Temp\xcAsb2o.\driver_tmp_3.o \
  --defsym=__MPLAB_BUILD=1 --fixupoverflow=error \
  -Mdist/default/production/SmartHome_Slave1.X.production.map \
  --md=C:\Users\hp\AppData\Local\Temp\xcAsb2o.\driver_tmp_0.dat -E1 \
  -ver=XC8 Compiler --acfsm=1493 -ACODE=00h-0FFFFh -ACONST=00h-0FFFFh \
  -ASMALLCONST=01000h-010FFhx240 -AMEDIUMCONST=01000h-0FFFFh \
  -ACOMRAM=01h-05Fh -AABS1=00h-0F5Fh -ABIGRAM=01h-0F5Fh \
  -ARAM=060h-0FFh,0100h-01FFhx14,0F00h-0F5Fh -ABANK0=060h-0FFh \
  -ABANK1=0100h-01FFh -ABANK2=0200h-02FFh -ABANK3=0300h-03FFh \
  -ABANK4=0400h-04FFh -ABANK5=0500h-05FFh -ABANK6=0600h-06FFh \
  -ABANK7=0700h-07FFh -ABANK8=0800h-08FFh -ABANK9=0900h-09FFh \
  -ABANK10=0A00h-0AFFh -ABANK11=0B00h-0BFFh -ABANK12=0C00h-0CFFh \
  -ABANK13=0D00h-0DFFh -ABANK14=0E00h-0EFFh -ABANK15=0F00h-0F5Fh \
  -ASFR=0F60h-0FFFh -ABIGSFR=0F60h-0FFFh -ACONFIG=0300000h-030000Dh \
  -AIDLOC=0200000h-0200007h -AEEDATA=0F00000h-0F003FFh -peeprom_data=EEDATA \
  -preset_vec=00h,intcode=8h,intcodelo,powerup,init -pramtop=01000h \
  -psmallconst=SMALLCONST -pmediumconst=MEDIUMCONST -pconst=CONST \
  -AFARRAM=00h-00h \
  -prdata=COMRAM,nvrram=COMRAM,nvbit=COMRAM,rbss=COMRAM,rbit=COMRAM \
  -pfarbss=FARRAM,fardata=FARRAM,nvFARRAM=FARRAM \
  -pintsave_regs=BIGRAM,bigbss=BIGRAM,bigdata=BIGRAM -pbss=RAM \
  -pidata=CODE,irdata=CODE,ibigdata=CODE,ifardata=CODE -prparam=COMRAM \
  C:\Users\hp\AppData\Local\Temp\xcAsb2o.\driver_tmp_9.o \
  dist/default/production\SmartHome_Slave1.X.production.o 

Object code version is 3.11

Machine type is 18F46K20



                Name                               Link     Load   Length Selector   Space Scale
C:\Users\hp\AppData\Local\Temp\xcAsb2o.\driver_tmp_9.o
                config                           300000   300000        E        0       4
                init                                 76       76        4        4       0
                reset_vec                             0        0        4        0       0
dist/default/production\SmartHome_Slave1.X.production.o
                intcode                               8        8       6E        4       0
                config                           300000   300000        E        0       4
                temp                                 5A       5A        1        1       1
                smallconst                         1000     1000        6      800       0
                text49                             2282     2282        4     10FA       0
                text48                             2268     2268        8     10FA       0
                text47                             20E6     20E6       2C      803       0
                text46                             227E     227E        4     10FA       0
                text45                             21B2     21B2       14      803       0
                text44                             219E     219E       14      803       0
                text43                             218A     218A       14      803       0
                text42                             2176     2176       14      803       0
                text41                             2260     2260        8     10FA       0
                text40                             2270     2270        6     10FA       0
                text39                             20BA     20BA       2C      803       0
                text38                             227A     227A        4     10FA       0
                text37                             2258     2258        8     10FA       0
                text36                             2250     2250        8     10FA       0
                text35                             208E     208E       2C      803       0
                text34                             18C4     18C4       FC      803       0
                text32                             1006     1006      29C      803       0
                text31                             2112     2112       26      803       0
                text30                             173C     173C      188      803       0
                text29                             1A84     1A84       B6      803       0
                text28                             12A2     12A2      296      803       0
                text27                             1F20     1F20       56      803       0
                text26                             202E     202E       34      803       0
                text25                             1FF8     1FF8       36      803       0
                text24                             1FC2     1FC2       36      803       0
                text23                             1F76     1F76       4C      803       0
                text22                             1DF4     1DF4       6C      803       0
                text21                             2276     2276        4     10FA       0
                text20                             215A     215A       1C      803       0
                text19                             2226     2226        A     10FA       0
                text18                             221C     221C        A     10FA       0
                text17                             2212     2212        A     10FA       0
                text16                             2208     2208        A     10FA       0
                text15                             2248     2248        8     10FA       0
                text14                             2240     2240        8     10FA       0
                text13                             21FE     21FE        A     10FA       0
                text12                             21F4     21F4        A     10FA       0
                text11                             1EC2     1EC2       5E      803       0
                text10                             1D48     1D48       AC      803       0
                text9                              1BEA     1BEA       B0      803       0
                text8                              1B3A     1B3A       B0      803       0
                text7                              21D8     21D8        E      803       0
                text6                              2238     2238        8     10FA       0
                text5                              2230     2230        8     10FA       0
                text4                              2138     2138       22      803       0
                text3                              21C6     21C6       12      803       0
                text2                              19C0     19C0       C4      803       0
                text1                              1C9A     1C9A       AE      803       0
                text0                              1538     1538      204      803       0
                cstackCOMRAM                         4E       4E        C        1       1
                cstackBANK0                          C3       C3        6       60       1
                dataBANK0                            97       97       2C       60       1
                bssBANK0                             60       60       37       60       1
                dataCOMRAM                           41       41        D        1       1
                bssCOMRAM                             1        1       40        1       1
                cinit                              1E60     1E60       62      803       0
                idataBANK0                         2062     2062       2C      803       0
                idataCOMRAM                        21E6     21E6        D      803       0

TOTAL           Name                               Link     Load   Length     Space
        CLASS   CODE           
                intcode                               8        8       6E         0
                init                                 76       76        4         0
                reset_vec                             0        0        4         0
                text49                             2282     2282        4         0
                text48                             2268     2268        8         0
                text47                             20E6     20E6       2C         0
                text46                             227E     227E        4         0
                text45                             21B2     21B2       14         0
                text44                             219E     219E       14         0
                text43                             218A     218A       14         0
                text42                             2176     2176       14         0
                text41                             2260     2260        8         0
                text40                             2270     2270        6         0
                text39                             20BA     20BA       2C         0
                text38                             227A     227A        4         0
                text37                             2258     2258        8         0
                text36                             2250     2250        8         0
                text35                             208E     208E       2C         0
                text34                             18C4     18C4       FC         0
                text32                             1006     1006      29C         0
                text31                             2112     2112       26         0
                text30                             173C     173C      188         0
                text29                             1A84     1A84       B6         0
                text28                             12A2     12A2      296         0
                text27                             1F20     1F20       56         0
                text26                             202E     202E       34         0
                text25                             1FF8     1FF8       36         0
                text24                             1FC2     1FC2       36         0
                text23                             1F76     1F76       4C         0
                text22                             1DF4     1DF4       6C         0
                text21                             2276     2276        4         0
                text20                             215A     215A       1C         0
                text19                             2226     2226        A         0
                text18                             221C     221C        A         0
                text17                             2212     2212        A         0
                text16                             2208     2208        A         0
                text15                             2248     2248        8         0
                text14                             2240     2240        8         0
                text13                             21FE     21FE        A         0
                text12                             21F4     21F4        A         0
                text11                             1EC2     1EC2       5E         0
                text10                             1D48     1D48       AC         0
                text9                              1BEA     1BEA       B0         0
                text8                              1B3A     1B3A       B0         0
                text7                              21D8     21D8        E         0
                text6                              2238     2238        8         0
                text5                              2230     2230        8         0
                text4                              2138     2138       22         0
                text3                              21C6     21C6       12         0
                text2                              19C0     19C0       C4         0
                text1                              1C9A     1C9A       AE         0
                text0                              1538     1538      204         0
                cinit                              1E60     1E60       62         0
                idataBANK0                         2062     2062       2C         0
                idataCOMRAM                        21E6     21E6        D         0

        CLASS   CONST          

        CLASS   SMALLCONST     
                smallconst                         1000     1000        6         0

        CLASS   MEDIUMCONST    

        CLASS   COMRAM         
                temp                                 5A       5A        1         1
                cstackCOMRAM                         4E       4E        C         1
                dataCOMRAM                           41       41        D         1
                bssCOMRAM                             1        1       40         1

        CLASS   ABS1           

        CLASS   BIGRAM         

        CLASS   RAM            

        CLASS   BANK0          
                cstackBANK0                          C3       C3        6         1
                dataBANK0                            97       97       2C         1
                bssBANK0                             60       60       37         1

        CLASS   BANK1          

        CLASS   BANK2          

        CLASS   BANK3          

        CLASS   BANK4          

        CLASS   BANK5          

        CLASS   BANK6          

        CLASS   BANK7          

        CLASS   BANK8          

        CLASS   BANK9          

        CLASS   BANK10         

        CLASS   BANK11         

        CLASS   BANK12         

        CLASS   BANK13         

        CLASS   BANK14         

        CLASS   BANK15         

        CLASS   SFR            

        CLASS   BIGSFR         

        CLASS   CONFIG         
                config                           300000   300000        E         4

        CLASS   IDLOC          

        CLASS   EEDATA         

        CLASS   FARRAM         

        CLASS   HEAP           

        CLASS   STACK          



SEGMENTS        Name                           Load    Length   Top    Selector   Space  Class

                reset_vec                      000000  000004  000004         0       0  CODE    
                bssCOMRAM                      000001  00005A  00005B         1       1  COMRAM  
                intcode                        000008  000072  00007A         4       0  CODE    
                bssBANK0                       000060  000069  0000C9        60       1  BANK0   
                smallconst                     001000  000006  001006       800       0  SMALLCON
                text32                         001006  0011ED  0021F3       803       0  CODE    
                text12                         0021F4  000092  002286      10FA       0  CODE    


UNUSED ADDRESS RANGES

        Name                Unused          Largest block    Delta
        BANK0            0000C9-0000FF               37
        BANK1            000100-0001FF              100
        BANK10           000A00-000AFF              100
        BANK11           000B00-000BFF              100
        BANK12           000C00-000CFF              100
        BANK13           000D00-000DFF              100
        BANK14           000E00-000EFF              100
        BANK15           000F00-000F5F               60
        BANK2            000200-0002FF              100
        BANK3            000300-0003FF              100
        BANK4            000400-0004FF              100
        BANK5            000500-0005FF              100
        BANK6            000600-0006FF              100
        BANK7            000700-0007FF              100
        BANK8            000800-0008FF              100
        BANK9            000900-0009FF              100
        BIGRAM           00005B-00005F                5
                         0000C9-000F5F              E97
        BIGSFR           000F60-000FFF               A0
        CODE             000004-000007                4
                         00007A-000FFF              F86
                         0021F3-0021F3                1
                         002286-00FFFF             DD7A
        COMRAM           00005B-00005F                5
        CONST            000004-000007                4
                         00007A-000FFF              F86
                         0021F3-0021F3                1
                         002286-00FFFF             DD7A
        EEDATA           F00000-F003FF              400
        IDLOC            200000-200007                8
        MEDIUMCONST      0021F3-0021F3                1
                         002286-00FFFF             DD7A
        RAM              0000C9-000F5F              100
        SFR              000F60-000FFF               A0
        SMALLCONST       0021F3-0021F3                1
                         002286-00FFFF              100

                                  Symbol Table

?___awdiv                                  cstackCOMRAM 000053
?___awmod                                  cstackCOMRAM 000053
ECU_Button_Intalize@btn_Config             cstackCOMRAM 000057
ECU_Button_Intalize@rt                     cstackCOMRAM 000058
ECU_Button_Read@Get_buuton_logic           cstackBANK0  0000C5
ECU_Button_Read@btn_Config                 cstackCOMRAM 000058
ECU_Button_Read@btn_status                 cstackCOMRAM 000059
ECU_Button_Read@rt                         cstackBANK0  0000C4
ECU_DC_Motor_initialize@_dc_motor          cstackBANK0  0000C4
ECU_DC_Motor_initialize@rt                 cstackBANK0  0000C5
ECU_DC_Motor_move_right@_dc_motor          cstackCOMRAM 000058
ECU_DC_Motor_move_right@rt                 cstackCOMRAM 000059
ECU_DC_Motor_stop@_dc_motor                cstackCOMRAM 000058
ECU_DC_Motor_stop@rt                       cstackCOMRAM 000059
ECU_Relay_Initialize@F3462                 bssCOMRAM    000039
ECU_Relay_toggle@F3477                     bssCOMRAM    000036
ECU_Relay_turnOFF@F3472                    bssCOMRAM    000037
ECU_Relay_turnON@F3467                     bssCOMRAM    000038
ECU_Segment_initialize@_Segment            cstackBANK0  0000C4
ECU_Segment_initialize@rt                  cstackBANK0  0000C5
ECU_Segment_write@Segment_write            cstackBANK0  0000C8
ECU_Segment_write@_Segment                 cstackBANK0  0000C7
ECU_Segment_write@rt                       cstackCOMRAM 000059
I2C_SlaveSendTxData@data                   cstackCOMRAM 00004E
I2C_SlaveSetAddrIntHandler@handler         cstackCOMRAM 000053
I2C_SlaveSetBusColIntHandler@handler       cstackCOMRAM 000053
I2C_SlaveSetIsrHandler@handler             cstackCOMRAM 000053
I2C_SlaveSetReadIntHandler@handler         cstackCOMRAM 000053
I2C_SlaveSetSlaveAddr@slaveAddr            cstackCOMRAM 000053
I2C_SlaveSetSlaveMask@maskAddr             cstackCOMRAM 000053
I2C_SlaveSetWrColIntHandler@handler        cstackCOMRAM 000053
I2C_SlaveSetWriteIntHandler@handler        cstackCOMRAM 000053
LED_init@F3461                             bssCOMRAM    00003D
LED_init@LED                               cstackBANK0  0000C4
LED_init@led_config                        cstackCOMRAM 000057
LED_init@rt                                cstackBANK0  0000C3
LED_toggle@F3476                           bssCOMRAM    00003A
LED_turnOFF@F3471                          bssCOMRAM    00003B
LED_turnOFF@LED                            cstackBANK0  0000C4
LED_turnOFF@led_config                     cstackCOMRAM 000058
LED_turnOFF@rt                             cstackBANK0  0000C3
LED_turnON@F3466                           bssCOMRAM    00003C
LED_turnON@LED                             cstackBANK0  0000C4
LED_turnON@led_config                      cstackCOMRAM 000058
LED_turnON@rt                              cstackBANK0  0000C3
_ADCON0bits                                (abs)        000FC2
_ADCON1bits                                (abs)        000FC1
_ADCON2bits                                (abs)        000FC0
_ADC_InterruptHandler                      bssCOMRAM    000025
_ADRESH                                    (abs)        000FC4
_ADRESL                                    (abs)        000FC3
_ANSEL                                     (abs)        000F7E
_ANSELH                                    (abs)        000F7F
_BAUDCONbits                               (abs)        000FB8
_BLUE_LED                                  dataCOMRAM   000049
_CCP1CONbits                               (abs)        000FBD
_CCP1_DefaultISR                           (abs)        000000
_CCP1_InterrptHandle                       bssCOMRAM    000023
_CCP1_flag                                 bssCOMRAM    000034
_CCP1_obj                                  bssBANK0     000086
_CCP2CONbits                               (abs)        000FBA
_CCP2_InterrptHandle                       bssCOMRAM    000021
_CCPR1H                                    (abs)        000FBF
_CCPR1L                                    (abs)        000FBE
_CCPR2H                                    (abs)        000FBC
_CCPR2L                                    (abs)        000FBB
_Cooler                                    dataCOMRAM   000045
_ECU_Button_Intalize                       text31       002112
_ECU_Button_Read                           text29       001A84
_ECU_DC_Motor_initialize                   text26       00202E
_ECU_DC_Motor_move_right                   text25       001FF8
_ECU_DC_Motor_stop                         text24       001FC2
_ECU_Segment_initialize                    text23       001F76
_ECU_Segment_write                         text22       001DF4
_EEADR                                     (abs)        000FA9
_EEADRH                                    (abs)        000FAA
_EECON1bits                                (abs)        000FA6
_EECON2                                    (abs)        000FA7
_EEDATA                                    (abs)        000FA8
_Heater                                    dataCOMRAM   000047
_I2C_DefaultInterruptHandler               text40       002270
_I2C_DefaultInterruptHandler@hal_i2c$F2290 bssCOMRAM    00001F
_I2C_Initialize                            text7        0021D8
_I2C_Isr                                   text34       0018C4
_I2C_Open                                  text11       001EC2
_I2C_Report_Receive_OverFlow               bssBANK0     000084
_I2C_Report_Write_Collision                bssCOMRAM    00001D
_I2C_SlaveAddrCallBack                     text47       0020E6
_I2C_SlaveAddrInterruptHandler             bssCOMRAM    000005
_I2C_SlaveBusColInterruptHandler           bssCOMRAM    000003
_I2C_SlaveClearIrq                         text46       00227E
_I2C_SlaveDefAddrInterruptHandler          text48       002268
_I2C_SlaveDefBusColInterruptHandler        (abs)        000000
_I2C_SlaveDefRdInterruptHandler            text41       002260
_I2C_SlaveDefWrColInterruptHandler         (abs)        000000
_I2C_SlaveDefWrInterruptHandler            text36       002250
_I2C_SlaveEnableIrq                        text21       002276
_I2C_SlaveGetRxData                        text49       002282
_I2C_SlaveIsAddr                           text45       0021B2
_I2C_SlaveIsRead                           text44       00219E
_I2C_SlaveIsRxBufFull                      text43       00218A
_I2C_SlaveIsTxBufEmpty                     text42       002176
_I2C_SlaveOpen                             text20       00215A
_I2C_SlaveRdCallBack                       text39       0020BA
_I2C_SlaveRdInterruptHandler               bssCOMRAM    000009
_I2C_SlaveReleaseClock                     text38       00227A
_I2C_SlaveSendTxData                       text37       002258
_I2C_SlaveSetAddrIntHandler                text19       002226
_I2C_SlaveSetBusColIntHandler              text18       00221C
_I2C_SlaveSetIsrHandler                    text17       002212
_I2C_SlaveSetReadIntHandler                text16       002208
_I2C_SlaveSetSlaveAddr                     text15       002248
_I2C_SlaveSetSlaveMask                     text14       002240
_I2C_SlaveSetWrColIntHandler               text13       0021FE
_I2C_SlaveSetWriteIntHandler               text12       0021F4
_I2C_SlaveWrCallBack                       text35       00208E
_I2C_SlaveWrColInterruptHandler            bssCOMRAM    000001
_I2C_SlaveWrInterruptHandler               bssCOMRAM    000007
_INTCON2bits                               (abs)        000FF1
_INTCON3bits                               (abs)        000FF0
_INTCONbits                                (abs)        000FF2
_INTERRUPT_Initialize                      text6        002238
_INTERRUPT_InterruptManagerHigh            intcode      000008
_IPR1bits                                  (abs)        000F9F
_IPR2bits                                  (abs)        000FA2
_Interrupt_INT0_Handler                    bssCOMRAM    00001B
_Interrupt_INT1_Handler                    bssCOMRAM    000019
_Interrupt_INT2_Handler                    bssCOMRAM    000017
_Interrupt_RB4_Handler_HIGH                bssCOMRAM    000015
_Interrupt_RB4_Handler_LOW                 bssCOMRAM    000013
_Interrupt_RB5_Handler_HIGH                bssBANK0     000082
_Interrupt_RB5_Handler_LOW                 bssBANK0     000080
_Interrupt_RB6_Handler_HIGH                bssBANK0     00007E
_Interrupt_RB6_Handler_LOW                 bssBANK0     00007C
_Interrupt_RB7_Handler_HIGH                bssBANK0     00007A
_Interrupt_RB7_Handler_LOW                 bssBANK0     000078
_LATA                                      (abs)        000F89
_LATB                                      (abs)        000F8A
_LATC                                      (abs)        000F8B
_LATD                                      (abs)        000F8C
_LATE                                      (abs)        000F8D
_LED_init                                  text10       001D48
_LED_turnOFF                               text9        001BEA
_LED_turnON                                text8        001B3A
_MSSP_InterruptHandler                     bssCOMRAM    00000B
_OSCCON                                    (abs)        000FD3
_OSCILLATOR_Initialize                     text5        002230
_OSCTUNE                                   (abs)        000F9B
_OutDoor_E                                 dataBANK0    0000C0
_OutDoor_lamp                              dataCOMRAM   00004B
_PIE1bits                                  (abs)        000F9D
_PIE2bits                                  (abs)        000FA0
_PIN_MANAGER_Initialize                    text4        002138
_PIR1bits                                  (abs)        000F9E
_PIR2bits                                  (abs)        000FA1
_PORTA                                     (abs)        000F80
_PORTB                                     (abs)        000F81
_PORTC                                     (abs)        000F82
_PORTD                                     (abs)        000F83
_PORTE                                     (abs)        000F84
_PWM_Val                                   bssCOMRAM    000027
_RB4_Flag                                  dataCOMRAM   000044
_RB5_Flag                                  dataCOMRAM   000043
_RB6_Flag                                  dataCOMRAM   000042
_RB7_Flag                                  dataCOMRAM   000041
_RCONbits                                  (abs)        000FD0
_RCREG                                     (abs)        000FAE
_RCSTAbits                                 (abs)        000FAB
_RED_LED                                   dataCOMRAM   00004A
_SPBRG                                     (abs)        000FAF
_SPBRGH                                    (abs)        000FB0
_SPI_InterruptHandler                      bssBANK0     000076
_SPI_SCK                                   bssCOMRAM    000031
_SPI_SDI                                   bssCOMRAM    000032
_SPI_SDO                                   bssCOMRAM    000033
_SPI_SS                                    bssCOMRAM    000030
_SSD_E1                                    dataCOMRAM   00004D
_SSD_E2                                    dataCOMRAM   00004C
_SSPADD                                    (abs)        000FC8
_SSPBUF                                    (abs)        000FC9
_SSPCON1                                   (abs)        000FC6
_SSPCON1bits                               (abs)        000FC6
_SSPCON2                                   (abs)        000FC5
_SSPCON2bits                               (abs)        000FC5
_SSPMSK                                    (abs)        000F77
_SSPSTAT                                   (abs)        000FC7
_SSPSTATbits                               (abs)        000FC7
_SYSTEM_Initialize                         text3        0021C6
_SevenSeG                                  dataBANK0    0000BB
_SevenSeG_2                                dataBANK0    0000B6
_T0CONbits                                 (abs)        000FD5
_T1CONbits                                 (abs)        000FCD
_T2CONbits                                 (abs)        000FCA
_T3CONbits                                 (abs)        000FB1
_TMR0H                                     (abs)        000FD7
_TMR0L                                     (abs)        000FD6
_TMR1H                                     (abs)        000FCF
_TMR1L                                     (abs)        000FCE
_TMR2                                      (abs)        000FCC
_TMR3H                                     (abs)        000FB3
_TMR3L                                     (abs)        000FB2
_TRISA                                     (abs)        000F92
_TRISA5                                    (abs)        007C95
_TRISB                                     (abs)        000F93
_TRISC                                     (abs)        000F94
_TRISC3                                    (abs)        007CA3
_TRISC4                                    (abs)        007CA4
_TRISC5                                    (abs)        007CA5
_TRISCbits                                 (abs)        000F94
_TRISD                                     (abs)        000F95
_TRISE                                     (abs)        000F96
_TXREG                                     (abs)        000FAD
_TXSTAbits                                 (abs)        000FAC
_TemperatureSensor_GetValue                bssCOMRAM    00002A
_Timer0_InterruptHandler                   bssBANK0     000074
_Timer1_InterruptHandler                   bssBANK0     000072
_Timer2_InterruptHandler                   bssBANK0     000070
_Timer3_InterruptHandler                   bssBANK0     00006E
_USART_FRE_InterruptHandler                bssBANK0     000068
_USART_OVRR_InterruptHandler               bssBANK0     000066
_USART_RX_InterruptHandler                 bssBANK0     00006A
_USART_TX_InterruptHandler                 bssBANK0     00006C
_WPUB                                      (abs)        000F7C
__HRAM                                     (abs)        000000
__H__absolute__                            __absolute__ 000000
__Habs1                                    abs1         000000
__Hbank0                                   bank0        000000
__Hbank1                                   bank1        000000
__Hbank10                                  bank10       000000
__Hbank11                                  bank11       000000
__Hbank12                                  bank12       000000
__Hbank13                                  bank13       000000
__Hbank14                                  bank14       000000
__Hbank15                                  bank15       000000
__Hbank2                                   bank2        000000
__Hbank3                                   bank3        000000
__Hbank4                                   bank4        000000
__Hbank5                                   bank5        000000
__Hbank6                                   bank6        000000
__Hbank7                                   bank7        000000
__Hbank8                                   bank8        000000
__Hbank9                                   bank9        000000
__Hbigbss                                  bigbss       000000
__Hbigdata                                 bigdata      000000
__Hbigram                                  bigram       000000
__Hbigsfr                                  bigsfr       000000
__Hbss                                     bss          000000
__HbssBANK0                                bssBANK0     000000
__HbssCOMRAM                               bssCOMRAM    000000
__Hcinit                                   cinit        000000
__Hclrtext                                 clrtext      000000
__Hcomram                                  comram       000000
__Hconfig                                  config       30000E
__Hconst                                   const        000000
__HcstackBANK0                             cstackBANK0  000000
__HcstackCOMRAM                            cstackCOMRAM 000000
__Hdata                                    data         000000
__HdataBANK0                               dataBANK0    000000
__HdataCOMRAM                              dataCOMRAM   000000
__Heeprom_data                             eeprom_data  000000
__Hfarbss                                  farbss       000000
__Hfardata                                 fardata      000000
__Hheap                                    heap         000000
__Hibigdata                                ibigdata     000000
__Hidata                                   idata        000000
__HidataBANK0                              idataBANK0   000000
__HidataCOMRAM                             idataCOMRAM  000000
__Hidloc                                   idloc        000000
__Hifardata                                ifardata     000000
__Hinit                                    init         00007A
__Hintcode                                 intcode      000076
__Hintcode_body                            intcode_body 000000
__Hintcodelo                               intcodelo    000076
__Hintentry                                intentry     000000
__Hintret                                  intret       000000
__Hintsave_regs                            intsave_regs 000000
__Hirdata                                  irdata       000000
__Hmediumconst                             mediumconst  000000
__HnvFARRAM                                nvFARRAM     000000
__Hnvbit                                   nvbit        000000
__Hnvrram                                  nvrram       000000
__Hparam                                   rparam       000000
__Hpowerup                                 powerup      000076
__Hram                                     ram          000000
__Hramtop                                  ramtop       001000
__Hrbit                                    rbit         000000
__Hrbss                                    rbss         000000
__Hrdata                                   rdata        000000
__Hreset_vec                               reset_vec    000004
__Hrparam                                  rparam       000000
__Hsfr                                     sfr          000000
__Hsivt_hi                                 sivt_hi      000000
__Hsivt_lo                                 sivt_lo      000000
__Hsmallconst                              smallconst   001006
__Hspace_0                                 (abs)        002286
__Hspace_1                                 (abs)        0000C9
__Hspace_2                                 (abs)        000000
__Hspace_4                                 (abs)        60000E
__Hstack                                   stack        000000
__Hstruct                                  struct       000000
__Htemp                                    temp         00005B
__Htext                                    text         000000
__Htext0                                   text0        000000
__Htext1                                   text1        000000
__Htext10                                  text10       000000
__Htext11                                  text11       000000
__Htext12                                  text12       000000
__Htext13                                  text13       000000
__Htext14                                  text14       000000
__Htext15                                  text15       000000
__Htext16                                  text16       000000
__Htext17                                  text17       000000
__Htext18                                  text18       000000
__Htext19                                  text19       000000
__Htext2                                   text2        000000
__Htext20                                  text20       000000
__Htext21                                  text21       000000
__Htext22                                  text22       000000
__Htext23                                  text23       000000
__Htext24                                  text24       000000
__Htext25                                  text25       000000
__Htext26                                  text26       000000
__Htext27                                  text27       000000
__Htext28                                  text28       000000
__Htext29                                  text29       000000
__Htext3                                   text3        000000
__Htext30                                  text30       000000
__Htext31                                  text31       000000
__Htext32                                  text32       000000
__Htext34                                  text34       000000
__Htext35                                  text35       000000
__Htext36                                  text36       000000
__Htext37                                  text37       000000
__Htext38                                  text38       000000
__Htext39                                  text39       000000
__Htext4                                   text4        000000
__Htext40                                  text40       000000
__Htext41                                  text41       000000
__Htext42                                  text42       000000
__Htext43                                  text43       000000
__Htext44                                  text44       000000
__Htext45                                  text45       000000
__Htext46                                  text46       000000
__Htext47                                  text47       000000
__Htext48                                  text48       000000
__Htext49                                  text49       000000
__Htext5                                   text5        000000
__Htext6                                   text6        000000
__Htext7                                   text7        000000
__Htext8                                   text8        000000
__Htext9                                   text9        000000
__LRAM                                     (abs)        000001
__L__absolute__                            __absolute__ 000000
__Labs1                                    abs1         000000
__Lbank0                                   bank0        000000
__Lbank1                                   bank1        000000
__Lbank10                                  bank10       000000
__Lbank11                                  bank11       000000
__Lbank12                                  bank12       000000
__Lbank13                                  bank13       000000
__Lbank14                                  bank14       000000
__Lbank15                                  bank15       000000
__Lbank2                                   bank2        000000
__Lbank3                                   bank3        000000
__Lbank4                                   bank4        000000
__Lbank5                                   bank5        000000
__Lbank6                                   bank6        000000
__Lbank7                                   bank7        000000
__Lbank8                                   bank8        000000
__Lbank9                                   bank9        000000
__Lbigbss                                  bigbss       000000
__Lbigdata                                 bigdata      000000
__Lbigram                                  bigram       000000
__Lbigsfr                                  bigsfr       000000
__Lbss                                     bss          000000
__LbssBANK0                                bssBANK0     000000
__LbssCOMRAM                               bssCOMRAM    000000
__Lcinit                                   cinit        000000
__Lclrtext                                 clrtext      000000
__Lcomram                                  comram       000000
__Lconfig                                  config       000000
__Lconst                                   const        000000
__LcstackBANK0                             cstackBANK0  000000
__LcstackCOMRAM                            cstackCOMRAM 000000
__Ldata                                    data         000000
__LdataBANK0                               dataBANK0    000000
__LdataCOMRAM                              dataCOMRAM   000000
__Leeprom_data                             eeprom_data  000000
__Lfarbss                                  farbss       000000
__Lfardata                                 fardata      000000
__Lheap                                    heap         000000
__Libigdata                                ibigdata     000000
__Lidata                                   idata        000000
__LidataBANK0                              idataBANK0   000000
__LidataCOMRAM                             idataCOMRAM  000000
__Lidloc                                   idloc        000000
__Lifardata                                ifardata     000000
__Linit                                    init         000076
__Lintcode                                 intcode      000008
__Lintcode_body                            intcode_body 000000
__Lintcodelo                               intcodelo    000076
__Lintentry                                intentry     000000
__Lintret                                  intret       000000
__Lintsave_regs                            intsave_regs 000000
__Lirdata                                  irdata       000000
__Lmediumconst                             mediumconst  000000
__LnvFARRAM                                nvFARRAM     000000
__Lnvbit                                   nvbit        000000
__Lnvrram                                  nvrram       000000
__Lparam                                   rparam       000000
__Lpowerup                                 powerup      000076
__Lram                                     ram          000000
__Lramtop                                  ramtop       001000
__Lrbit                                    rbit         000000
__Lrbss                                    rbss         000000
__Lrdata                                   rdata        000000
__Lreset_vec                               reset_vec    000000
__Lrparam                                  rparam       000000
__Lsfr                                     sfr          000000
__Lsivt_hi                                 sivt_hi      000000
__Lsivt_lo                                 sivt_lo      000000
__Lsmallconst                              smallconst   001000
__Lspace_0                                 (abs)        000000
__Lspace_1                                 (abs)        000000
__Lspace_2                                 (abs)        000000
__Lspace_4                                 (abs)        000000
__Lstack                                   stack        000000
__Lstruct                                  struct       000000
__Ltemp                                    temp         00005A
__Ltext                                    text         000000
__Ltext0                                   text0        000000
__Ltext1                                   text1        000000
__Ltext10                                  text10       000000
__Ltext11                                  text11       000000
__Ltext12                                  text12       000000
__Ltext13                                  text13       000000
__Ltext14                                  text14       000000
__Ltext15                                  text15       000000
__Ltext16                                  text16       000000
__Ltext17                                  text17       000000
__Ltext18                                  text18       000000
__Ltext19                                  text19       000000
__Ltext2                                   text2        000000
__Ltext20                                  text20       000000
__Ltext21                                  text21       000000
__Ltext22                                  text22       000000
__Ltext23                                  text23       000000
__Ltext24                                  text24       000000
__Ltext25                                  text25       000000
__Ltext26                                  text26       000000
__Ltext27                                  text27       000000
__Ltext28                                  text28       000000
__Ltext29                                  text29       000000
__Ltext3                                   text3        000000
__Ltext30                                  text30       000000
__Ltext31                                  text31       000000
__Ltext32                                  text32       000000
__Ltext34                                  text34       000000
__Ltext35                                  text35       000000
__Ltext36                                  text36       000000
__Ltext37                                  text37       000000
__Ltext38                                  text38       000000
__Ltext39                                  text39       000000
__Ltext4                                   text4        000000
__Ltext40                                  text40       000000
__Ltext41                                  text41       000000
__Ltext42                                  text42       000000
__Ltext43                                  text43       000000
__Ltext44                                  text44       000000
__Ltext45                                  text45       000000
__Ltext46                                  text46       000000
__Ltext47                                  text47       000000
__Ltext48                                  text48       000000
__Ltext49                                  text49       000000
__Ltext5                                   text5        000000
__Ltext6                                   text6        000000
__Ltext7                                   text7        000000
__Ltext8                                   text8        000000
__Ltext9                                   text9        000000
__S0                                       (abs)        002286
__S1                                       (abs)        0000C9
__S4                                       (abs)        000000
__S5                                       (abs)        000000
___awdiv                                   text2        0019C0
___awdiv@counter                           cstackBANK0  0000C3
___awdiv@dividend                          cstackCOMRAM 000053
___awdiv@divisor                           cstackCOMRAM 000055
___awdiv@quotient                          cstackBANK0  0000C5
___awdiv@sign                              cstackBANK0  0000C4
___awmod                                   text1        001C9A
___awmod@counter                           cstackCOMRAM 000057
___awmod@dividend                          cstackCOMRAM 000053
___awmod@divisor                           cstackCOMRAM 000055
___awmod@sign                              cstackCOMRAM 000058
___heap_hi                                 (abs)        000000
___heap_lo                                 (abs)        000000
___inthi_sp                                stack        000000
___inthi_stack_hi                          stack        000000
___inthi_stack_lo                          stack        000000
___intlo_sp                                stack        000000
___intlo_stack_hi                          stack        000000
___intlo_stack_lo                          stack        000000
___param_bank                              (abs)        000000
___rparam_used                             (abs)        000001
___sp                                      stack        000000
___stack_hi                                stack        000000
___stack_lo                                stack        000000
__accesstop                                (abs)        000060
__activetblptr                             (abs)        000003
__end_of_ECU_Button_Intalize               text31       002138
__end_of_ECU_Button_Read                   text29       001B3A
__end_of_ECU_DC_Motor_initialize           text26       002062
__end_of_ECU_DC_Motor_move_right           text25       00202E
__end_of_ECU_DC_Motor_stop                 text24       001FF8
__end_of_ECU_Segment_initialize            text23       001FC2
__end_of_ECU_Segment_write                 text22       001E60
__end_of_I2C_DefaultInterruptHandler       text40       002276
__end_of_I2C_Initialize                    text7        0021E6
__end_of_I2C_Isr                           text34       0019C0
__end_of_I2C_Open                          text11       001F20
__end_of_I2C_SlaveAddrCallBack             text47       002112
__end_of_I2C_SlaveClearIrq                 text46       002282
__end_of_I2C_SlaveDefAddrInterruptHandler  text48       002270
__end_of_I2C_SlaveDefRdInterruptHandler    text41       002268
__end_of_I2C_SlaveDefWrInterruptHandler    text36       002258
__end_of_I2C_SlaveEnableIrq                text21       00227A
__end_of_I2C_SlaveGetRxData                text49       002286
__end_of_I2C_SlaveIsAddr                   text45       0021C6
__end_of_I2C_SlaveIsRead                   text44       0021B2
__end_of_I2C_SlaveIsRxBufFull              text43       00219E
__end_of_I2C_SlaveIsTxBufEmpty             text42       00218A
__end_of_I2C_SlaveOpen                     text20       002176
__end_of_I2C_SlaveRdCallBack               text39       0020E6
__end_of_I2C_SlaveReleaseClock             text38       00227E
__end_of_I2C_SlaveSendTxData               text37       002260
__end_of_I2C_SlaveSetAddrIntHandler        text19       002230
__end_of_I2C_SlaveSetBusColIntHandler      text18       002226
__end_of_I2C_SlaveSetIsrHandler            text17       00221C
__end_of_I2C_SlaveSetReadIntHandler        text16       002212
__end_of_I2C_SlaveSetSlaveAddr             text15       002250
__end_of_I2C_SlaveSetSlaveMask             text14       002248
__end_of_I2C_SlaveSetWrColIntHandler       text13       002208
__end_of_I2C_SlaveSetWriteIntHandler       text12       0021FE
__end_of_I2C_SlaveWrCallBack               text35       0020BA
__end_of_INTERRUPT_Initialize              text6        002240
__end_of_INTERRUPT_InterruptManagerHigh    intcode      000076
__end_of_LED_init                          text10       001DF4
__end_of_LED_turnOFF                       text9        001C9A
__end_of_LED_turnON                        text8        001BEA
__end_of_OSCILLATOR_Initialize             text5        002238
__end_of_PIN_MANAGER_Initialize            text4        00215A
__end_of_SYSTEM_Initialize                 text3        0021D8
__end_of___awdiv                           text2        001A84
__end_of___awmod                           text1        001D48
__end_of__initialization                   cinit        001EB8
__end_of_gpio_pin_direction_initialize     text32       0012A2
__end_of_gpio_pin_initialize               text27       001F76
__end_of_gpio_pin_read_logic               text30       0018C4
__end_of_gpio_pin_write_logic              text28       001538
__end_of_main                              text0        00173C
__initialization                           cinit        001E60
__mediumconst                              mediumconst  000000
__pbssBANK0                                bssBANK0     000060
__pbssCOMRAM                               bssCOMRAM    000001
__pcinit                                   cinit        001E60
__pcstackBANK0                             cstackBANK0  0000C3
__pcstackCOMRAM                            cstackCOMRAM 00004E
__pdataBANK0                               dataBANK0    000097
__pdataCOMRAM                              dataCOMRAM   000041
__pidataBANK0                              idataBANK0   002062
__pidataCOMRAM                             idataCOMRAM  0021E6
__pintcode                                 intcode      000008
__psmallconst                              smallconst   001000
__ptext0                                   text0        001538
__ptext1                                   text1        001C9A
__ptext10                                  text10       001D48
__ptext11                                  text11       001EC2
__ptext12                                  text12       0021F4
__ptext13                                  text13       0021FE
__ptext14                                  text14       002240
__ptext15                                  text15       002248
__ptext16                                  text16       002208
__ptext17                                  text17       002212
__ptext18                                  text18       00221C
__ptext19                                  text19       002226
__ptext2                                   text2        0019C0
__ptext20                                  text20       00215A
__ptext21                                  text21       002276
__ptext22                                  text22       001DF4
__ptext23                                  text23       001F76
__ptext24                                  text24       001FC2
__ptext25                                  text25       001FF8
__ptext26                                  text26       00202E
__ptext27                                  text27       001F20
__ptext28                                  text28       0012A2
__ptext29                                  text29       001A84
__ptext3                                   text3        0021C6
__ptext30                                  text30       00173C
__ptext31                                  text31       002112
__ptext32                                  text32       001006
__ptext34                                  text34       0018C4
__ptext35                                  text35       00208E
__ptext36                                  text36       002250
__ptext37                                  text37       002258
__ptext38                                  text38       00227A
__ptext39                                  text39       0020BA
__ptext4                                   text4        002138
__ptext40                                  text40       002270
__ptext41                                  text41       002260
__ptext42                                  text42       002176
__ptext43                                  text43       00218A
__ptext44                                  text44       00219E
__ptext45                                  text45       0021B2
__ptext46                                  text46       00227E
__ptext47                                  text47       0020E6
__ptext48                                  text48       002268
__ptext49                                  text49       002282
__ptext5                                   text5        002230
__ptext6                                   text6        002238
__ptext7                                   text7        0021D8
__ptext8                                   text8        001B3A
__ptext9                                   text9        001BEA
__ramtop                                   ramtop       001000
__smallconst                               smallconst   001000
_btn_value                                 dataBANK0    000097
_gpio_pin_direction_initialize             text32       001006
_gpio_pin_initialize                       text27       001F20
_gpio_pin_read_logic                       text30       00173C
_gpio_pin_write_logic                      text28       0012A2
_i2cRdData                                 bssCOMRAM    00002D
_i2cSlaveAddr                              bssCOMRAM    00002C
_i2cSlaveState                             bssCOMRAM    00002B
_i2cWrData                                 bssCOMRAM    00002E
_lat_registers                             dataBANK0    0000AC
_main                                      text0        001538
_outDoor_Status                            bssCOMRAM    00003E
_pinRC6                                    bssCOMRAM    000040
_pinRC7                                    bssCOMRAM    00003F
_port_registers                            dataBANK0    0000A7
_ret                                       bssCOMRAM    000029
_ret@ecu_servoMotor$F733                   bssCOMRAM    000035
_timer0_preload                            bssCOMRAM    000011
_timer1_obj                                bssBANK0     000091
_timer1_preload                            bssCOMRAM    00000F
_timer2_preload                            bssCOMRAM    00002F
_timer3_preload                            bssCOMRAM    00000D
_tris_registers                            dataBANK0    0000B1
btemp                                      temp         00005A
end_of_initialization                      cinit        001EB8
gpio_pin_direction_initialize@pinConfig    cstackCOMRAM 000053
gpio_pin_direction_initialize@rt           cstackCOMRAM 000056
gpio_pin_initialize@pinConfig              cstackCOMRAM 000058
gpio_pin_initialize@rt                     cstackBANK0  0000C3
gpio_pin_read_logic@logic                  cstackCOMRAM 000054
gpio_pin_read_logic@pinConfig              cstackCOMRAM 000053
gpio_pin_read_logic@rt                     cstackCOMRAM 000057
gpio_pin_write_logic@logic                 cstackCOMRAM 000054
gpio_pin_write_logic@pinConfig             cstackCOMRAM 000053
gpio_pin_write_logic@rt                    cstackCOMRAM 000057
int$flags                                  temp         00005A
intlevel0                                  text         000000
intlevel1                                  text         000000
intlevel2                                  text         000000
intlevel3                                  text         000000
isa$std                                    (abs)        000001
isa$xinst                                  (abs)        000000
stackhi                                    (abs)        000000
stacklo                                    (abs)        000000
start                                      init         000076
start_initialization                       cinit        001E60
ttemp5                                     temp         00005B
ttemp6                                     temp         00005E
ttemp7                                     temp         000062
wtemp8                                     temp         00005B


MODULE INFORMATION

Module		Function		Class		Link	Load	Size
MCAL_layer/GPIO/hal_gpio.c
		_gpio_pin_write_logic		CODE           	12A2	0000	662
		_gpio_pin_read_logic		CODE           	173C	0000	392
		_gpio_pin_direction_initialize		CODE           	1006	0000	668
		_gpio_pin_initialize		CODE           	1F20	0000	86

MCAL_layer/GPIO/hal_gpio.c estimated size: 1808

mcc_generated_files/i2c_slave.c
		_I2C_SlaveDefRdInterruptHandler		CODE           	2260	0000	8
		_I2C_SlaveDefWrInterruptHandler		CODE           	2250	0000	8
		_I2C_SlaveSetWrColIntHandler		CODE           	21FE	0000	10
		_I2C_SlaveSetWriteIntHandler		CODE           	21F4	0000	10
		_I2C_SlaveOpen 		CODE           	215A	0000	28
		_I2C_SlaveSetSlaveAddr		CODE           	2248	0000	8
		_I2C_SlaveIsRxBufFull		CODE           	218A	0000	20
		_I2C_SlaveClearIrq		CODE           	227E	0000	4
		_I2C_SlaveGetRxData		CODE           	2282	0000	4
		_I2C_SlaveSetSlaveMask		CODE           	2240	0000	8
		_I2C_Isr       		CODE           	18C4	0000	252
		_I2C_SlaveDefAddrInterruptHandler		CODE           	2268	0000	8
		_I2C_Open      		CODE           	1EC2	0000	94
		_I2C_SlaveIsRead		CODE           	219E	0000	20
		_I2C_SlaveSetIsrHandler		CODE           	2212	0000	10
		_I2C_SlaveIsAddr		CODE           	21B2	0000	20
		_I2C_SlaveSetBusColIntHandler		CODE           	221C	0000	10
		_I2C_SlaveEnableIrq		CODE           	2276	0000	4
		_I2C_SlaveSendTxData		CODE           	2258	0000	8
		_I2C_SlaveRdCallBack		CODE           	20BA	0000	44
		_I2C_SlaveWrCallBack		CODE           	208E	0000	44
		_I2C_SlaveSetReadIntHandler		CODE           	2208	0000	10
		_I2C_SlaveAddrCallBack		CODE           	20E6	0000	44
		_I2C_Initialize		CODE           	21D8	0000	14
		_I2C_SlaveIsTxBufEmpty		CODE           	2176	0000	20
		_I2C_SlaveSetAddrIntHandler		CODE           	2226	0000	10
		_I2C_SlaveReleaseClock		CODE           	227A	0000	4

mcc_generated_files/i2c_slave.c estimated size: 724

mcc_generated_files/interrupt_manager.c
		_INTERRUPT_Initialize		CODE           	2238	0000	8
		_INTERRUPT_InterruptManagerHigh		CODE           	0008	0000	110

mcc_generated_files/interrupt_manager.c estimated size: 118

ECU_layer/Push_button/push_button.c
		_ECU_Button_Read		CODE           	1A84	0000	182
		_ECU_Button_Intalize		CODE           	2112	0000	38

ECU_layer/Push_button/push_button.c estimated size: 220

mcc_generated_files/pin_manager.c
		_PIN_MANAGER_Initialize		CODE           	2138	0000	34

mcc_generated_files/pin_manager.c estimated size: 34

C:\Program Files\Microchip\xc8\v2.50\pic\sources\c99\common\awmod.c
		___awmod       		CODE           	1C9A	0000	174

C:\Program Files\Microchip\xc8\v2.50\pic\sources\c99\common\awmod.c estimated size: 174

ECU_layer/DC_Motor/DC_Motor.c
		_ECU_DC_Motor_stop		CODE           	1FC2	0000	54
		_ECU_DC_Motor_move_right		CODE           	1FF8	0000	54
		_ECU_DC_Motor_initialize		CODE           	202E	0000	52

ECU_layer/DC_Motor/DC_Motor.c estimated size: 160

shared
		__initialization		CODE           	1E60	0000	88

shared estimated size: 88

ECU_layer/LED/ecu_led.c
		_LED_turnON    		CODE           	1B3A	0000	176
		_LED_turnOFF   		CODE           	1BEA	0000	176
		_LED_init      		CODE           	1D48	0000	172

ECU_layer/LED/ecu_led.c estimated size: 524

mcc_generated_files/mcc.c
		_OSCILLATOR_Initialize		CODE           	2230	0000	8
		_SYSTEM_Initialize		CODE           	21C6	0000	18

mcc_generated_files/mcc.c estimated size: 26

C:\Program Files\Microchip\xc8\v2.50\pic\sources\c99\common\awdiv.c
		___awdiv       		CODE           	19C0	0000	196

C:\Program Files\Microchip\xc8\v2.50\pic\sources\c99\common\awdiv.c estimated size: 196

ECU_layer/Seven_Segment_Display/Seg.c
		_ECU_Segment_write		CODE           	1DF4	0000	108
		_ECU_Segment_initialize		CODE           	1F76	0000	76

ECU_layer/Seven_Segment_Display/Seg.c estimated size: 184

main.c
		_main          		CODE           	1538	0000	516
		_I2C_DefaultInterruptHandler		CODE           	2270	0000	6

main.c estimated size: 522

