Microchip MPLAB XC8 Compiler V2.50

Linker command line:

-W-3 \
  --edf=C:\Program Files\Microchip\xc8\v2.50\pic\dat\20240725155939_en.msgs \
  -cn -h+dist/default/production\SmartHome_Slave2.X.production.sym \
  --cmf=dist/default/production\SmartHome_Slave2.X.production.cmf -z \
  -Q18F46K20 -oC:\Users\hp\AppData\Local\Temp\xcAskn8.\driver_tmp_3.o \
  --defsym=__MPLAB_BUILD=1 --fixupoverflow=error \
  -Mdist/default/production/SmartHome_Slave2.X.production.map \
  --md=C:\Users\hp\AppData\Local\Temp\xcAskn8.\driver_tmp_0.dat -E1 \
  -ver=XC8 Compiler --acfsm=1493 -ACODE=00h-0FFFFh -ACONST=00h-0FFFFh \
  -ASMALLCONST=01000h-010FFhx240 -AMEDIUMCONST=01000h-0FFFFh \
  -ACOMRAM=01h-05Fh -AABS1=00h-0F5Fh -ABIGRAM=01h-0F5Fh \
  -ARAM=060h-0FFh,0100h-01FFhx14,0F00h-0F5Fh -ABANK0=060h-0FFh \
  -ABANK1=0100h-01FFh -ABANK2=0200h-02FFh -ABANK3=0300h-03FFh \
  -ABANK4=0400h-04FFh -ABANK5=0500h-05FFh -ABANK6=0600h-06FFh \
  -ABANK7=0700h-07FFh -ABANK8=0800h-08FFh -ABANK9=0900h-09FFh \
  -ABANK10=0A00h-0AFFh -ABANK11=0B00h-0BFFh -ABANK12=0C00h-0CFFh \
  -ABANK13=0D00h-0DFFh -ABANK14=0E00h-0EFFh -ABANK15=0F00h-0F5Fh \
  -ASFR=0F60h-0FFFh -ABIGSFR=0F60h-0FFFh -ACONFIG=0300000h-030000Dh \
  -AIDLOC=0200000h-0200007h -AEEDATA=0F00000h-0F003FFh -peeprom_data=EEDATA \
  -preset_vec=00h,intcode=8h,intcodelo,powerup,init -pramtop=01000h \
  -psmallconst=SMALLCONST -pmediumconst=MEDIUMCONST -pconst=CONST \
  -AFARRAM=00h-00h \
  -prdata=COMRAM,nvrram=COMRAM,nvbit=COMRAM,rbss=COMRAM,rbit=COMRAM \
  -pfarbss=FARRAM,fardata=FARRAM,nvFARRAM=FARRAM \
  -pintsave_regs=BIGRAM,bigbss=BIGRAM,bigdata=BIGRAM -pbss=RAM \
  -pidata=CODE,irdata=CODE,ibigdata=CODE,ifardata=CODE -prparam=COMRAM \
  C:\Users\hp\AppData\Local\Temp\xcAskn8.\driver_tmp_9.o \
  dist/default/production\SmartHome_Slave2.X.production.o 

Object code version is 3.11

Machine type is 18F46K20



                Name                               Link     Load   Length Selector   Space Scale
C:\Users\hp\AppData\Local\Temp\xcAskn8.\driver_tmp_9.o
                config                           300000   300000        E        0       4
                init                                 76       76        4        4       0
                reset_vec                             0        0        4        0       0
dist/default/production\SmartHome_Slave2.X.production.o
                intcode                               8        8       6E        4       0
                config                           300000   300000        E        0       4
                temp                                 5A       5A        1        1       1
                smallconst                         1000     1000       2A      800       0
                text54                             24D4     24D4        4     1241       0
                text53                             24BA     24BA        8     1241       0
                text52                             2362     2362       2C     116E       0
                text51                             24D0     24D0        4     1241       0
                text50                             2408     2408       14     116E       0
                text49                             23F4     23F4       14     116E       0
                text48                             23E0     23E0       14     116E       0
                text47                             23CC     23CC       14     116E       0
                text46                             24B2     24B2        8     1241       0
                text45                             24C2     24C2        6     1241       0
                text44                             2336     2336       2C     116E       0
                text43                             24CC     24CC        4     1241       0
                text42                             24AA     24AA        8     1241       0
                text41                             24A2     24A2        8     1241       0
                text40                             230A     230A       2C     116E       0
                text39                             1928     1928       FC      815       0
                text37                             102A     102A      29C      815       0
                text36                             12C6     12C6      296      815       0
                text35                             2172     2172       52      815       0
                text34                             22DC     22DC       2E     116E       0
                text33                             2276     2276       36      815       0
                text32                             2204     2204       3C      815       0
                text31                             1ECE     1ECE       6C      815       0
                text30                             2118     2118       5A      815       0
                text29                             1A24     1A24       E8      815       0
                text28                             20BE     20BE       5A      815       0
                text27                             1DCA     1DCA       94      815       0
                text26                             21C4     21C4       40      815       0
                text25                             24C8     24C8        4     1241       0
                text24                             23B0     23B0       1C     116E       0
                text23                             246E     246E        A     116E       0
                text22                             2464     2464        A     116E       0
                text21                             245A     245A        A     116E       0
                text20                             2450     2450        A     116E       0
                text19                             249A     249A        8     1241       0
                text18                             2492     2492        8     1241       0
                text17                             2446     2446        A     116E       0
                text16                             243C     243C        A     116E       0
                text15                             2060     2060       5E      815       0
                text14                             1D24     1D24       A6      815       0
                text13                             242E     242E        E     116E       0
                text12                             248A     248A        8     1241       0
                text11                             2482     2482        8     1241       0
                text10                             238E     238E       22     116E       0
                text9                              241C     241C       12     116E       0
                text8                              2240     2240       36      815       0
                text7                              1E5E     1E5E       70      815       0
                text6                              1C7A     1C7A       AA      815       0
                text5                              1BD0     1BD0       AA      815       0
                text4                              1F3A     1F3A       64      815       0
                text3                              2000     2000       60      815       0
                text2                              17A0     17A0      188      815       0
                text1                              1B0C     1B0C       C4      815       0
                text0                              155C     155C      244      815       0
                cstackCOMRAM                         39       39       18        1       1
                cstackBANK0                          D7       D7        5       60       1
                dataBANK0                            A8       A8       2F       60       1
                bssBANK0                             60       60       48       60       1
                dataCOMRAM                           51       51        9        1       1
                bssCOMRAM                             1        1       38        1       1
                cinit                              1F9E     1F9E       62      815       0
                idataBANK0                         22AC     22AC       2F      815       0
                idataCOMRAM                        2478     2478        9     116E       0

TOTAL           Name                               Link     Load   Length     Space
        CLASS   CODE           
                intcode                               8        8       6E         0
                init                                 76       76        4         0
                reset_vec                             0        0        4         0
                text54                             24D4     24D4        4         0
                text53                             24BA     24BA        8         0
                text52                             2362     2362       2C         0
                text51                             24D0     24D0        4         0
                text50                             2408     2408       14         0
                text49                             23F4     23F4       14         0
                text48                             23E0     23E0       14         0
                text47                             23CC     23CC       14         0
                text46                             24B2     24B2        8         0
                text45                             24C2     24C2        6         0
                text44                             2336     2336       2C         0
                text43                             24CC     24CC        4         0
                text42                             24AA     24AA        8         0
                text41                             24A2     24A2        8         0
                text40                             230A     230A       2C         0
                text39                             1928     1928       FC         0
                text37                             102A     102A      29C         0
                text36                             12C6     12C6      296         0
                text35                             2172     2172       52         0
                text34                             22DC     22DC       2E         0
                text33                             2276     2276       36         0
                text32                             2204     2204       3C         0
                text31                             1ECE     1ECE       6C         0
                text30                             2118     2118       5A         0
                text29                             1A24     1A24       E8         0
                text28                             20BE     20BE       5A         0
                text27                             1DCA     1DCA       94         0
                text26                             21C4     21C4       40         0
                text25                             24C8     24C8        4         0
                text24                             23B0     23B0       1C         0
                text23                             246E     246E        A         0
                text22                             2464     2464        A         0
                text21                             245A     245A        A         0
                text20                             2450     2450        A         0
                text19                             249A     249A        8         0
                text18                             2492     2492        8         0
                text17                             2446     2446        A         0
                text16                             243C     243C        A         0
                text15                             2060     2060       5E         0
                text14                             1D24     1D24       A6         0
                text13                             242E     242E        E         0
                text12                             248A     248A        8         0
                text11                             2482     2482        8         0
                text10                             238E     238E       22         0
                text9                              241C     241C       12         0
                text8                              2240     2240       36         0
                text7                              1E5E     1E5E       70         0
                text6                              1C7A     1C7A       AA         0
                text5                              1BD0     1BD0       AA         0
                text4                              1F3A     1F3A       64         0
                text3                              2000     2000       60         0
                text2                              17A0     17A0      188         0
                text1                              1B0C     1B0C       C4         0
                text0                              155C     155C      244         0
                cinit                              1F9E     1F9E       62         0
                idataBANK0                         22AC     22AC       2F         0
                idataCOMRAM                        2478     2478        9         0

        CLASS   CONST          

        CLASS   SMALLCONST     
                smallconst                         1000     1000       2A         0

        CLASS   MEDIUMCONST    

        CLASS   COMRAM         
                temp                                 5A       5A        1         1
                cstackCOMRAM                         39       39       18         1
                dataCOMRAM                           51       51        9         1
                bssCOMRAM                             1        1       38         1

        CLASS   ABS1           

        CLASS   BIGRAM         

        CLASS   RAM            

        CLASS   BANK0          
                cstackBANK0                          D7       D7        5         1
                dataBANK0                            A8       A8       2F         1
                bssBANK0                             60       60       48         1

        CLASS   BANK1          

        CLASS   BANK2          

        CLASS   BANK3          

        CLASS   BANK4          

        CLASS   BANK5          

        CLASS   BANK6          

        CLASS   BANK7          

        CLASS   BANK8          

        CLASS   BANK9          

        CLASS   BANK10         

        CLASS   BANK11         

        CLASS   BANK12         

        CLASS   BANK13         

        CLASS   BANK14         

        CLASS   BANK15         

        CLASS   SFR            

        CLASS   BIGSFR         

        CLASS   CONFIG         
                config                           300000   300000        E         4

        CLASS   IDLOC          

        CLASS   EEDATA         

        CLASS   FARRAM         

        CLASS   HEAP           

        CLASS   STACK          



SEGMENTS        Name                           Load    Length   Top    Selector   Space  Class

                reset_vec                      000000  000004  000004         0       0  CODE    
                bssCOMRAM                      000001  00005A  00005B         1       1  COMRAM  
                intcode                        000008  000072  00007A         4       0  CODE    
                bssBANK0                       000060  00007C  0000DC        60       1  BANK0   
                smallconst                     001000  00002A  00102A       800       0  SMALLCON
                text37                         00102A  0012B1  0022DB       815       0  CODE    
                text34                         0022DC  0001A5  002481      116E       0  CODE    
                text11                         002482  000056  0024D8      1241       0  CODE    


UNUSED ADDRESS RANGES

        Name                Unused          Largest block    Delta
        BANK0            0000DC-0000FF               24
        BANK1            000100-0001FF              100
        BANK10           000A00-000AFF              100
        BANK11           000B00-000BFF              100
        BANK12           000C00-000CFF              100
        BANK13           000D00-000DFF              100
        BANK14           000E00-000EFF              100
        BANK15           000F00-000F5F               60
        BANK2            000200-0002FF              100
        BANK3            000300-0003FF              100
        BANK4            000400-0004FF              100
        BANK5            000500-0005FF              100
        BANK6            000600-0006FF              100
        BANK7            000700-0007FF              100
        BANK8            000800-0008FF              100
        BANK9            000900-0009FF              100
        BIGRAM           00005B-00005F                5
                         0000DC-000F5F              E84
        BIGSFR           000F60-000FFF               A0
        CODE             000004-000007                4
                         00007A-000FFF              F86
                         0022DB-0022DB                1
                         002481-002481                1
                         0024D8-00FFFF             DB28
        COMRAM           00005B-00005F                5
        CONST            000004-000007                4
                         00007A-000FFF              F86
                         0022DB-0022DB                1
                         002481-002481                1
                         0024D8-00FFFF             DB28
        EEDATA           F00000-F003FF              400
        IDLOC            200000-200007                8
        MEDIUMCONST      0022DB-0022DB                1
                         002481-002481                1
                         0024D8-00FFFF             DB28
        RAM              0000DC-000F5F              100
        SFR              000F60-000FFF               A0
        SMALLCONST       0022DB-0022DB                1
                         002481-002481                1
                         0024D8-00FFFF              100

                                  Symbol Table

ECU_DC_Motor_initialize@_dc_motor                cstackCOMRAM 000046
ECU_DC_Motor_initialize@rt                       cstackCOMRAM 000047
ECU_DC_Motor_move_right@_dc_motor                cstackCOMRAM 000043
ECU_DC_Motor_move_right@rt                       cstackCOMRAM 000044
ECU_DC_Motor_stop@_dc_motor                      cstackCOMRAM 000043
ECU_DC_Motor_stop@rt                             cstackCOMRAM 000044
ECU_LCD_4Bit_Initialize@LCD_Counter              cstackCOMRAM 00004B
ECU_LCD_4Bit_Initialize@_LCD                     cstackCOMRAM 000049
ECU_LCD_4Bit_Initialize@rt                       cstackCOMRAM 00004C
ECU_LCD_4Bit_Send_Command@_Command               cstackCOMRAM 000047
ECU_LCD_4Bit_Send_Command@_LCD                   cstackCOMRAM 000046
ECU_LCD_4Bit_Send_Command@rt                     cstackCOMRAM 000048
ECU_LCD_4Bit_Send_String_Data_Postition@_Coloumn cstackCOMRAM 00004F
ECU_LCD_4Bit_Send_String_Data_Postition@_LCD     cstackCOMRAM 00004D
ECU_LCD_4Bit_Send_String_Data_Postition@_Row     cstackCOMRAM 00004E
ECU_LCD_4Bit_Send_String_Data_Postition@_Str     cstackCOMRAM 000050
ECU_LCD_4Bit_Send_String_Data_Postition@rt       cstackBANK0  0000D7
ECU_LCD_4Bit_Send_char_Data@_Data                cstackCOMRAM 000047
ECU_LCD_4Bit_Send_char_Data@_LCD                 cstackCOMRAM 000046
ECU_LCD_4Bit_Send_char_Data@rt                   cstackCOMRAM 000048
ECU_LCD_4Bit_Send_char_Data_Position@_Coloumn    cstackCOMRAM 00004F
ECU_LCD_4Bit_Send_char_Data_Position@_Data       cstackCOMRAM 000050
ECU_LCD_4Bit_Send_char_Data_Position@_LCD        cstackCOMRAM 00004D
ECU_LCD_4Bit_Send_char_Data_Position@_Row        cstackCOMRAM 00004E
ECU_LCD_4Bit_Send_char_Data_Position@rt          cstackBANK0  0000D7
ECU_Relay_Initialize@F3462                       bssCOMRAM    000024
ECU_Relay_toggle@F3477                           bssCOMRAM    000021
ECU_Relay_turnOFF@F3472                          bssCOMRAM    000022
ECU_Relay_turnON@F3467                           bssCOMRAM    000023
I2C_SlaveSendTxData@data                         cstackCOMRAM 000039
I2C_SlaveSetAddrIntHandler@handler               cstackCOMRAM 00003E
I2C_SlaveSetBusColIntHandler@handler             cstackCOMRAM 00003E
I2C_SlaveSetIsrHandler@handler                   cstackCOMRAM 00003E
I2C_SlaveSetReadIntHandler@handler               cstackCOMRAM 00003E
I2C_SlaveSetSlaveAddr@slaveAddr                  cstackCOMRAM 00003E
I2C_SlaveSetSlaveMask@maskAddr                   cstackCOMRAM 00003E
I2C_SlaveSetWrColIntHandler@handler              cstackCOMRAM 00003E
I2C_SlaveSetWriteIntHandler@handler              cstackCOMRAM 00003E
LCD_4Bits_Send_Enable_Signal@_LCD                cstackCOMRAM 000043
LCD_4Bits_Send_Enable_Signal@rt                  cstackCOMRAM 000044
LCD_4Bits_Set_Curser@_LCD                        cstackCOMRAM 000049
LCD_4Bits_Set_Curser@coloumn                     cstackCOMRAM 00004B
LCD_4Bits_Set_Curser@row                         cstackCOMRAM 00004A
LCD_4Bits_Set_Curser@rt                          cstackCOMRAM 00004C
LCD_Send_4Bits@_Data                             cstackCOMRAM 000044
LCD_Send_4Bits@_LCD                              cstackCOMRAM 000043
LCD_Send_4Bits@rt                                cstackCOMRAM 000045
LED_init@F3461                                   bssCOMRAM    000028
LED_init@LED                                     cstackCOMRAM 000045
LED_init@led_config                              cstackCOMRAM 000042
LED_init@rt                                      cstackCOMRAM 000044
LED_toggle@F3476                                 bssCOMRAM    000025
LED_turnOFF@F3471                                bssCOMRAM    000026
LED_turnOFF@LED                                  cstackCOMRAM 000046
LED_turnOFF@led_config                           cstackCOMRAM 000043
LED_turnOFF@rt                                   cstackCOMRAM 000045
LED_turnON@F3466                                 bssCOMRAM    000027
LED_turnON@LED                                   cstackCOMRAM 000046
LED_turnON@led_config                            cstackCOMRAM 000043
LED_turnON@rt                                    cstackCOMRAM 000045
_ADCON0bits                                      (abs)        000FC2
_ADCON1bits                                      (abs)        000FC1
_ADCON2bits                                      (abs)        000FC0
_ADC_InterruptHandler                            bssCOMRAM    000011
_ADRESH                                          (abs)        000FC4
_ADRESL                                          (abs)        000FC3
_ANSEL                                           (abs)        000F7E
_ANSELH                                          (abs)        000F7F
_BAUDCONbits                                     (abs)        000FB8
_CCP1CONbits                                     (abs)        000FBD
_CCP1_DefaultISR                                 (abs)        000000
_CCP1_InterrptHandle                             bssCOMRAM    00000F
_CCP1_flag                                       bssCOMRAM    00001F
_CCP1_obj                                        bssBANK0     000097
_CCP2CONbits                                     (abs)        000FBA
_CCP2_InterrptHandle                             bssCOMRAM    00000D
_CCPR1H                                          (abs)        000FBF
_CCPR1L                                          (abs)        000FBE
_CCPR2H                                          (abs)        000FBC
_CCPR2L                                          (abs)        000FBB
_Dc_Motor_Gate                                   dataCOMRAM   000055
_ECU_DC_Motor_initialize                         text34       0022DC
_ECU_DC_Motor_move_right                         text33       002276
_ECU_DC_Motor_stop                               text8        002240
_ECU_LCD_4Bit_Initialize                         text29       001A24
_ECU_LCD_4Bit_Send_Command                       text30       002118
_ECU_LCD_4Bit_Send_String_Data_Postition         text7        001E5E
_ECU_LCD_4Bit_Send_char_Data                     text28       0020BE
_ECU_LCD_4Bit_Send_char_Data_Position            text26       0021C4
_EEADR                                           (abs)        000FA9
_EEADRH                                          (abs)        000FAA
_EECON1bits                                      (abs)        000FA6
_EECON2                                          (abs)        000FA7
_EEDATA                                          (abs)        000FA8
_GREEN_LED                                       dataCOMRAM   000058
_I2C_DefaultInterruptHandler                     text45       0024C2
_I2C_DefaultInterruptHandler@hal_i2c$F2517       bssCOMRAM    00000B
_I2C_Initialize                                  text13       00242E
_I2C_Isr                                         text39       001928
_I2C_Open                                        text15       002060
_I2C_Report_Receive_OverFlow                     bssBANK0     000095
_I2C_Report_Write_Collision                      bssCOMRAM    000009
_I2C_SlaveAddrCallBack                           text52       002362
_I2C_SlaveAddrInterruptHandler                   bssCOMRAM    000017
_I2C_SlaveBusColInterruptHandler                 bssCOMRAM    000015
_I2C_SlaveClearIrq                               text51       0024D0
_I2C_SlaveDefAddrInterruptHandler                text53       0024BA
_I2C_SlaveDefBusColInterruptHandler              (abs)        000000
_I2C_SlaveDefRdInterruptHandler                  text46       0024B2
_I2C_SlaveDefWrColInterruptHandler               (abs)        000000
_I2C_SlaveDefWrInterruptHandler                  text41       0024A2
_I2C_SlaveEnableIrq                              text25       0024C8
_I2C_SlaveGetRxData                              text54       0024D4
_I2C_SlaveIsAddr                                 text50       002408
_I2C_SlaveIsRead                                 text49       0023F4
_I2C_SlaveIsRxBufFull                            text48       0023E0
_I2C_SlaveIsTxBufEmpty                           text47       0023CC
_I2C_SlaveOpen                                   text24       0023B0
_I2C_SlaveRdCallBack                             text44       002336
_I2C_SlaveRdInterruptHandler                     bssCOMRAM    00001B
_I2C_SlaveReleaseClock                           text43       0024CC
_I2C_SlaveSendTxData                             text42       0024AA
_I2C_SlaveSetAddrIntHandler                      text23       00246E
_I2C_SlaveSetBusColIntHandler                    text22       002464
_I2C_SlaveSetIsrHandler                          text21       00245A
_I2C_SlaveSetReadIntHandler                      text20       002450
_I2C_SlaveSetSlaveAddr                           text19       00249A
_I2C_SlaveSetSlaveMask                           text18       002492
_I2C_SlaveSetWrColIntHandler                     text17       002446
_I2C_SlaveSetWriteIntHandler                     text16       00243C
_I2C_SlaveWrCallBack                             text40       00230A
_I2C_SlaveWrColInterruptHandler                  bssCOMRAM    000013
_I2C_SlaveWrInterruptHandler                     bssCOMRAM    000019
_INTCON2bits                                     (abs)        000FF1
_INTCON3bits                                     (abs)        000FF0
_INTCONbits                                      (abs)        000FF2
_INTERRUPT_Initialize                            text12       00248A
_INTERRUPT_InterruptManagerHigh                  intcode      000008
_IPR1bits                                        (abs)        000F9F
_IPR2bits                                        (abs)        000FA2
_InDoor_E                                        dataCOMRAM   000057
_Interrupt_INT0_Handler                          bssBANK0     000093
_Interrupt_INT1_Handler                          bssBANK0     000091
_Interrupt_INT2_Handler                          bssBANK0     00008F
_Interrupt_RB4_Handler_HIGH                      bssBANK0     00008D
_Interrupt_RB4_Handler_LOW                       bssBANK0     00008B
_Interrupt_RB5_Handler_HIGH                      bssBANK0     000089
_Interrupt_RB5_Handler_LOW                       bssBANK0     000087
_Interrupt_RB6_Handler_HIGH                      bssBANK0     000085
_Interrupt_RB6_Handler_LOW                       bssBANK0     000083
_Interrupt_RB7_Handler_HIGH                      bssBANK0     000081
_Interrupt_RB7_Handler_LOW                       bssBANK0     00007F
_LATA                                            (abs)        000F89
_LATB                                            (abs)        000F8A
_LATC                                            (abs)        000F8B
_LATD                                            (abs)        000F8C
_LATE                                            (abs)        000F8D
_LCD_1                                           dataBANK0    0000D1
_LCD_4Bits_Send_Enable_Signal                    text32       002204
_LCD_4Bits_Set_Curser                            text27       001DCA
_LCD_Send_4Bits                                  text31       001ECE
_LCD_curser                                      bssCOMRAM    000033
_LDR_Get_Data                                    bssCOMRAM    000035
_LED_init                                        text14       001D24
_LED_turnOFF                                     text6        001C7A
_LED_turnON                                      text5        001BD0
_MSSP_InterruptHandler                           bssCOMRAM    00001D
_NumberPressed                                   bssCOMRAM    000038
_OSCCON                                          (abs)        000FD3
_OSCILLATOR_Initialize                           text11       002482
_OSCTUNE                                         (abs)        000F9B
_PIE1bits                                        (abs)        000F9D
_PIE2bits                                        (abs)        000FA0
_PIN_MANAGER_Initialize                          text10       00238E
_PIR1bits                                        (abs)        000F9E
_PIR2bits                                        (abs)        000FA1
_PORTA                                           (abs)        000F80
_PORTB                                           (abs)        000F81
_PORTC                                           (abs)        000F82
_PORTD                                           (abs)        000F83
_PORTE                                           (abs)        000F84
_PWM_Val                                         bssCOMRAM    000001
_RB4_Flag                                        dataCOMRAM   000054
_RB5_Flag                                        dataCOMRAM   000053
_RB6_Flag                                        dataCOMRAM   000052
_RB7_Flag                                        dataCOMRAM   000051
_RCONbits                                        (abs)        000FD0
_RCREG                                           (abs)        000FAE
_RCSTAbits                                       (abs)        000FAB
_RED_LED                                         dataCOMRAM   000059
_SPBRG                                           (abs)        000FAF
_SPBRGH                                          (abs)        000FB0
_SPI_InterruptHandler                            bssBANK0     00007D
_SPI_SCK                                         bssCOMRAM    00002B
_SPI_SDI                                         bssCOMRAM    00002C
_SPI_SDO                                         bssCOMRAM    00002D
_SPI_SS                                          bssCOMRAM    00002A
_SSPADD                                          (abs)        000FC8
_SSPBUF                                          (abs)        000FC9
_SSPCON1                                         (abs)        000FC6
_SSPCON1bits                                     (abs)        000FC6
_SSPCON2                                         (abs)        000FC5
_SSPCON2bits                                     (abs)        000FC5
_SSPMSK                                          (abs)        000F77
_SSPSTAT                                         (abs)        000FC7
_SSPSTATbits                                     (abs)        000FC7
_SYSTEM_Initialize                               text9        00241C
_T0CONbits                                       (abs)        000FD5
_T1CONbits                                       (abs)        000FCD
_T2CONbits                                       (abs)        000FCA
_T3CONbits                                       (abs)        000FB1
_TMR0H                                           (abs)        000FD7
_TMR0L                                           (abs)        000FD6
_TMR1H                                           (abs)        000FCF
_TMR1L                                           (abs)        000FCE
_TMR2                                            (abs)        000FCC
_TMR3H                                           (abs)        000FB3
_TMR3L                                           (abs)        000FB2
_TRISA                                           (abs)        000F92
_TRISA5                                          (abs)        007C95
_TRISB                                           (abs)        000F93
_TRISC                                           (abs)        000F94
_TRISC3                                          (abs)        007CA3
_TRISC4                                          (abs)        007CA4
_TRISC5                                          (abs)        007CA5
_TRISCbits                                       (abs)        000F94
_TRISD                                           (abs)        000F95
_TRISE                                           (abs)        000F96
_TXREG                                           (abs)        000FAD
_TXSTAbits                                       (abs)        000FAC
_Timer0_InterruptHandler                         bssBANK0     00007B
_Timer1_InterruptHandler                         bssBANK0     000079
_Timer2_InterruptHandler                         bssBANK0     000077
_Timer3_InterruptHandler                         bssBANK0     000075
_USART_FRE_InterruptHandler                      bssBANK0     00006F
_USART_OVRR_InterruptHandler                     bssBANK0     00006D
_USART_RX_InterruptHandler                       bssBANK0     000071
_USART_TX_InterruptHandler                       bssBANK0     000073
_WPUB                                            (abs)        000F7C
_WrongPassword                                   text4        001F3A
__HRAM                                           (abs)        000000
__H__absolute__                                  __absolute__ 000000
__Habs1                                          abs1         000000
__Hbank0                                         bank0        000000
__Hbank1                                         bank1        000000
__Hbank10                                        bank10       000000
__Hbank11                                        bank11       000000
__Hbank12                                        bank12       000000
__Hbank13                                        bank13       000000
__Hbank14                                        bank14       000000
__Hbank15                                        bank15       000000
__Hbank2                                         bank2        000000
__Hbank3                                         bank3        000000
__Hbank4                                         bank4        000000
__Hbank5                                         bank5        000000
__Hbank6                                         bank6        000000
__Hbank7                                         bank7        000000
__Hbank8                                         bank8        000000
__Hbank9                                         bank9        000000
__Hbigbss                                        bigbss       000000
__Hbigdata                                       bigdata      000000
__Hbigram                                        bigram       000000
__Hbigsfr                                        bigsfr       000000
__Hbss                                           bss          000000
__HbssBANK0                                      bssBANK0     000000
__HbssCOMRAM                                     bssCOMRAM    000000
__Hcinit                                         cinit        000000
__Hclrtext                                       clrtext      000000
__Hcomram                                        comram       000000
__Hconfig                                        config       30000E
__Hconst                                         const        000000
__HcstackBANK0                                   cstackBANK0  000000
__HcstackCOMRAM                                  cstackCOMRAM 000000
__Hdata                                          data         000000
__HdataBANK0                                     dataBANK0    000000
__HdataCOMRAM                                    dataCOMRAM   000000
__Heeprom_data                                   eeprom_data  000000
__Hfarbss                                        farbss       000000
__Hfardata                                       fardata      000000
__Hheap                                          heap         000000
__Hibigdata                                      ibigdata     000000
__Hidata                                         idata        000000
__HidataBANK0                                    idataBANK0   000000
__HidataCOMRAM                                   idataCOMRAM  000000
__Hidloc                                         idloc        000000
__Hifardata                                      ifardata     000000
__Hinit                                          init         00007A
__Hintcode                                       intcode      000076
__Hintcode_body                                  intcode_body 000000
__Hintcodelo                                     intcodelo    000076
__Hintentry                                      intentry     000000
__Hintret                                        intret       000000
__Hintsave_regs                                  intsave_regs 000000
__Hirdata                                        irdata       000000
__Hmediumconst                                   mediumconst  000000
__HnvFARRAM                                      nvFARRAM     000000
__Hnvbit                                         nvbit        000000
__Hnvrram                                        nvrram       000000
__Hparam                                         rparam       000000
__Hpowerup                                       powerup      000076
__Hram                                           ram          000000
__Hramtop                                        ramtop       001000
__Hrbit                                          rbit         000000
__Hrbss                                          rbss         000000
__Hrdata                                         rdata        000000
__Hreset_vec                                     reset_vec    000004
__Hrparam                                        rparam       000000
__Hsfr                                           sfr          000000
__Hsivt_hi                                       sivt_hi      000000
__Hsivt_lo                                       sivt_lo      000000
__Hsmallconst                                    smallconst   00102A
__Hspace_0                                       (abs)        0024D8
__Hspace_1                                       (abs)        0000DC
__Hspace_2                                       (abs)        000000
__Hspace_4                                       (abs)        60000E
__Hstack                                         stack        000000
__Hstruct                                        struct       000000
__Htemp                                          temp         00005B
__Htext                                          text         000000
__Htext0                                         text0        000000
__Htext1                                         text1        000000
__Htext10                                        text10       000000
__Htext11                                        text11       000000
__Htext12                                        text12       000000
__Htext13                                        text13       000000
__Htext14                                        text14       000000
__Htext15                                        text15       000000
__Htext16                                        text16       000000
__Htext17                                        text17       000000
__Htext18                                        text18       000000
__Htext19                                        text19       000000
__Htext2                                         text2        000000
__Htext20                                        text20       000000
__Htext21                                        text21       000000
__Htext22                                        text22       000000
__Htext23                                        text23       000000
__Htext24                                        text24       000000
__Htext25                                        text25       000000
__Htext26                                        text26       000000
__Htext27                                        text27       000000
__Htext28                                        text28       000000
__Htext29                                        text29       000000
__Htext3                                         text3        000000
__Htext30                                        text30       000000
__Htext31                                        text31       000000
__Htext32                                        text32       000000
__Htext33                                        text33       000000
__Htext34                                        text34       000000
__Htext35                                        text35       000000
__Htext36                                        text36       000000
__Htext37                                        text37       000000
__Htext39                                        text39       000000
__Htext4                                         text4        000000
__Htext40                                        text40       000000
__Htext41                                        text41       000000
__Htext42                                        text42       000000
__Htext43                                        text43       000000
__Htext44                                        text44       000000
__Htext45                                        text45       000000
__Htext46                                        text46       000000
__Htext47                                        text47       000000
__Htext48                                        text48       000000
__Htext49                                        text49       000000
__Htext5                                         text5        000000
__Htext50                                        text50       000000
__Htext51                                        text51       000000
__Htext52                                        text52       000000
__Htext53                                        text53       000000
__Htext54                                        text54       000000
__Htext6                                         text6        000000
__Htext7                                         text7        000000
__Htext8                                         text8        000000
__Htext9                                         text9        000000
__LRAM                                           (abs)        000001
__L__absolute__                                  __absolute__ 000000
__Labs1                                          abs1         000000
__Lbank0                                         bank0        000000
__Lbank1                                         bank1        000000
__Lbank10                                        bank10       000000
__Lbank11                                        bank11       000000
__Lbank12                                        bank12       000000
__Lbank13                                        bank13       000000
__Lbank14                                        bank14       000000
__Lbank15                                        bank15       000000
__Lbank2                                         bank2        000000
__Lbank3                                         bank3        000000
__Lbank4                                         bank4        000000
__Lbank5                                         bank5        000000
__Lbank6                                         bank6        000000
__Lbank7                                         bank7        000000
__Lbank8                                         bank8        000000
__Lbank9                                         bank9        000000
__Lbigbss                                        bigbss       000000
__Lbigdata                                       bigdata      000000
__Lbigram                                        bigram       000000
__Lbigsfr                                        bigsfr       000000
__Lbss                                           bss          000000
__LbssBANK0                                      bssBANK0     000000
__LbssCOMRAM                                     bssCOMRAM    000000
__Lcinit                                         cinit        000000
__Lclrtext                                       clrtext      000000
__Lcomram                                        comram       000000
__Lconfig                                        config       000000
__Lconst                                         const        000000
__LcstackBANK0                                   cstackBANK0  000000
__LcstackCOMRAM                                  cstackCOMRAM 000000
__Ldata                                          data         000000
__LdataBANK0                                     dataBANK0    000000
__LdataCOMRAM                                    dataCOMRAM   000000
__Leeprom_data                                   eeprom_data  000000
__Lfarbss                                        farbss       000000
__Lfardata                                       fardata      000000
__Lheap                                          heap         000000
__Libigdata                                      ibigdata     000000
__Lidata                                         idata        000000
__LidataBANK0                                    idataBANK0   000000
__LidataCOMRAM                                   idataCOMRAM  000000
__Lidloc                                         idloc        000000
__Lifardata                                      ifardata     000000
__Linit                                          init         000076
__Lintcode                                       intcode      000008
__Lintcode_body                                  intcode_body 000000
__Lintcodelo                                     intcodelo    000076
__Lintentry                                      intentry     000000
__Lintret                                        intret       000000
__Lintsave_regs                                  intsave_regs 000000
__Lirdata                                        irdata       000000
__Lmediumconst                                   mediumconst  000000
__LnvFARRAM                                      nvFARRAM     000000
__Lnvbit                                         nvbit        000000
__Lnvrram                                        nvrram       000000
__Lparam                                         rparam       000000
__Lpowerup                                       powerup      000076
__Lram                                           ram          000000
__Lramtop                                        ramtop       001000
__Lrbit                                          rbit         000000
__Lrbss                                          rbss         000000
__Lrdata                                         rdata        000000
__Lreset_vec                                     reset_vec    000000
__Lrparam                                        rparam       000000
__Lsfr                                           sfr          000000
__Lsivt_hi                                       sivt_hi      000000
__Lsivt_lo                                       sivt_lo      000000
__Lsmallconst                                    smallconst   001000
__Lspace_0                                       (abs)        000000
__Lspace_1                                       (abs)        000000
__Lspace_2                                       (abs)        000000
__Lspace_4                                       (abs)        000000
__Lstack                                         stack        000000
__Lstruct                                        struct       000000
__Ltemp                                          temp         00005A
__Ltext                                          text         000000
__Ltext0                                         text0        000000
__Ltext1                                         text1        000000
__Ltext10                                        text10       000000
__Ltext11                                        text11       000000
__Ltext12                                        text12       000000
__Ltext13                                        text13       000000
__Ltext14                                        text14       000000
__Ltext15                                        text15       000000
__Ltext16                                        text16       000000
__Ltext17                                        text17       000000
__Ltext18                                        text18       000000
__Ltext19                                        text19       000000
__Ltext2                                         text2        000000
__Ltext20                                        text20       000000
__Ltext21                                        text21       000000
__Ltext22                                        text22       000000
__Ltext23                                        text23       000000
__Ltext24                                        text24       000000
__Ltext25                                        text25       000000
__Ltext26                                        text26       000000
__Ltext27                                        text27       000000
__Ltext28                                        text28       000000
__Ltext29                                        text29       000000
__Ltext3                                         text3        000000
__Ltext30                                        text30       000000
__Ltext31                                        text31       000000
__Ltext32                                        text32       000000
__Ltext33                                        text33       000000
__Ltext34                                        text34       000000
__Ltext35                                        text35       000000
__Ltext36                                        text36       000000
__Ltext37                                        text37       000000
__Ltext39                                        text39       000000
__Ltext4                                         text4        000000
__Ltext40                                        text40       000000
__Ltext41                                        text41       000000
__Ltext42                                        text42       000000
__Ltext43                                        text43       000000
__Ltext44                                        text44       000000
__Ltext45                                        text45       000000
__Ltext46                                        text46       000000
__Ltext47                                        text47       000000
__Ltext48                                        text48       000000
__Ltext49                                        text49       000000
__Ltext5                                         text5        000000
__Ltext50                                        text50       000000
__Ltext51                                        text51       000000
__Ltext52                                        text52       000000
__Ltext53                                        text53       000000
__Ltext54                                        text54       000000
__Ltext6                                         text6        000000
__Ltext7                                         text7        000000
__Ltext8                                         text8        000000
__Ltext9                                         text9        000000
__S0                                             (abs)        0024D8
__S1                                             (abs)        0000DC
__S4                                             (abs)        000000
__S5                                             (abs)        000000
___heap_hi                                       (abs)        000000
___heap_lo                                       (abs)        000000
___inthi_sp                                      stack        000000
___inthi_stack_hi                                stack        000000
___inthi_stack_lo                                stack        000000
___intlo_sp                                      stack        000000
___intlo_stack_hi                                stack        000000
___intlo_stack_lo                                stack        000000
___param_bank                                    (abs)        000000
___rparam_used                                   (abs)        000001
___sp                                            stack        000000
___stack_hi                                      stack        000000
___stack_lo                                      stack        000000
__accesstop                                      (abs)        000060
__activetblptr                                   (abs)        000003
__end_of_ECU_DC_Motor_initialize                 text34       00230A
__end_of_ECU_DC_Motor_move_right                 text33       0022AC
__end_of_ECU_DC_Motor_stop                       text8        002276
__end_of_ECU_LCD_4Bit_Initialize                 text29       001B0C
__end_of_ECU_LCD_4Bit_Send_Command               text30       002172
__end_of_ECU_LCD_4Bit_Send_String_Data_Postition text7        001ECE
__end_of_ECU_LCD_4Bit_Send_char_Data             text28       002118
__end_of_ECU_LCD_4Bit_Send_char_Data_Position    text26       002204
__end_of_I2C_DefaultInterruptHandler             text45       0024C8
__end_of_I2C_Initialize                          text13       00243C
__end_of_I2C_Isr                                 text39       001A24
__end_of_I2C_Open                                text15       0020BE
__end_of_I2C_SlaveAddrCallBack                   text52       00238E
__end_of_I2C_SlaveClearIrq                       text51       0024D4
__end_of_I2C_SlaveDefAddrInterruptHandler        text53       0024C2
__end_of_I2C_SlaveDefRdInterruptHandler          text46       0024BA
__end_of_I2C_SlaveDefWrInterruptHandler          text41       0024AA
__end_of_I2C_SlaveEnableIrq                      text25       0024CC
__end_of_I2C_SlaveGetRxData                      text54       0024D8
__end_of_I2C_SlaveIsAddr                         text50       00241C
__end_of_I2C_SlaveIsRead                         text49       002408
__end_of_I2C_SlaveIsRxBufFull                    text48       0023F4
__end_of_I2C_SlaveIsTxBufEmpty                   text47       0023E0
__end_of_I2C_SlaveOpen                           text24       0023CC
__end_of_I2C_SlaveRdCallBack                     text44       002362
__end_of_I2C_SlaveReleaseClock                   text43       0024D0
__end_of_I2C_SlaveSendTxData                     text42       0024B2
__end_of_I2C_SlaveSetAddrIntHandler              text23       002478
__end_of_I2C_SlaveSetBusColIntHandler            text22       00246E
__end_of_I2C_SlaveSetIsrHandler                  text21       002464
__end_of_I2C_SlaveSetReadIntHandler              text20       00245A
__end_of_I2C_SlaveSetSlaveAddr                   text19       0024A2
__end_of_I2C_SlaveSetSlaveMask                   text18       00249A
__end_of_I2C_SlaveSetWrColIntHandler             text17       002450
__end_of_I2C_SlaveSetWriteIntHandler             text16       002446
__end_of_I2C_SlaveWrCallBack                     text40       002336
__end_of_INTERRUPT_Initialize                    text12       002492
__end_of_INTERRUPT_InterruptManagerHigh          intcode      000076
__end_of_LCD_4Bits_Send_Enable_Signal            text32       002240
__end_of_LCD_4Bits_Set_Curser                    text27       001E5E
__end_of_LCD_Send_4Bits                          text31       001F3A
__end_of_LED_init                                text14       001DCA
__end_of_LED_turnOFF                             text6        001D24
__end_of_LED_turnON                              text5        001C7A
__end_of_OSCILLATOR_Initialize                   text11       00248A
__end_of_PIN_MANAGER_Initialize                  text10       0023B0
__end_of_SYSTEM_Initialize                       text9        00242E
__end_of_WrongPassword                           text4        001F9E
__end_of__initialization                         cinit        001FF6
__end_of_gpio_pin_direction_initialize           text37       0012C6
__end_of_gpio_pin_initialize                     text35       0021C4
__end_of_gpio_pin_read_logic                     text2        001928
__end_of_gpio_pin_write_logic                    text36       00155C
__end_of_keyPad_Initialize                       text3        002060
__end_of_keyPad_Read                             text1        001BD0
__end_of_main                                    text0        0017A0
__initialization                                 cinit        001F9E
__mediumconst                                    mediumconst  000000
__pbssBANK0                                      bssBANK0     000060
__pbssCOMRAM                                     bssCOMRAM    000001
__pcinit                                         cinit        001F9E
__pcstackBANK0                                   cstackBANK0  0000D7
__pcstackCOMRAM                                  cstackCOMRAM 000039
__pdataBANK0                                     dataBANK0    0000A8
__pdataCOMRAM                                    dataCOMRAM   000051
__pidataBANK0                                    idataBANK0   0022AC
__pidataCOMRAM                                   idataCOMRAM  002478
__pintcode                                       intcode      000008
__psmallconst                                    smallconst   001000
__ptext0                                         text0        00155C
__ptext1                                         text1        001B0C
__ptext10                                        text10       00238E
__ptext11                                        text11       002482
__ptext12                                        text12       00248A
__ptext13                                        text13       00242E
__ptext14                                        text14       001D24
__ptext15                                        text15       002060
__ptext16                                        text16       00243C
__ptext17                                        text17       002446
__ptext18                                        text18       002492
__ptext19                                        text19       00249A
__ptext2                                         text2        0017A0
__ptext20                                        text20       002450
__ptext21                                        text21       00245A
__ptext22                                        text22       002464
__ptext23                                        text23       00246E
__ptext24                                        text24       0023B0
__ptext25                                        text25       0024C8
__ptext26                                        text26       0021C4
__ptext27                                        text27       001DCA
__ptext28                                        text28       0020BE
__ptext29                                        text29       001A24
__ptext3                                         text3        002000
__ptext30                                        text30       002118
__ptext31                                        text31       001ECE
__ptext32                                        text32       002204
__ptext33                                        text33       002276
__ptext34                                        text34       0022DC
__ptext35                                        text35       002172
__ptext36                                        text36       0012C6
__ptext37                                        text37       00102A
__ptext39                                        text39       001928
__ptext4                                         text4        001F3A
__ptext40                                        text40       00230A
__ptext41                                        text41       0024A2
__ptext42                                        text42       0024AA
__ptext43                                        text43       0024CC
__ptext44                                        text44       002336
__ptext45                                        text45       0024C2
__ptext46                                        text46       0024B2
__ptext47                                        text47       0023CC
__ptext48                                        text48       0023E0
__ptext49                                        text49       0023F4
__ptext5                                         text5        001BD0
__ptext50                                        text50       002408
__ptext51                                        text51       0024D0
__ptext52                                        text52       002362
__ptext53                                        text53       0024BA
__ptext54                                        text54       0024D4
__ptext6                                         text6        001C7A
__ptext7                                         text7        001E5E
__ptext8                                         text8        002240
__ptext9                                         text9        00241C
__ramtop                                         ramtop       001000
__smallconst                                     smallconst   001000
_btn_value                                       dataBANK0    0000A8
_correctPassword                                 dataBANK0    0000B4
_currentPassword                                 bssBANK0     000060
_gpio_pin_direction_initialize                   text37       00102A
_gpio_pin_initialize                             text35       002172
_gpio_pin_read_logic                             text2        0017A0
_gpio_pin_write_logic                            text36       0012C6
_i2cRdData                                       bssCOMRAM    000030
_i2cSlaveAddr                                    bssCOMRAM    00002F
_i2cSlaveState                                   bssCOMRAM    00002E
_i2cWrData                                       bssCOMRAM    000031
_iter                                            bssCOMRAM    000032
_keyPad_Initialize                               text3        002000
_keyPad_Read                                     text1        001B0C
_keypad_1                                        dataBANK0    0000CA
_lat_registers                                   dataBANK0    0000C0
_main                                            text0        00155C
_pinRC6                                          bssCOMRAM    000037
_pinRC7                                          bssCOMRAM    000036
_port_registers                                  dataBANK0    0000BB
_ret                                             bssCOMRAM    000034
_ret@ecu_servoMotor$F5428                        bssCOMRAM    000020
_timer0_preload                                  bssCOMRAM    000007
_timer1_obj                                      bssBANK0     0000A2
_timer1_preload                                  bssCOMRAM    000005
_timer2_preload                                  bssCOMRAM    000029
_timer3_preload                                  bssCOMRAM    000003
_tris_registers                                  dataBANK0    0000C5
btemp                                            temp         00005A
end_of_initialization                            cinit        001FF6
gpio_pin_direction_initialize@pinConfig          cstackCOMRAM 00003E
gpio_pin_direction_initialize@rt                 cstackCOMRAM 000041
gpio_pin_initialize@pinConfig                    cstackCOMRAM 000043
gpio_pin_initialize@rt                           cstackCOMRAM 000045
gpio_pin_read_logic@logic                        cstackCOMRAM 00003F
gpio_pin_read_logic@pinConfig                    cstackCOMRAM 00003E
gpio_pin_read_logic@rt                           cstackCOMRAM 000042
gpio_pin_write_logic@logic                       cstackCOMRAM 00003F
gpio_pin_write_logic@pinConfig                   cstackCOMRAM 00003E
gpio_pin_write_logic@rt                          cstackCOMRAM 000042
int$flags                                        temp         00005A
intlevel0                                        text         000000
intlevel1                                        text         000000
intlevel2                                        text         000000
intlevel3                                        text         000000
isa$std                                          (abs)        000001
isa$xinst                                        (abs)        000000
keyPad_Initialize@keypad                         cstackCOMRAM 000046
keyPad_Initialize@l_coloums_counter              cstackCOMRAM 000049
keyPad_Initialize@l_rows_counter                 cstackCOMRAM 000048
keyPad_Initialize@rt                             cstackCOMRAM 000047
keyPad_Read@coloumn_logic                        cstackCOMRAM 000047
keyPad_Read@keypad                               cstackCOMRAM 000043
keyPad_Read@keypad_value                         cstackCOMRAM 000044
keyPad_Read@l_coloumns_counter                   cstackCOMRAM 000049
keyPad_Read@l_counter                            cstackCOMRAM 000046
keyPad_Read@l_rows_counter                       cstackCOMRAM 000048
keyPad_Read@rt                                   cstackCOMRAM 000045
stackhi                                          (abs)        000000
stacklo                                          (abs)        000000
start                                            init         000076
start_initialization                             cinit        001F9E
ttemp5                                           temp         00005B
ttemp6                                           temp         00005E
ttemp7                                           temp         000062
wtemp8                                           temp         00005B


MODULE INFORMATION

Module		Function		Class		Link	Load	Size
MCAL_layer/GPIO/hal_gpio.c
		_gpio_pin_write_logic		CODE           	12C6	0000	662
		_gpio_pin_read_logic		CODE           	17A0	0000	392
		_gpio_pin_direction_initialize		CODE           	102A	0000	668
		_gpio_pin_initialize		CODE           	2172	0000	82

MCAL_layer/GPIO/hal_gpio.c estimated size: 1804

mcc_generated_files/i2c_slave.c
		_I2C_SlaveDefRdInterruptHandler		CODE           	24B2	0000	8
		_I2C_SlaveDefWrInterruptHandler		CODE           	24A2	0000	8
		_I2C_SlaveSetWrColIntHandler		CODE           	2446	0000	10
		_I2C_SlaveSetWriteIntHandler		CODE           	243C	0000	10
		_I2C_SlaveOpen 		CODE           	23B0	0000	28
		_I2C_SlaveSetSlaveAddr		CODE           	249A	0000	8
		_I2C_SlaveIsRxBufFull		CODE           	23E0	0000	20
		_I2C_SlaveClearIrq		CODE           	24D0	0000	4
		_I2C_SlaveGetRxData		CODE           	24D4	0000	4
		_I2C_SlaveSetSlaveMask		CODE           	2492	0000	8
		_I2C_Isr       		CODE           	1928	0000	252
		_I2C_SlaveDefAddrInterruptHandler		CODE           	24BA	0000	8
		_I2C_Open      		CODE           	2060	0000	94
		_I2C_SlaveIsRead		CODE           	23F4	0000	20
		_I2C_SlaveSetIsrHandler		CODE           	245A	0000	10
		_I2C_SlaveIsAddr		CODE           	2408	0000	20
		_I2C_SlaveSetBusColIntHandler		CODE           	2464	0000	10
		_I2C_SlaveEnableIrq		CODE           	24C8	0000	4
		_I2C_SlaveSendTxData		CODE           	24AA	0000	8
		_I2C_SlaveRdCallBack		CODE           	2336	0000	44
		_I2C_SlaveWrCallBack		CODE           	230A	0000	44
		_I2C_SlaveSetReadIntHandler		CODE           	2450	0000	10
		_I2C_SlaveAddrCallBack		CODE           	2362	0000	44
		_I2C_Initialize		CODE           	242E	0000	14
		_I2C_SlaveIsTxBufEmpty		CODE           	23CC	0000	20
		_I2C_SlaveSetAddrIntHandler		CODE           	246E	0000	10
		_I2C_SlaveReleaseClock		CODE           	24CC	0000	4

mcc_generated_files/i2c_slave.c estimated size: 724

mcc_generated_files/interrupt_manager.c
		_INTERRUPT_Initialize		CODE           	248A	0000	8
		_INTERRUPT_InterruptManagerHigh		CODE           	0008	0000	110

mcc_generated_files/interrupt_manager.c estimated size: 118

ECU_layer/KeyPad/ecu_keyPad.c
		_keyPad_Initialize		CODE           	2000	0000	96
		_keyPad_Read   		CODE           	1B0C	0000	196

ECU_layer/KeyPad/ecu_keyPad.c estimated size: 292

mcc_generated_files/pin_manager.c
		_PIN_MANAGER_Initialize		CODE           	238E	0000	34

mcc_generated_files/pin_manager.c estimated size: 34

ECU_layer/DC_Motor/DC_Motor.c
		_ECU_DC_Motor_stop		CODE           	2240	0000	54
		_ECU_DC_Motor_move_right		CODE           	2276	0000	54
		_ECU_DC_Motor_initialize		CODE           	22DC	0000	46

ECU_layer/DC_Motor/DC_Motor.c estimated size: 154

shared
		__initialization		CODE           	1F9E	0000	88

shared estimated size: 88

ECU_layer/LED/ecu_led.c
		_LED_turnON    		CODE           	1BD0	0000	170
		_LED_turnOFF   		CODE           	1C7A	0000	170
		_LED_init      		CODE           	1D24	0000	166

ECU_layer/LED/ecu_led.c estimated size: 506

mcc_generated_files/mcc.c
		_OSCILLATOR_Initialize		CODE           	2482	0000	8
		_SYSTEM_Initialize		CODE           	241C	0000	18

mcc_generated_files/mcc.c estimated size: 26

main.c
		_main          		CODE           	155C	0000	580
		_I2C_DefaultInterruptHandler		CODE           	24C2	0000	6
		_WrongPassword 		CODE           	1F3A	0000	100

main.c estimated size: 686

ECU_layer/LCD/LCD.c
		_LCD_4Bits_Send_Enable_Signal		CODE           	2204	0000	60
		_LCD_4Bits_Set_Curser		CODE           	1DCA	0000	148
		_ECU_LCD_4Bit_Send_String_Data_Postition		CODE           	1E5E	0000	112
		_LCD_Send_4Bits		CODE           	1ECE	0000	108
		_ECU_LCD_4Bit_Send_char_Data_Position		CODE           	21C4	0000	64
		_ECU_LCD_4Bit_Initialize		CODE           	1A24	0000	232
		_ECU_LCD_4Bit_Send_Command		CODE           	2118	0000	90
		_ECU_LCD_4Bit_Send_char_Data		CODE           	20BE	0000	90

ECU_layer/LCD/LCD.c estimated size: 904

