Microchip MPLAB XC8 Compiler V2.50

Linker command line:

-W-3 \
  --edf=C:\Program Files\Microchip\xc8\v2.50\pic\dat\20240725155939_en.msgs \
  -cn -h+dist/default/production\SmartHome.X.production.sym \
  --cmf=dist/default/production\SmartHome.X.production.cmf -z -Q18F46K20 \
  -oC:\Users\hp\AppData\Local\Temp\xcAs608.\driver_tmp_3.o \
  --defsym=__MPLAB_BUILD=1 --fixupoverflow=error \
  -Mdist/default/production/SmartHome.X.production.map \
  --md=C:\Users\hp\AppData\Local\Temp\xcAs608.\driver_tmp_0.dat -E1 \
  -ver=XC8 Compiler --acfsm=1493 -ACODE=00h-0FFFFh -ACONST=00h-0FFFFh \
  -ASMALLCONST=01000h-010FFhx240 -AMEDIUMCONST=01000h-0FFFFh \
  -ACOMRAM=01h-05Fh -AABS1=00h-0F5Fh -ABIGRAM=01h-0F5Fh \
  -ARAM=060h-0FFh,0100h-01FFhx14,0F00h-0F5Fh -ABANK0=060h-0FFh \
  -ABANK1=0100h-01FFh -ABANK2=0200h-02FFh -ABANK3=0300h-03FFh \
  -ABANK4=0400h-04FFh -ABANK5=0500h-05FFh -ABANK6=0600h-06FFh \
  -ABANK7=0700h-07FFh -ABANK8=0800h-08FFh -ABANK9=0900h-09FFh \
  -ABANK10=0A00h-0AFFh -ABANK11=0B00h-0BFFh -ABANK12=0C00h-0CFFh \
  -ABANK13=0D00h-0DFFh -ABANK14=0E00h-0EFFh -ABANK15=0F00h-0F5Fh \
  -ASFR=0F60h-0FFFh -ABIGSFR=0F60h-0FFFh -ACONFIG=0300000h-030000Dh \
  -AIDLOC=0200000h-0200007h -AEEDATA=0F00000h-0F003FFh -peeprom_data=EEDATA \
  -preset_vec=00h,intcode=8h,intcodelo,powerup,init -pramtop=01000h \
  -psmallconst=SMALLCONST -pmediumconst=MEDIUMCONST -pconst=CONST \
  -AFARRAM=00h-00h \
  -prdata=COMRAM,nvrram=COMRAM,nvbit=COMRAM,rbss=COMRAM,rbit=COMRAM \
  -pfarbss=FARRAM,fardata=FARRAM,nvFARRAM=FARRAM \
  -pintsave_regs=BIGRAM,bigbss=BIGRAM,bigdata=BIGRAM -pbss=RAM \
  -pidata=CODE,irdata=CODE,ibigdata=CODE,ifardata=CODE -prparam=COMRAM \
  C:\Users\hp\AppData\Local\Temp\xcAs608.\driver_tmp_9.o \
  dist/default/production\SmartHome.X.production.o 

Object code version is 3.11

Machine type is 18F46K20



                Name                               Link     Load   Length Selector   Space Scale
C:\Users\hp\AppData\Local\Temp\xcAs608.\driver_tmp_9.o
                config                           300000   300000        E        0       4
                init                                456      456        4        4       0
                reset_vec                             0        0        4        0       0
dist/default/production\SmartHome.X.production.o
                intcode                               8        8      44E        4       0
                config                           300000   300000        E        0       4
                temp                                 3F       3F        1        1       1
                smallconst                         1000     1000       52      800       0
                text133                            5642     5642        4     2827       0
                text132                            4A2A     4A2A       6C      829       0
                text131                            532A     532A       26     2827       0
                text130                            4574     4574       88      829       0
                text129                            5206     5206       30     2827       0
                text128                            563E     563E        4     2827       0
                text127                            5646     5646        2     2827       0
                text126                            563A     563A        4     2827       0
                text125                            5636     5636        4     2827       0
                text124                            5632     5632        4     2827       0
                text123                            562E     562E        4     2827       0
                text122                            562A     562A        4     2827       0
                text121                            5626     5626        4     2827       0
                text120                            5622     5622        4     2827       0
                text119                            548C     548C       1A     2827       0
                text118                            5472     5472       1A     2827       0
                text117                            5458     5458       1A     2827       0
                text116                            543E     543E       1A     2827       0
                text115                            3C7E     3C7E       C2      829       0
                text114                            3F66     3F66       AE      829       0
                text113                            2D3A     2D3A      2B2      829       0
                text112                            4F1E     4F1E       50      829       0
                text111                            44E8     44E8       8C      829       0
                text110                            4E6C     4E6C       5C      829       0
                text109                            4E10     4E10       5C      829       0
                text108                            43C4     43C4       94      829       0
                text107                            4330     4330       94      829       0
                text106                            375C     375C       F2      829       0
                text105                            3AF8     3AF8       C4      829       0
                text104                            519C     519C       38     2827       0
                text103                            5556     5556        E     2827       0
                text102                            55E2     55E2        8     2827       0
                text101                            5548     5548        E     2827       0
                text99                             5408     5408       1C     2827       0
                text98                             4FBC     4FBC       4A      829       0
                text97                             3A1C     3A1C       DC      829       0
                text96                             4F6E     4F6E       4E      829       0
                text95                             3EB0     3EB0       B6      829       0
                text94                             4014     4014       AA      829       0
                text93                             51D4     51D4       32     2827       0
                text92                             53EC     53EC       1C     2827       0
                text91                             4D56     4D56       5E      829       0
                text90                             2A72     2A72      2C8      829       0
                text89                             4EC8     4EC8       56      829       0
                text88                             429A     429A       96      829       0
                text87                             4B68     4B68       68      829       0
                text86                             4B00     4B00       68      829       0
                text85                             4160     4160       9E      829       0
                text84                             41FE     41FE       9C      829       0
                text83                             561E     561E        4     2827       0
                text82                             561A     561A        4     2827       0
                text81                             5616     5616        4     2827       0
                text80                             5236     5236       2E     2827       0
                text79                             5612     5612        4     2827       0
                text78                             560E     560E        4     2827       0
                text77                             560A     560A        4     2827       0
                text76                             5392     5392       20     2827       0
                text75                             4DB4     4DB4       5C      829       0
                text74                             54E6     54E6       14     2827       0
                text73                             52DC     52DC       28     2827       0
                text72                             52B4     52B4       28     2827       0
                text71                             528C     528C       28     2827       0
                text70                             5264     5264       28     2827       0
                text69                             5164     5164       38     2827       0
                text68                             5606     5606        4     2827       0
                text67                             5602     5602        4     2827       0
                text66                             55FE     55FE        4     2827       0
                text65                             55F0     55F0        6     2827       0
                text64                             55FA     55FA        4     2827       0
                text63                             55EA     55EA        6     2827       0
                text62                             5590     5590        A     2827       0
                text61                             54D2     54D2       14     2827       0
                text60                             55F6     55F6        4     2827       0
                text59                             477A     477A       7A      829       0
                text58                             5586     5586        A     2827       0
                text57                             551C     551C       10     2827       0
                text56                             553A     553A        E     2827       0
                text55                             3BBC     3BBC       C2      829       0
                text54                             40BE     40BE       A2      829       0
                text53                             5570     5570        C     2827       0
                text52                             55DA     55DA        8     2827       0
                text51                             55D2     55D2        8     2827       0
                text50                             55CA     55CA        8     2827       0
                text49                             55C2     55C2        8     2827       0
                text48                             55BA     55BA        8     2827       0
                text47                             55B2     55B2        8     2827       0
                text46                             55AA     55AA        8     2827       0
                text45                             557C     557C        A     2827       0
                text44                             4C34     4C34       64      829       0
                text43                             49BC     49BC       6E      829       0
                text42                             550C     550C       10     2827       0
                text41                             53B2     53B2       1E     2827       0
                text40                             50DA     50DA       46     2827       0
                text39                             55A2     55A2        8     2827       0
                text38                             5372     5372       20     2827       0
                text37                             486C     486C       72      829       0
                text36                             54BE     54BE       14     2827       0
                text35                             48DE     48DE       70      829       0
                text34                             47F4     47F4       78      829       0
                text33                             54A6     54A6       18     2827       0
                text32                             3D40     3D40       BA      829       0
                text31                             27A2     27A2      2D0      829       0
                text30                             4BD0     4BD0       64      829       0
                text29                             3348     3348      118      829       0
                text28                             4A96     4A96       6A      829       0
                text27                             1F22     1F22      4EE      829       0
                text26                             2410     2410      392      829       0
                text25                             3460     3460      108      829       0
                text24                             2FEC     2FEC      1B8      829       0
                text23                             1A1A     1A1A      508      829       0
                text22                             393E     393E       DE      829       0
                text21                             3DFA     3DFA       B6      829       0
                text20                             5120     5120       44     2827       0
                text19                             5094     5094       46     2827       0
                text18                             5424     5424       1A     2827       0
                text17                             46FE     46FE       7C      829       0
                text16                             384E     384E       F0      829       0
                text15                             54FA     54FA       12     2827       0
                text14                             559A     559A        8     2827       0
                text13                             5350     5350       22     2827       0
                text12                             552C     552C        E     2827       0
                text11                             5304     5304       26     2827       0
                text10                             53D0     53D0       1C     2827       0
                text9                              4C98     4C98       60      829       0
                text8                              45FC     45FC       84      829       0
                text7                              504E     504E       46     2827       0
                text6                              4CF8     4CF8       5E      829       0
                text5                              4458     4458       90      829       0
                text4                              4680     4680       7E      829       0
                text3                              31A4     31A4      1A4      829       0
                text2                              3664     3664       F8      829       0
                text1                              3568     3568       FC      829       0
                text0                              1052     1052      9C8      829       0
                cstackCOMRAM                          1        1       21        1       1
                cstackBANK0                          D5       D5       2B       60       1
                cstackBANK1                         170      170       26      100       1
                dataBANK1                           100      100       47      100       1
                bssBANK1                            147      147       29      100       1
                bssBANK0                             60       60       75       60       1
                dataCOMRAM                           32       32        C        1       1
                bssCOMRAM                            22       22       10        1       1
                cinit                              494E     494E       6E      829       0
                nvBANK1                             196      196        1      100       1
                nvCOMRAM                             3E       3E        1        1       1
                idataBANK1                         5006     5006       47      829       0
                idataCOMRAM                        5564     5564        C     2827       0

TOTAL           Name                               Link     Load   Length     Space
        CLASS   CODE           
                intcode                               8        8      44E         0
                init                                456      456        4         0
                reset_vec                             0        0        4         0
                text133                            5642     5642        4         0
                text132                            4A2A     4A2A       6C         0
                text131                            532A     532A       26         0
                text130                            4574     4574       88         0
                text129                            5206     5206       30         0
                text128                            563E     563E        4         0
                text127                            5646     5646        2         0
                text126                            563A     563A        4         0
                text125                            5636     5636        4         0
                text124                            5632     5632        4         0
                text123                            562E     562E        4         0
                text122                            562A     562A        4         0
                text121                            5626     5626        4         0
                text120                            5622     5622        4         0
                text119                            548C     548C       1A         0
                text118                            5472     5472       1A         0
                text117                            5458     5458       1A         0
                text116                            543E     543E       1A         0
                text115                            3C7E     3C7E       C2         0
                text114                            3F66     3F66       AE         0
                text113                            2D3A     2D3A      2B2         0
                text112                            4F1E     4F1E       50         0
                text111                            44E8     44E8       8C         0
                text110                            4E6C     4E6C       5C         0
                text109                            4E10     4E10       5C         0
                text108                            43C4     43C4       94         0
                text107                            4330     4330       94         0
                text106                            375C     375C       F2         0
                text105                            3AF8     3AF8       C4         0
                text104                            519C     519C       38         0
                text103                            5556     5556        E         0
                text102                            55E2     55E2        8         0
                text101                            5548     5548        E         0
                text99                             5408     5408       1C         0
                text98                             4FBC     4FBC       4A         0
                text97                             3A1C     3A1C       DC         0
                text96                             4F6E     4F6E       4E         0
                text95                             3EB0     3EB0       B6         0
                text94                             4014     4014       AA         0
                text93                             51D4     51D4       32         0
                text92                             53EC     53EC       1C         0
                text91                             4D56     4D56       5E         0
                text90                             2A72     2A72      2C8         0
                text89                             4EC8     4EC8       56         0
                text88                             429A     429A       96         0
                text87                             4B68     4B68       68         0
                text86                             4B00     4B00       68         0
                text85                             4160     4160       9E         0
                text84                             41FE     41FE       9C         0
                text83                             561E     561E        4         0
                text82                             561A     561A        4         0
                text81                             5616     5616        4         0
                text80                             5236     5236       2E         0
                text79                             5612     5612        4         0
                text78                             560E     560E        4         0
                text77                             560A     560A        4         0
                text76                             5392     5392       20         0
                text75                             4DB4     4DB4       5C         0
                text74                             54E6     54E6       14         0
                text73                             52DC     52DC       28         0
                text72                             52B4     52B4       28         0
                text71                             528C     528C       28         0
                text70                             5264     5264       28         0
                text69                             5164     5164       38         0
                text68                             5606     5606        4         0
                text67                             5602     5602        4         0
                text66                             55FE     55FE        4         0
                text65                             55F0     55F0        6         0
                text64                             55FA     55FA        4         0
                text63                             55EA     55EA        6         0
                text62                             5590     5590        A         0
                text61                             54D2     54D2       14         0
                text60                             55F6     55F6        4         0
                text59                             477A     477A       7A         0
                text58                             5586     5586        A         0
                text57                             551C     551C       10         0
                text56                             553A     553A        E         0
                text55                             3BBC     3BBC       C2         0
                text54                             40BE     40BE       A2         0
                text53                             5570     5570        C         0
                text52                             55DA     55DA        8         0
                text51                             55D2     55D2        8         0
                text50                             55CA     55CA        8         0
                text49                             55C2     55C2        8         0
                text48                             55BA     55BA        8         0
                text47                             55B2     55B2        8         0
                text46                             55AA     55AA        8         0
                text45                             557C     557C        A         0
                text44                             4C34     4C34       64         0
                text43                             49BC     49BC       6E         0
                text42                             550C     550C       10         0
                text41                             53B2     53B2       1E         0
                text40                             50DA     50DA       46         0
                text39                             55A2     55A2        8         0
                text38                             5372     5372       20         0
                text37                             486C     486C       72         0
                text36                             54BE     54BE       14         0
                text35                             48DE     48DE       70         0
                text34                             47F4     47F4       78         0
                text33                             54A6     54A6       18         0
                text32                             3D40     3D40       BA         0
                text31                             27A2     27A2      2D0         0
                text30                             4BD0     4BD0       64         0
                text29                             3348     3348      118         0
                text28                             4A96     4A96       6A         0
                text27                             1F22     1F22      4EE         0
                text26                             2410     2410      392         0
                text25                             3460     3460      108         0
                text24                             2FEC     2FEC      1B8         0
                text23                             1A1A     1A1A      508         0
                text22                             393E     393E       DE         0
                text21                             3DFA     3DFA       B6         0
                text20                             5120     5120       44         0
                text19                             5094     5094       46         0
                text18                             5424     5424       1A         0
                text17                             46FE     46FE       7C         0
                text16                             384E     384E       F0         0
                text15                             54FA     54FA       12         0
                text14                             559A     559A        8         0
                text13                             5350     5350       22         0
                text12                             552C     552C        E         0
                text11                             5304     5304       26         0
                text10                             53D0     53D0       1C         0
                text9                              4C98     4C98       60         0
                text8                              45FC     45FC       84         0
                text7                              504E     504E       46         0
                text6                              4CF8     4CF8       5E         0
                text5                              4458     4458       90         0
                text4                              4680     4680       7E         0
                text3                              31A4     31A4      1A4         0
                text2                              3664     3664       F8         0
                text1                              3568     3568       FC         0
                text0                              1052     1052      9C8         0
                cinit                              494E     494E       6E         0
                idataBANK1                         5006     5006       47         0
                idataCOMRAM                        5564     5564        C         0

        CLASS   CONST          

        CLASS   SMALLCONST     
                smallconst                         1000     1000       52         0

        CLASS   MEDIUMCONST    

        CLASS   COMRAM         
                temp                                 3F       3F        1         1
                cstackCOMRAM                          1        1       21         1
                dataCOMRAM                           32       32        C         1
                bssCOMRAM                            22       22       10         1
                nvCOMRAM                             3E       3E        1         1

        CLASS   ABS1           

        CLASS   BIGRAM         

        CLASS   RAM            

        CLASS   BANK0          
                cstackBANK0                          D5       D5       2B         1
                bssBANK0                             60       60       75         1

        CLASS   BANK1          
                cstackBANK1                         170      170       26         1
                dataBANK1                           100      100       47         1
                bssBANK1                            147      147       29         1
                nvBANK1                             196      196        1         1

        CLASS   BANK2          

        CLASS   BANK3          

        CLASS   BANK4          

        CLASS   BANK5          

        CLASS   BANK6          

        CLASS   BANK7          

        CLASS   BANK8          

        CLASS   BANK9          

        CLASS   BANK10         

        CLASS   BANK11         

        CLASS   BANK12         

        CLASS   BANK13         

        CLASS   BANK14         

        CLASS   BANK15         

        CLASS   SFR            

        CLASS   BIGSFR         

        CLASS   CONFIG         
                config                           300000   300000        E         4

        CLASS   IDLOC          

        CLASS   EEDATA         

        CLASS   FARRAM         

        CLASS   HEAP           

        CLASS   STACK          



SEGMENTS        Name                           Load    Length   Top    Selector   Space  Class

                reset_vec                      000000  000004  000004         0       0  CODE    
                cstackCOMRAM                   000001  00003F  000040         1       1  COMRAM  
                intcode                        000008  000452  00045A         4       0  CODE    
                bssBANK0                       000060  0000A0  000100        60       1  BANK0   
                dataBANK1                      000100  000097  000197       100       1  BANK1   
                smallconst                     001000  000052  001052       800       0  SMALLCON
                text0                          001052  003FFB  00504D       829       0  CODE    
                text7                          00504E  0005FA  005648      2827       0  CODE    


UNUSED ADDRESS RANGES

        Name                Unused          Largest block    Delta
        BANK1            000197-0001FF               69
        BANK10           000A00-000AFF              100
        BANK11           000B00-000BFF              100
        BANK12           000C00-000CFF              100
        BANK13           000D00-000DFF              100
        BANK14           000E00-000EFF              100
        BANK15           000F00-000F5F               60
        BANK2            000200-0002FF              100
        BANK3            000300-0003FF              100
        BANK4            000400-0004FF              100
        BANK5            000500-0005FF              100
        BANK6            000600-0006FF              100
        BANK7            000700-0007FF              100
        BANK8            000800-0008FF              100
        BANK9            000900-0009FF              100
        BIGRAM           000040-00005F               20
                         000197-000F5F              DC9
        BIGSFR           000F60-000FFF               A0
        CODE             000004-000007                4
                         00045A-000FFF              BA6
                         00504D-00504D                1
                         005648-00FFFF             A9B8
        COMRAM           000040-00005F               20
        CONST            000004-000007                4
                         00045A-000FFF              BA6
                         00504D-00504D                1
                         005648-00FFFF             A9B8
        EEDATA           F00000-F003FF              400
        IDLOC            200000-200007                8
        MEDIUMCONST      00504D-00504D                1
                         005648-00FFFF             A9B8
        RAM              000197-000F5F              100
        SFR              000F60-000FFF               A0
        SMALLCONST       00504D-00504D                1
                         005648-00FFFF              100

                                  Symbol Table

?_REALTIMECLOCK_DS1307_Get_Data                    cstackBANK0  0000E7
?_REALTIMECLOCK_DS1307_print_Data                  cstackBANK1  00018A
?___awdiv                                          cstackCOMRAM 000001
?___awmod                                          cstackCOMRAM 000001
?___fladd                                          cstackBANK1  000170
?___fldiv                                          cstackBANK0  0000E3
?___fltol                                          cstackBANK0  0000D5
?___xxtofl                                         cstackBANK0  0000D5
ADC_Conversion_Result@_ADC_Result                  cstackBANK0  0000D7
ADC_Conversion_Result@_ADC_config                  cstackBANK0  0000D5
ADC_Get_Conversion_Result_Block@_ADC_Channel       cstackBANK0  0000DE
ADC_Get_Conversion_Result_Block@_ADC_Result        cstackBANK0  0000DF
ADC_Get_Conversion_Result_Block@_ADC_config        cstackBANK0  0000DC
ADC_Get_Conversion_Result_Block@ret                cstackBANK0  0000E0
ADC_Init@_ADC_config                               cstackBANK0  0000D9
ADC_Init@ret                                       cstackBANK0  0000DC
ADC_Interrupt_Configuration@_ADC_config            cstackBANK0  0000D5
ADC_Result_Format_Control@_ADC_config              cstackBANK0  0000D5
ADC_Select_Channel@_ADC_Channel                    cstackBANK0  0000DA
ADC_Select_Channel@_ADC_config                     cstackBANK0  0000D8
ADC_Select_Specific_Channel@_ADC_Channel           cstackBANK0  0000D7
ADC_Start_Conversion@_ADC_config                   cstackBANK0  0000D5
ADC_Voltage_Reference_Control@_ADC_config          cstackBANK0  0000D5
CCPx_CompareMode_WriteData@CCPx_reg                cstackCOMRAM 000007
CCPx_CompareMode_WriteData@_CCPx                   cstackCOMRAM 000001
CCPx_CompareMode_WriteData@_Data                   cstackCOMRAM 000003
CCPx_CompareMode_WriteData@ret                     cstackCOMRAM 000006
ECU_LCD_4Bit_Initialize@LCD_Counter                cstackBANK0  0000E4
ECU_LCD_4Bit_Initialize@_LCD                       cstackBANK0  0000E2
ECU_LCD_4Bit_Initialize@rt                         cstackBANK0  0000E5
ECU_LCD_4Bit_Send_Command@_Command                 cstackBANK0  0000E0
ECU_LCD_4Bit_Send_Command@_LCD                     cstackBANK0  0000DF
ECU_LCD_4Bit_Send_Command@rt                       cstackBANK0  0000E1
ECU_LCD_4Bit_Send_String_Data_Postition@_Coloumn   cstackBANK1  00018E
ECU_LCD_4Bit_Send_String_Data_Postition@_LCD       cstackBANK1  00018C
ECU_LCD_4Bit_Send_String_Data_Postition@_Row       cstackBANK1  00018D
ECU_LCD_4Bit_Send_String_Data_Postition@_Str       cstackBANK1  00018F
ECU_LCD_4Bit_Send_String_Data_Postition@rt         cstackBANK1  000191
ECU_LCD_4Bit_Send_char_Data@_Data                  cstackBANK0  0000E0
ECU_LCD_4Bit_Send_char_Data@_LCD                   cstackBANK0  0000DF
ECU_LCD_4Bit_Send_char_Data@rt                     cstackBANK0  0000E1
ECU_Relay_Initialize@F3462                         bssBANK0     0000CC
ECU_Relay_toggle@F3477                             bssBANK0     0000C9
ECU_Relay_turnOFF@F3472                            bssBANK0     0000CA
ECU_Relay_turnON@F3467                             bssBANK0     0000CB
EUSART_ASYNC_Init@_EUSART                          cstackBANK1  000188
EUSART_ASYNC_WriteByteBlocking@_Byte               cstackBANK0  0000D5
EUSART_ASYNC_WriteStringBlocking@_Byte             cstackBANK0  0000D6
EUSART_ASYNC_WriteStringBlocking@char_counter      cstackBANK0  0000DD
EUSART_ASYNC_WriteStringBlocking@ret               cstackBANK0  0000DC
EUSART_ASYNC_WriteStringBlocking@str_len           cstackBANK0  0000D8
EUSART_BaudRateCalculation@_EUSART                 cstackBANK1  00017C
EUSART_BaudRateCalculation@baudrate_Val            cstackBANK1  000180
EUSART_RX_Init@_EUSART                             cstackBANK0  0000D5
EUSART_TX_Init@_EUSART                             cstackBANK0  0000D5
I2C_CallbackReturnReset@funPtr                     cstackBANK0  0000DC
I2C_Close@returnValue                              cstackBANK0  0000D5
I2C_MasterOperation@read                           cstackBANK0  0000E2
I2C_MasterOperation@returnValue                    cstackBANK0  0000E3
I2C_MasterSendTxData@data                          cstackBANK0  0000D5
I2C_Open@address                                   cstackBANK0  0000D5
I2C_Open@returnValue                               cstackBANK0  0000D6
I2C_Read1ByteRegister@address                      cstackBANK0  0000E5
I2C_Read1ByteRegister@reg                          cstackBANK0  0000E4
I2C_Read1ByteRegister@returnValue                  cstackBANK0  0000E6
I2C_SetAddressNackCallback@cb                      cstackBANK0  0000D9
I2C_SetAddressNackCallback@ptr                     cstackBANK0  0000DB
I2C_SetBuffer@buffer                               cstackBANK0  0000D5
I2C_SetBuffer@bufferSize                           cstackBANK0  0000D6
I2C_SetCallback@cb                                 cstackBANK0  0000D5
I2C_SetCallback@idx                                cstackBANK0  0000D8
I2C_SetCallback@ptr                                cstackBANK0  0000D7
I2C_SetDataCompleteCallback@cb                     cstackBANK0  0000D9
I2C_SetDataCompleteCallback@ptr                    cstackBANK0  0000DB
I2C_Write1ByteRegister@address                     cstackBANK0  0000E6
I2C_Write1ByteRegister@data                        cstackBANK0  0000E5
I2C_Write1ByteRegister@reg                         cstackBANK0  0000E4
LCD_4Bits_Send_Enable_Signal@_LCD                  cstackBANK0  0000DB
LCD_4Bits_Send_Enable_Signal@rt                    cstackBANK0  0000DD
LCD_4Bits_Set_Curser@_LCD                          cstackBANK0  0000E2
LCD_4Bits_Set_Curser@coloumn                       cstackBANK0  0000E4
LCD_4Bits_Set_Curser@row                           cstackBANK0  0000E3
LCD_4Bits_Set_Curser@rt                            cstackBANK0  0000E5
LCD_Send_4Bits@_Data                               cstackBANK0  0000DC
LCD_Send_4Bits@_LCD                                cstackBANK0  0000DB
LCD_Send_4Bits@rt                                  cstackBANK0  0000DE
LED_init@F3461                                     bssCOMRAM    00002B
LED_toggle@F3476                                   bssCOMRAM    000028
LED_turnOFF@F3471                                  bssCOMRAM    000029
LED_turnON@F3466                                   bssCOMRAM    00002A
PinsConfig@hal_usart$F4659@ret                     cstackBANK0  0000DF
RB4_ISR@RB4_Source                                 cstackCOMRAM 000001
RB5_ISR@RB5_Source                                 cstackCOMRAM 000001
RB6_ISR@RB6_Source                                 cstackCOMRAM 000001
RB7_ISR@RB7_Source                                 cstackCOMRAM 000001
TemperatureSensor_TC74_Read_Temp@TC74_Address      cstackBANK0  0000E7
TemperatureSensor_TC74_Read_Temp@TC74_TempValue    cstackBANK0  0000E8
Timer0_Deinit@_timer0                              cstackBANK0  0000D5
Timer0_Deinit@ret                                  cstackBANK0  0000D7
Timer0_Init@_timer0                                cstackBANK0  0000D9
Timer0_Init@ret                                    cstackBANK0  0000DB
Timer0_Interrupt_Configuration@_timer0             cstackBANK0  0000D5
Timer0_Prescaler_Config@_timer0                    cstackBANK0  0000D5
Timer0_Set_Mode@_timer0                            cstackBANK0  0000D5
Timer0_Set_Resolution@_timer0                      cstackBANK0  0000D5
Timer0_Write_Value@_timer0                         cstackBANK0  0000D5
Timer0_Write_Value@_value                          cstackBANK0  0000D7
Timer1_Write_Value@_timer1                         cstackCOMRAM 000001
Timer1_Write_Value@_value                          cstackCOMRAM 000002
Timer1_Write_Value@ret                             cstackCOMRAM 000004
_ADCON0bits                                        (abs)        000FC2
_ADCON1bits                                        (abs)        000FC1
_ADCON2bits                                        (abs)        000FC0
_ADC_Conversion_Result                             text94       004014
_ADC_Get_Conversion_Result_Block                   text91       004D56
_ADC_ISR                                           text133      005642
_ADC_Init                                          text95       003EB0
_ADC_InterruptHandler                              bssBANK0     0000C1
_ADC_Interrupt_Configuration                       text99       005408
_ADC_LDR                                           dataBANK1    000130
_ADC_Result_Format_Control                         text98       004FBC
_ADC_Select_Channel                                text93       0051D4
_ADC_Select_Specific_Channel                       text97       003A1C
_ADC_Start_Conversion                              text92       0053EC
_ADC_Voltage_Reference_Control                     text96       004F6E
_ADRESH                                            (abs)        000FC4
_ADRESL                                            (abs)        000FC3
_ANSEL                                             (abs)        000F7E
_ANSELH                                            (abs)        000F7F
_BAUDCONbits                                       (abs)        000FB8
_Buzz                                              dataCOMRAM   00003D
_CCP1CONbits                                       (abs)        000FBD
_CCP1_DefaultISR                                   text130      004574
_CCP1_ISR                                          text129      005206
_CCP1_InterrptHandle                               bssBANK0     0000BF
_CCP1_flag                                         bssCOMRAM    000027
_CCP1_obj                                          bssBANK1     000165
_CCP2CONbits                                       (abs)        000FBA
_CCP2_ISR                                          text128      00563E
_CCP2_InterrptHandle                               bssBANK0     0000BD
_CCPR1H                                            (abs)        000FBF
_CCPR1L                                            (abs)        000FBE
_CCPR2H                                            (abs)        000FBC
_CCPR2L                                            (abs)        000FBB
_CCPx_CompareMode_WriteData                        text132      004A2A
_Dashboard                                         text32       003D40
_ECU_LCD_4Bit_Initialize                           text29       003348
_ECU_LCD_4Bit_Send_Command                         text86       004B00
_ECU_LCD_4Bit_Send_String_Data_Postition           text84       0041FE
_ECU_LCD_4Bit_Send_char_Data                       text87       004B68
_EEADR                                             (abs)        000FA9
_EEADRH                                            (abs)        000FAA
_EECON1bits                                        (abs)        000FA6
_EECON2                                            (abs)        000FA7
_EEDATA                                            (abs)        000FA8
_EUSART_ASYNC_Init                                 text19       005094
_EUSART_ASYNC_WriteByteBlocking                    text18       005424
_EUSART_ASYNC_WriteStringBlocking                  text17       0046FE
_EUSART_BaudRateCalculation                        text23       001A1A
_EUSART_BaudRateCalculation$7013                   cstackBANK1  000184
_EUSART_RX_ISR                                     text127      005646
_EUSART_RX_Init                                    text22       00393E
_EUSART_TX_ISR                                     text126      00563A
_EUSART_TX_Init                                    text21       003DFA
_I2C_CallbackReturnReset                           text67       005602
_I2C_CallbackReturnStop                            text68       005606
_I2C_Close                                         text80       005236
_I2C_DO_ADDRESS_NACK                               text44       004C34
_I2C_DO_IDLE                                       text58       005586
_I2C_DO_RCEN                                       text53       005570
_I2C_DO_RESET                                      text45       00557C
_I2C_DO_RX                                         text54       0040BE
_I2C_DO_RX_ACK                                     text48       0055BA
_I2C_DO_RX_NACK_RESTART                            text46       0055AA
_I2C_DO_RX_NACK_STOP                               text47       0055B2
_I2C_DO_SEND_ADR_READ                              text57       00551C
_I2C_DO_SEND_ADR_WRITE                             text56       00553A
_I2C_DO_SEND_RESTART                               text50       0055CA
_I2C_DO_SEND_RESTART_READ                          text52       0055DA
_I2C_DO_SEND_RESTART_WRITE                         text51       0055D2
_I2C_DO_SEND_STOP                                  text49       0055C2
_I2C_DO_TX                                         text55       003BBC
_I2C_DO_TX_EMPTY                                   text59       00477A
_I2C_DefaultInterruptHandler                       bssBANK0     0000BB
_I2C_Initialize                                    text15       0054FA
_I2C_MasterClearIrq                                text83       00561E
_I2C_MasterClose                                   text82       00561A
_I2C_MasterDisableIrq                              text81       005616
_I2C_MasterEnableRestart                           text78       00560E
_I2C_MasterFsm                                     text43       0049BC
_I2C_MasterGetRxData                               text64       0055FA
_I2C_MasterIsNack                                  text61       0054D2
_I2C_MasterOpen                                    text38       005372
_I2C_MasterOperation                               text40       0050DA
_I2C_MasterSendAck                                 text63       0055EA
_I2C_MasterSendNack                                text65       0055F0
_I2C_MasterSendTxData                              text62       005590
_I2C_MasterSetIrq                                  text60       0055F6
_I2C_MasterStart                                   text79       005612
_I2C_MasterStartRx                                 text66       0055FE
_I2C_MasterStop                                    text77       00560A
_I2C_MasterWaitForEvent                            text42       00550C
_I2C_MasterWrite                                   text39       0055A2
_I2C_Open                                          text37       00486C
_I2C_Poller                                        text41       0053B2
_I2C_Read1ByteRegister                             text34       0047F4
_I2C_Report_Receive_OverFlow                       bssBANK0     0000B9
_I2C_Report_Write_Collision                        bssBANK0     0000B7
_I2C_SetAddressNackCallback                        text36       0054BE
_I2C_SetBuffer                                     text76       005392
_I2C_SetCallback                                   text75       004DB4
_I2C_SetDataCompleteCallback                       text74       0054E6
_I2C_Status                                        bssBANK0     000060
_I2C_Write1ByteRegister                            text35       0048DE
_INT0_ISR                                          text125      005636
_INT1_ISR                                          text124      005632
_INT2_ISR                                          text123      00562E
_INTCON2bits                                       (abs)        000FF1
_INTCON3bits                                       (abs)        000FF0
_INTCONbits                                        (abs)        000FF2
_InterruptManager                                  intcode      000008
_Interrupt_INT0_Handler                            bssBANK0     0000B5
_Interrupt_INT1_Handler                            bssBANK0     0000B3
_Interrupt_INT2_Handler                            bssBANK0     0000B1
_Interrupt_RB4_Handler_HIGH                        bssBANK0     0000AF
_Interrupt_RB4_Handler_LOW                         bssBANK0     0000AD
_Interrupt_RB5_Handler_HIGH                        bssBANK0     0000AB
_Interrupt_RB5_Handler_LOW                         bssBANK0     0000A9
_Interrupt_RB6_Handler_HIGH                        bssBANK0     0000A7
_Interrupt_RB6_Handler_LOW                         bssBANK0     0000A5
_Interrupt_RB7_Handler_HIGH                        bssBANK0     0000A3
_Interrupt_RB7_Handler_LOW                         bssBANK0     0000A1
_LATA                                              (abs)        000F89
_LATB                                              (abs)        000F8A
_LATC                                              (abs)        000F8B
_LATD                                              (abs)        000F8C
_LATE                                              (abs)        000F8D
_LCD_1                                             dataCOMRAM   000037
_LCD_4Bits_Send_Enable_Signal                      text89       004EC8
_LCD_4Bits_Set_Curser                              text85       004160
_LCD_Send_4Bits                                    text88       00429A
_LDR_Read_Value                                    bssCOMRAM    000031
_MSSP_I2C_BC_ISR                                   text122      00562A
_MSSP_I2C_ISR                                      text121      005626
_MSSP_SPI_ISR                                      text120      005622
_NumberPressed                                     bssCOMRAM    000030
_OSCCON                                            (abs)        000FD3
_OSCILLATOR_Initialize                             text14       00559A
_OSCTUNE                                           (abs)        000F9B
_PIE1bits                                          (abs)        000F9D
_PIE2bits                                          (abs)        000FA0
_PIN_MANAGER_Initialize                            text13       005350
_PIR1bits                                          (abs)        000F9E
_PIR2bits                                          (abs)        000FA1
_PORTA                                             (abs)        000F80
_PORTB                                             (abs)        000F81
_PORTBbits                                         (abs)        000F81
_PORTC                                             (abs)        000F82
_PORTD                                             (abs)        000F83
_PORTE                                             (abs)        000F84
_PWM_Val                                           bssCOMRAM    000022
_PinsConfig@hal_usart$F4659                        text20       005120
_RB4_Flag                                          dataCOMRAM   000036
_RB4_ISR                                           text119      00548C
_RB5_Flag                                          dataCOMRAM   000035
_RB5_ISR                                           text118      005472
_RB6_Flag                                          dataCOMRAM   000034
_RB6_ISR                                           text117      005458
_RB7_Flag                                          dataCOMRAM   000033
_RB7_ISR                                           text116      00543E
_RCREG                                             (abs)        000FAE
_RCSTAbits                                         (abs)        000FAB
_REALTIMECLOCK_DS1307                              bssBANK1     000147
_REALTIMECLOCK_DS1307@RealTimeClock_DS1307$F604    bssBANK0     000083
_REALTIMECLOCK_DS1307_Data                         bssBANK1     000153
_REALTIMECLOCK_DS1307_Get_Data                     text28       004A96
_REALTIMECLOCK_DS1307_print_Data                   text16       00384E
_SPBRG                                             (abs)        000FAF
_SPBRGH                                            (abs)        000FB0
_SPI_InterruptHandler                              bssBANK0     00009F
_SPI_SCK                                           bssBANK0     0000C5
_SPI_SDI                                           bssBANK0     0000C6
_SPI_SDO                                           bssBANK0     0000C7
_SPI_SS                                            bssBANK0     0000C4
_SSPADD                                            (abs)        000FC8
_SSPBUF                                            (abs)        000FC9
_SSPCON1                                           (abs)        000FC6
_SSPCON1bits                                       (abs)        000FC6
_SSPCON2                                           (abs)        000FC5
_SSPCON2bits                                       (abs)        000FC5
_SSPSTAT                                           (abs)        000FC7
_SSPSTATbits                                       (abs)        000FC7
_SYSTEM_Initialize                                 text12       00552C
_T0CONbits                                         (abs)        000FD5
_T1CONbits                                         (abs)        000FCD
_T2CONbits                                         (abs)        000FCA
_T3CONbits                                         (abs)        000FB1
_TMR0H                                             (abs)        000FD7
_TMR0L                                             (abs)        000FD6
_TMR0_ISR                                          text104      00519C
_TMR1H                                             (abs)        000FCF
_TMR1L                                             (abs)        000FCE
_TMR1_ISR                                          text103      005556
_TMR2                                              (abs)        000FCC
_TMR2_ISR                                          text102      0055E2
_TMR3H                                             (abs)        000FB3
_TMR3L                                             (abs)        000FB2
_TMR3_ISR                                          text101      005548
_TRISA                                             (abs)        000F92
_TRISA5                                            (abs)        007C95
_TRISB                                             (abs)        000F93
_TRISC                                             (abs)        000F94
_TRISC3                                            (abs)        007CA3
_TRISC4                                            (abs)        007CA4
_TRISC5                                            (abs)        007CA5
_TRISCbits                                         (abs)        000F94
_TRISD                                             (abs)        000F95
_TRISE                                             (abs)        000F96
_TXREG                                             (abs)        000FAD
_TXSTAbits                                         (abs)        000FAC
_TemperatureSensor_TC74_Read_Temp                  text33       0054A6
_TemperatureSensor_TC74_Read_Value                 nvCOMRAM     00003E
_Timer0_DefaultInterruptHandler                    text105      003AF8
_Timer0_Deinit                                     text11       005304
_Timer0_Init                                       text5        004458
_Timer0_InterruptHandler                           bssBANK0     00009D
_Timer0_Interrupt_Configuration                    text10       0053D0
_Timer0_Prescaler_Config                           text9        004C98
_Timer0_Set_Mode                                   text8        0045FC
_Timer0_Set_Resolution                             text7        00504E
_Timer0_Write_Value                                text6        004CF8
_Timer1_InterruptHandler                           bssBANK0     000099
_Timer1_Write_Value                                text131      00532A
_Timer2_InterruptHandler                           bssBANK0     000095
_Timer3_InterruptHandler                           bssBANK0     000093
_UART_obj                                          dataBANK1    00011F
_USART_FRE_InterruptHandler                        bssBANK0     00008B
_USART_OVRR_InterruptHandler                       bssBANK0     000089
_USART_RX_InterruptHandler                         bssBANK0     00008D
_USART_TX_InterruptHandler                         bssBANK0     00008F
_WPUB                                              (abs)        000F7C
__HRAM                                             (abs)        000000
__H__absolute__                                    __absolute__ 000000
__Habs1                                            abs1         000000
__Hbank0                                           bank0        000000
__Hbank1                                           bank1        000000
__Hbank10                                          bank10       000000
__Hbank11                                          bank11       000000
__Hbank12                                          bank12       000000
__Hbank13                                          bank13       000000
__Hbank14                                          bank14       000000
__Hbank15                                          bank15       000000
__Hbank2                                           bank2        000000
__Hbank3                                           bank3        000000
__Hbank4                                           bank4        000000
__Hbank5                                           bank5        000000
__Hbank6                                           bank6        000000
__Hbank7                                           bank7        000000
__Hbank8                                           bank8        000000
__Hbank9                                           bank9        000000
__Hbigbss                                          bigbss       000000
__Hbigdata                                         bigdata      000000
__Hbigram                                          bigram       000000
__Hbigsfr                                          bigsfr       000000
__Hbss                                             bss          000000
__HbssBANK0                                        bssBANK0     000000
__HbssBANK1                                        bssBANK1     000000
__HbssCOMRAM                                       bssCOMRAM    000000
__Hcinit                                           cinit        000000
__Hclrtext                                         clrtext      000000
__Hcomram                                          comram       000000
__Hconfig                                          config       30000E
__Hconst                                           const        000000
__HcstackBANK0                                     cstackBANK0  000000
__HcstackBANK1                                     cstackBANK1  000000
__HcstackCOMRAM                                    cstackCOMRAM 000000
__Hdata                                            data         000000
__HdataBANK1                                       dataBANK1    000000
__HdataCOMRAM                                      dataCOMRAM   000000
__Heeprom_data                                     eeprom_data  000000
__Hfarbss                                          farbss       000000
__Hfardata                                         fardata      000000
__Hheap                                            heap         000000
__Hibigdata                                        ibigdata     000000
__Hidata                                           idata        000000
__HidataBANK1                                      idataBANK1   000000
__HidataCOMRAM                                     idataCOMRAM  000000
__Hidloc                                           idloc        000000
__Hifardata                                        ifardata     000000
__Hinit                                            init         00045A
__Hintcode                                         intcode      000456
__Hintcode_body                                    intcode_body 000000
__Hintcodelo                                       intcodelo    000456
__Hintentry                                        intentry     000000
__Hintret                                          intret       000000
__Hintsave_regs                                    intsave_regs 000000
__Hirdata                                          irdata       000000
__Hmediumconst                                     mediumconst  000000
__HnvBANK1                                         nvBANK1      000000
__HnvCOMRAM                                        nvCOMRAM     000000
__HnvFARRAM                                        nvFARRAM     000000
__Hnvbit                                           nvbit        000000
__Hnvrram                                          nvrram       000000
__Hparam                                           rparam       000000
__Hpowerup                                         powerup      000456
__Hram                                             ram          000000
__Hramtop                                          ramtop       001000
__Hrbit                                            rbit         000000
__Hrbss                                            rbss         000000
__Hrdata                                           rdata        000000
__Hreset_vec                                       reset_vec    000004
__Hrparam                                          rparam       000000
__Hsfr                                             sfr          000000
__Hsivt_hi                                         sivt_hi      000000
__Hsivt_lo                                         sivt_lo      000000
__Hsmallconst                                      smallconst   001052
__Hspace_0                                         (abs)        005648
__Hspace_1                                         (abs)        000197
__Hspace_2                                         (abs)        000000
__Hspace_4                                         (abs)        60000E
__Hstack                                           stack        000000
__Hstruct                                          struct       000000
__Htemp                                            temp         000040
__Htext                                            text         000000
__Htext0                                           text0        000000
__Htext1                                           text1        000000
__Htext10                                          text10       000000
__Htext101                                         text101      000000
__Htext102                                         text102      000000
__Htext103                                         text103      000000
__Htext104                                         text104      000000
__Htext105                                         text105      000000
__Htext106                                         text106      000000
__Htext107                                         text107      000000
__Htext108                                         text108      000000
__Htext109                                         text109      000000
__Htext11                                          text11       000000
__Htext110                                         text110      000000
__Htext111                                         text111      000000
__Htext112                                         text112      000000
__Htext113                                         text113      000000
__Htext114                                         text114      000000
__Htext115                                         text115      000000
__Htext116                                         text116      000000
__Htext117                                         text117      000000
__Htext118                                         text118      000000
__Htext119                                         text119      000000
__Htext12                                          text12       000000
__Htext120                                         text120      000000
__Htext121                                         text121      000000
__Htext122                                         text122      000000
__Htext123                                         text123      000000
__Htext124                                         text124      000000
__Htext125                                         text125      000000
__Htext126                                         text126      000000
__Htext127                                         text127      000000
__Htext128                                         text128      000000
__Htext129                                         text129      000000
__Htext13                                          text13       000000
__Htext130                                         text130      000000
__Htext131                                         text131      000000
__Htext132                                         text132      000000
__Htext133                                         text133      000000
__Htext14                                          text14       000000
__Htext15                                          text15       000000
__Htext16                                          text16       000000
__Htext17                                          text17       000000
__Htext18                                          text18       000000
__Htext19                                          text19       000000
__Htext2                                           text2        000000
__Htext20                                          text20       000000
__Htext21                                          text21       000000
__Htext22                                          text22       000000
__Htext23                                          text23       000000
__Htext24                                          text24       000000
__Htext25                                          text25       000000
__Htext26                                          text26       000000
__Htext27                                          text27       000000
__Htext28                                          text28       000000
__Htext29                                          text29       000000
__Htext3                                           text3        000000
__Htext30                                          text30       000000
__Htext31                                          text31       000000
__Htext32                                          text32       000000
__Htext33                                          text33       000000
__Htext34                                          text34       000000
__Htext35                                          text35       000000
__Htext36                                          text36       000000
__Htext37                                          text37       000000
__Htext38                                          text38       000000
__Htext39                                          text39       000000
__Htext4                                           text4        000000
__Htext40                                          text40       000000
__Htext41                                          text41       000000
__Htext42                                          text42       000000
__Htext43                                          text43       000000
__Htext44                                          text44       000000
__Htext45                                          text45       000000
__Htext46                                          text46       000000
__Htext47                                          text47       000000
__Htext48                                          text48       000000
__Htext49                                          text49       000000
__Htext5                                           text5        000000
__Htext50                                          text50       000000
__Htext51                                          text51       000000
__Htext52                                          text52       000000
__Htext53                                          text53       000000
__Htext54                                          text54       000000
__Htext55                                          text55       000000
__Htext56                                          text56       000000
__Htext57                                          text57       000000
__Htext58                                          text58       000000
__Htext59                                          text59       000000
__Htext6                                           text6        000000
__Htext60                                          text60       000000
__Htext61                                          text61       000000
__Htext62                                          text62       000000
__Htext63                                          text63       000000
__Htext64                                          text64       000000
__Htext65                                          text65       000000
__Htext66                                          text66       000000
__Htext67                                          text67       000000
__Htext68                                          text68       000000
__Htext69                                          text69       000000
__Htext7                                           text7        000000
__Htext70                                          text70       000000
__Htext71                                          text71       000000
__Htext72                                          text72       000000
__Htext73                                          text73       000000
__Htext74                                          text74       000000
__Htext75                                          text75       000000
__Htext76                                          text76       000000
__Htext77                                          text77       000000
__Htext78                                          text78       000000
__Htext79                                          text79       000000
__Htext8                                           text8        000000
__Htext80                                          text80       000000
__Htext81                                          text81       000000
__Htext82                                          text82       000000
__Htext83                                          text83       000000
__Htext84                                          text84       000000
__Htext85                                          text85       000000
__Htext86                                          text86       000000
__Htext87                                          text87       000000
__Htext88                                          text88       000000
__Htext89                                          text89       000000
__Htext9                                           text9        000000
__Htext90                                          text90       000000
__Htext91                                          text91       000000
__Htext92                                          text92       000000
__Htext93                                          text93       000000
__Htext94                                          text94       000000
__Htext95                                          text95       000000
__Htext96                                          text96       000000
__Htext97                                          text97       000000
__Htext98                                          text98       000000
__Htext99                                          text99       000000
__LRAM                                             (abs)        000001
__L__absolute__                                    __absolute__ 000000
__Labs1                                            abs1         000000
__Lbank0                                           bank0        000000
__Lbank1                                           bank1        000000
__Lbank10                                          bank10       000000
__Lbank11                                          bank11       000000
__Lbank12                                          bank12       000000
__Lbank13                                          bank13       000000
__Lbank14                                          bank14       000000
__Lbank15                                          bank15       000000
__Lbank2                                           bank2        000000
__Lbank3                                           bank3        000000
__Lbank4                                           bank4        000000
__Lbank5                                           bank5        000000
__Lbank6                                           bank6        000000
__Lbank7                                           bank7        000000
__Lbank8                                           bank8        000000
__Lbank9                                           bank9        000000
__Lbigbss                                          bigbss       000000
__Lbigdata                                         bigdata      000000
__Lbigram                                          bigram       000000
__Lbigsfr                                          bigsfr       000000
__Lbss                                             bss          000000
__LbssBANK0                                        bssBANK0     000000
__LbssBANK1                                        bssBANK1     000000
__LbssCOMRAM                                       bssCOMRAM    000000
__Lcinit                                           cinit        000000
__Lclrtext                                         clrtext      000000
__Lcomram                                          comram       000000
__Lconfig                                          config       000000
__Lconst                                           const        000000
__LcstackBANK0                                     cstackBANK0  000000
__LcstackBANK1                                     cstackBANK1  000000
__LcstackCOMRAM                                    cstackCOMRAM 000000
__Ldata                                            data         000000
__LdataBANK1                                       dataBANK1    000000
__LdataCOMRAM                                      dataCOMRAM   000000
__Leeprom_data                                     eeprom_data  000000
__Lfarbss                                          farbss       000000
__Lfardata                                         fardata      000000
__Lheap                                            heap         000000
__Libigdata                                        ibigdata     000000
__Lidata                                           idata        000000
__LidataBANK1                                      idataBANK1   000000
__LidataCOMRAM                                     idataCOMRAM  000000
__Lidloc                                           idloc        000000
__Lifardata                                        ifardata     000000
__Linit                                            init         000456
__Lintcode                                         intcode      000008
__Lintcode_body                                    intcode_body 000000
__Lintcodelo                                       intcodelo    000456
__Lintentry                                        intentry     000000
__Lintret                                          intret       000000
__Lintsave_regs                                    intsave_regs 000000
__Lirdata                                          irdata       000000
__Lmediumconst                                     mediumconst  000000
__LnvBANK1                                         nvBANK1      000000
__LnvCOMRAM                                        nvCOMRAM     000000
__LnvFARRAM                                        nvFARRAM     000000
__Lnvbit                                           nvbit        000000
__Lnvrram                                          nvrram       000000
__Lparam                                           rparam       000000
__Lpowerup                                         powerup      000456
__Lram                                             ram          000000
__Lramtop                                          ramtop       001000
__Lrbit                                            rbit         000000
__Lrbss                                            rbss         000000
__Lrdata                                           rdata        000000
__Lreset_vec                                       reset_vec    000000
__Lrparam                                          rparam       000000
__Lsfr                                             sfr          000000
__Lsivt_hi                                         sivt_hi      000000
__Lsivt_lo                                         sivt_lo      000000
__Lsmallconst                                      smallconst   001000
__Lspace_0                                         (abs)        000000
__Lspace_1                                         (abs)        000000
__Lspace_2                                         (abs)        000000
__Lspace_4                                         (abs)        000000
__Lstack                                           stack        000000
__Lstruct                                          struct       000000
__Ltemp                                            temp         00003F
__Ltext                                            text         000000
__Ltext0                                           text0        000000
__Ltext1                                           text1        000000
__Ltext10                                          text10       000000
__Ltext101                                         text101      000000
__Ltext102                                         text102      000000
__Ltext103                                         text103      000000
__Ltext104                                         text104      000000
__Ltext105                                         text105      000000
__Ltext106                                         text106      000000
__Ltext107                                         text107      000000
__Ltext108                                         text108      000000
__Ltext109                                         text109      000000
__Ltext11                                          text11       000000
__Ltext110                                         text110      000000
__Ltext111                                         text111      000000
__Ltext112                                         text112      000000
__Ltext113                                         text113      000000
__Ltext114                                         text114      000000
__Ltext115                                         text115      000000
__Ltext116                                         text116      000000
__Ltext117                                         text117      000000
__Ltext118                                         text118      000000
__Ltext119                                         text119      000000
__Ltext12                                          text12       000000
[...]
__ptext79                                          text79       005612
__ptext8                                           text8        0045FC
__ptext80                                          text80       005236
__ptext81                                          text81       005616
__ptext82                                          text82       00561A
__ptext83                                          text83       00561E
__ptext84                                          text84       0041FE
__ptext85                                          text85       004160
__ptext86                                          text86       004B00
__ptext87                                          text87       004B68
__ptext88                                          text88       00429A
__ptext89                                          text89       004EC8
__ptext9                                           text9        004C98
__ptext90                                          text90       002A72
__ptext91                                          text91       004D56
__ptext92                                          text92       0053EC
__ptext93                                          text93       0051D4
__ptext94                                          text94       004014
__ptext95                                          text95       003EB0
__ptext96                                          text96       004F6E
__ptext97                                          text97       003A1C
__ptext98                                          text98       004FBC
__ptext99                                          text99       005408
__ramtop                                           ramtop       001000
__smallconst                                       smallconst   001000
_btn_value                                         dataBANK1    000100
_curserPos                                         dataCOMRAM   000032
_exit_Clock                                        bssCOMRAM    00002C
_exit_alarm                                        bssCOMRAM    00002D
_gpio_pin_direction_initialize                     text31       0027A2
_gpio_pin_initialize                               text30       004BD0
_gpio_pin_read_logic                               text3        0031A4
_gpio_pin_write_logic                              text90       002A72
_hours                                             bssCOMRAM    000024
_i2c_fsmStateTable                                 smallconst   001001
_keyPad_Initialize                                 text4        004680
_keyPad_Read                                       text2        003664
_keypad_1                                          dataBANK1    000138
_lat_registers                                     dataBANK1    000115
_main                                              text0        001052
_minutes                                           bssCOMRAM    000025
_nextBack                                          bssCOMRAM    00002F
_pinRC6                                            bssBANK0     0000D4
_pinRC7                                            bssBANK0     0000D3
_port_registers                                    dataBANK1    000110
_rd1RegCompleteHandler                             text72       0052B4
_rd2RegCompleteHandler                             text71       00528C
_rdBlkRegCompleteHandler                           text69       005164
_ret                                               nvBANK1      000196
_ret@ecu_servoMotor$F857                           bssBANK0     0000C8
_seconds                                           bssCOMRAM    000026
_time_array                                        bssBANK0     00007D
_timer0_1                                          dataBANK1    000140
_timer0_preload                                    bssBANK0     00009B
_timer1_obj                                        bssBANK0     0000CD
_timer1_preload                                    bssBANK0     000097
_timer2_preload                                    bssBANK0     0000C3
_timer3_preload                                    bssBANK0     000091
_tris_registers                                    dataBANK1    00011A
_update_display                                    text1        003568
_userInput                                         bssCOMRAM    00002E
_wr1RegCompleteHandler                             text70       005264
_wr2RegCompleteHandler                             text73       0052DC
btemp                                              temp         00003F
end_of_initialization                              cinit        0049B2
gpio_pin_direction_initialize@pinConfig            cstackBANK0  0000D5
gpio_pin_direction_initialize@rt                   cstackBANK0  0000D9
gpio_pin_initialize@pinConfig                      cstackBANK0  0000DB
gpio_pin_initialize@rt                             cstackBANK0  0000DE
gpio_pin_read_logic@logic                          cstackBANK0  0000D7
gpio_pin_read_logic@pinConfig                      cstackBANK0  0000D5
gpio_pin_read_logic@rt                             cstackBANK0  0000DA
gpio_pin_write_logic@logic                         cstackBANK0  0000D7
gpio_pin_write_logic@pinConfig                     cstackBANK0  0000D5
gpio_pin_write_logic@rt                            cstackBANK0  0000DA
i2ECU_LCD_4Bit_Send_Command@_Command               cstackCOMRAM 00000C
i2ECU_LCD_4Bit_Send_Command@_LCD                   cstackCOMRAM 00000B
i2ECU_LCD_4Bit_Send_Command@rt                     cstackCOMRAM 00000D
i2ECU_LCD_4Bit_Send_String_Data_Postition@_Coloumn cstackCOMRAM 000014
i2ECU_LCD_4Bit_Send_String_Data_Postition@_LCD     cstackCOMRAM 000012
i2ECU_LCD_4Bit_Send_String_Data_Postition@_Row     cstackCOMRAM 000013
i2ECU_LCD_4Bit_Send_String_Data_Postition@_Str     cstackCOMRAM 000015
i2ECU_LCD_4Bit_Send_String_Data_Postition@rt       cstackCOMRAM 000017
i2ECU_LCD_4Bit_Send_char_Data@_Data                cstackCOMRAM 00000C
i2ECU_LCD_4Bit_Send_char_Data@_LCD                 cstackCOMRAM 00000B
i2ECU_LCD_4Bit_Send_char_Data@rt                   cstackCOMRAM 00000D
i2LCD_4Bits_Send_Enable_Signal@_LCD                cstackCOMRAM 000007
i2LCD_4Bits_Send_Enable_Signal@rt                  cstackCOMRAM 000009
i2LCD_4Bits_Set_Curser@_LCD                        cstackCOMRAM 00000E
i2LCD_4Bits_Set_Curser@coloumn                     cstackCOMRAM 000010
i2LCD_4Bits_Set_Curser@row                         cstackCOMRAM 00000F
i2LCD_4Bits_Set_Curser@rt                          cstackCOMRAM 000011
i2LCD_Send_4Bits@_Data                             cstackCOMRAM 000008
i2LCD_Send_4Bits@_LCD                              cstackCOMRAM 000007
i2LCD_Send_4Bits@rt                                cstackCOMRAM 00000A
i2_ECU_LCD_4Bit_Send_Command                       text109      004E10
i2_ECU_LCD_4Bit_Send_String_Data_Postition         text107      004330
i2_ECU_LCD_4Bit_Send_char_Data                     text110      004E6C
i2_LCD_4Bits_Send_Enable_Signal                    text112      004F1E
i2_LCD_4Bits_Set_Curser                            text108      0043C4
i2_LCD_Send_4Bits                                  text111      0044E8
i2_gpio_pin_write_logic                            text113      002D3A
i2_update_display                                  text106      00375C
i2gpio_pin_write_logic@logic                       cstackCOMRAM 000003
i2gpio_pin_write_logic@pinConfig                   cstackCOMRAM 000001
i2gpio_pin_write_logic@rt                          cstackCOMRAM 000006
int$flags                                          temp         00003F
intlevel0                                          text         000000
intlevel1                                          text         000000
intlevel2                                          text         000000
intlevel3                                          text         000000
isa$std                                            (abs)        000001
isa$xinst                                          (abs)        000000
keyPad_Initialize@keypad                           cstackBANK0  0000DF
keyPad_Initialize@l_coloums_counter                cstackBANK0  0000E5
keyPad_Initialize@l_rows_counter                   cstackBANK0  0000E4
keyPad_Initialize@rt                               cstackBANK0  0000E3
keyPad_Read@coloumn_logic                          cstackBANK0  0000E4
keyPad_Read@keypad                                 cstackBANK0  0000DB
keyPad_Read@keypad_value                           cstackBANK0  0000DD
keyPad_Read@l_coloumns_counter                     cstackBANK0  0000E3
keyPad_Read@l_counter                              cstackBANK0  0000E1
keyPad_Read@l_rows_counter                         cstackBANK0  0000E2
keyPad_Read@rt                                     cstackBANK0  0000E0
rd1RegCompleteHandler@ptr                          cstackBANK0  0000DC
rd2RegCompleteHandler@ptr                          cstackBANK0  0000DC
rdBlkRegCompleteHandler@ptr                        cstackBANK0  0000DC
stackhi                                            (abs)        000000
stacklo                                            (abs)        000000
start                                              init         000456
start_initialization                               cinit        00494E
ttemp5                                             temp         000040
ttemp6                                             temp         000043
ttemp7                                             temp         000047
wr1RegCompleteHandler@ptr                          cstackBANK0  0000DC
wr2RegCompleteHandler@ptr                          cstackBANK0  0000DC
wtemp8                                             temp         000040


MODULE INFORMATION

Module		Function		Class		Link	Load	Size
MCAL_layer/GPIO/hal_gpio.c
		_gpio_pin_write_logic		CODE           	2A72	0000	712
		_gpio_pin_read_logic		CODE           	31A4	0000	420
		_gpio_pin_direction_initialize		CODE           	27A2	0000	720
		_gpio_pin_initialize		CODE           	4BD0	0000	100

MCAL_layer/GPIO/hal_gpio.c estimated size: 1952

ECU_layer/KeyPad/ecu_keyPad.c
		_keyPad_Initialize		CODE           	4680	0000	126
		_keyPad_Read   		CODE           	3664	0000	248

ECU_layer/KeyPad/ecu_keyPad.c estimated size: 374

mcc_generated_files/examples/i2c_master_example.c
		_wr1RegCompleteHandler		CODE           	5264	0000	40
		_wr2RegCompleteHandler		CODE           	52DC	0000	40
		_I2C_Write1ByteRegister		CODE           	48DE	0000	112
		_I2C_Read1ByteRegister		CODE           	47F4	0000	120
		_rdBlkRegCompleteHandler		CODE           	5164	0000	56
		_rd1RegCompleteHandler		CODE           	52B4	0000	40
		_rd2RegCompleteHandler		CODE           	528C	0000	40

mcc_generated_files/examples/i2c_master_example.c estimated size: 448

C:\Program Files\Microchip\xc8\v2.50\pic\sources\c99\common\sprcdiv.c
		___fldiv       		CODE           	2410	0000	914

C:\Program Files\Microchip\xc8\v2.50\pic\sources\c99\common\sprcdiv.c estimated size: 914

MCAL_layer/SPI/hal_spi.c
		_MSSP_SPI_ISR  		CODE           	5622	0000	4

MCAL_layer/SPI/hal_spi.c estimated size: 4

mcc_generated_files/pin_manager.c
		_PIN_MANAGER_Initialize		CODE           	5350	0000	34

mcc_generated_files/pin_manager.c estimated size: 34

C:\Program Files\Microchip\xc8\v2.50\pic\sources\c99\common\awmod.c
		___awmod       		CODE           	3F66	0000	174

C:\Program Files\Microchip\xc8\v2.50\pic\sources\c99\common\awmod.c estimated size: 174

ECU_layer/TemperatureSensor_TC74/TemperatureSensor_TC74.c
		_TemperatureSensor_TC74_Read_Temp		CODE           	54A6	0000	24

ECU_layer/TemperatureSensor_TC74/TemperatureSensor_TC74.c estimated size: 24

MCAL_layer/I2C/hal_i2c.c
		_MSSP_I2C_ISR  		CODE           	5626	0000	4
		_MSSP_I2C_BC_ISR		CODE           	562A	0000	4

MCAL_layer/I2C/hal_i2c.c estimated size: 8

ECU_layer/Servo_Motor/ecu_servoMotor.c
		_CCP1_DefaultISR		CODE           	4574	0000	136

ECU_layer/Servo_Motor/ecu_servoMotor.c estimated size: 136

C:\Program Files\Microchip\xc8\v2.50\pic\sources\c99\common\xxtofl.c
		___xxtofl      		CODE           	2FEC	0000	440

C:\Program Files\Microchip\xc8\v2.50\pic\sources\c99\common\xxtofl.c estimated size: 440

MCAL_layer/Timer3/hal_timer3.c
		_TMR3_ISR      		CODE           	5548	0000	14

MCAL_layer/Timer3/hal_timer3.c estimated size: 14

MCAL_layer/Timer2/hal_timer2.c
		_TMR2_ISR      		CODE           	55E2	0000	8

MCAL_layer/Timer2/hal_timer2.c estimated size: 8

MCAL_layer/Interrupts/mcal_external_interrupts.c
		_RB4_ISR       		CODE           	548C	0000	26
		_RB5_ISR       		CODE           	5472	0000	26
		_RB6_ISR       		CODE           	5458	0000	26
		_RB7_ISR       		CODE           	543E	0000	26
		_INT0_ISR      		CODE           	5636	0000	4
		_INT1_ISR      		CODE           	5632	0000	4
		_INT2_ISR      		CODE           	562E	0000	4

MCAL_layer/Interrupts/mcal_external_interrupts.c estimated size: 116

C:\Program Files\Microchip\xc8\v2.50\pic\sources\c99\common\sprcadd.c
		___fladd       		CODE           	1F22	0000	1262

C:\Program Files\Microchip\xc8\v2.50\pic\sources\c99\common\sprcadd.c estimated size: 1262

MCAL_layer/ADC/hal_adc.c
		_ADC_Start_Conversion		CODE           	53EC	0000	28
		_ADC_Select_Channel		CODE           	51D4	0000	50
		_ADC_Result_Format_Control		CODE           	4FBC	0000	74
		_ADC_Interrupt_Configuration		CODE           	5408	0000	28
		_ADC_Conversion_Result		CODE           	4014	0000	170
		_ADC_Select_Specific_Channel		CODE           	3A1C	0000	220
		_ADC_Voltage_Reference_Control		CODE           	4F6E	0000	78
		_ADC_ISR       		CODE           	5642	0000	4
		_ADC_Get_Conversion_Result_Block		CODE           	4D56	0000	94
		_ADC_Init      		CODE           	3EB0	0000	182

MCAL_layer/ADC/hal_adc.c estimated size: 928

shared
		i2_LCD_4Bits_Send_Enable_Signal		CODE           	4F1E	0000	80
		i2_LCD_Send_4Bits		CODE           	44E8	0000	140
		__initialization		CODE           	494E	0000	100
		i2_LCD_4Bits_Set_Curser		CODE           	43C4	0000	148
		i2_ECU_LCD_4Bit_Send_char_Data		CODE           	4E6C	0000	92
		i2_gpio_pin_write_logic		CODE           	2D3A	0000	690
		i2_ECU_LCD_4Bit_Send_Command		CODE           	4E10	0000	92
		i2_ECU_LCD_4Bit_Send_String_Data_Postition		CODE           	4330	0000	148
		i2_update_display		CODE           	375C	0000	242
		_i2c_fsmStateTable		SMALLCONST     	1001	0000	32

shared estimated size: 1764

mcc_generated_files/mcc.c
		_OSCILLATOR_Initialize		CODE           	559A	0000	8
		_SYSTEM_Initialize		CODE           	552C	0000	14

mcc_generated_files/mcc.c estimated size: 22

ECU_layer/RealTimeClock_DS1307/RealTimeClock_DS1307.c
		_REALTIMECLOCK_DS1307_print_Data		CODE           	384E	0000	240
		_REALTIMECLOCK_DS1307_Get_Data		CODE           	4A96	0000	106

ECU_layer/RealTimeClock_DS1307/RealTimeClock_DS1307.c estimated size: 346

C:\Program Files\Microchip\xc8\v2.50\pic\sources\c99\common\awdiv.c
		___awdiv       		CODE           	3C7E	0000	194

C:\Program Files\Microchip\xc8\v2.50\pic\sources\c99\common\awdiv.c estimated size: 194

C:\Program Files\Microchip\xc8\v2.50\pic\sources\c99\common\fltol.c
		___fltol       		CODE           	3460	0000	264

C:\Program Files\Microchip\xc8\v2.50\pic\sources\c99\common\fltol.c estimated size: 264

mcc_generated_files/i2c_master.c
		_I2C_Close     		CODE           	5236	0000	46
		_I2C_MasterStartRx		CODE           	55FE	0000	4
		_I2C_DO_SEND_ADR_WRITE		CODE           	553A	0000	14
		_I2C_MasterWaitForEvent		CODE           	550C	0000	16
		_I2C_DO_SEND_STOP		CODE           	55C2	0000	8
		_I2C_MasterSendNack		CODE           	55F0	0000	6
		_I2C_MasterDisableIrq		CODE           	5616	0000	4
		_I2C_CallbackReturnStop		CODE           	5606	0000	4
		_I2C_MasterOperation		CODE           	50DA	0000	70
		_I2C_DO_SEND_ADR_READ		CODE           	551C	0000	16
		_I2C_DO_RX_NACK_STOP		CODE           	55B2	0000	8
		_I2C_DO_SEND_RESTART		CODE           	55CA	0000	8
		_I2C_DO_RX     		CODE           	40BE	0000	162
		_I2C_DO_TX     		CODE           	3BBC	0000	194
		_I2C_DO_IDLE   		CODE           	5586	0000	10
		_I2C_DO_RCEN   		CODE           	5570	0000	12
		_I2C_Poller    		CODE           	53B2	0000	30
		_I2C_DO_RESET  		CODE           	557C	0000	10
		_I2C_MasterClose		CODE           	561A	0000	4
		_I2C_MasterWrite		CODE           	55A2	0000	8
		_I2C_DO_RX_ACK 		CODE           	55BA	0000	8
		_I2C_MasterStart		CODE           	5612	0000	4
		_I2C_MasterClearIrq		CODE           	561E	0000	4
		_I2C_MasterGetRxData		CODE           	55FA	0000	4
		_I2C_SetCallback		CODE           	4DB4	0000	92
		_I2C_DO_ADDRESS_NACK		CODE           	4C34	0000	100
		_I2C_MasterEnableRestart		CODE           	560E	0000	4
		_I2C_CallbackReturnReset		CODE           	5602	0000	4
		_I2C_Open      		CODE           	486C	0000	114
		_I2C_SetAddressNackCallback		CODE           	54BE	0000	20
		_I2C_DO_TX_EMPTY		CODE           	477A	0000	122
		_I2C_DO_SEND_RESTART_WRITE		CODE           	55D2	0000	8
		_I2C_MasterIsNack		CODE           	54D2	0000	20
		_I2C_SetDataCompleteCallback		CODE           	54E6	0000	20
		_I2C_DO_RX_NACK_RESTART		CODE           	55AA	0000	8
		_I2C_MasterSendAck		CODE           	55EA	0000	6
		_I2C_MasterFsm 		CODE           	49BC	0000	110
		_I2C_MasterSetIrq		CODE           	55F6	0000	4
		_I2C_DO_SEND_RESTART_READ		CODE           	55DA	0000	8
		_I2C_Initialize		CODE           	54FA	0000	18
		_I2C_SetBuffer 		CODE           	5392	0000	32
		_I2C_MasterOpen		CODE           	5372	0000	32
		_I2C_MasterSendTxData		CODE           	5590	0000	10
		_I2C_MasterStop		CODE           	560A	0000	4

mcc_generated_files/i2c_master.c estimated size: 1390

MCAL_layer/Timer1/hal_timer1.c
		_TMR1_ISR      		CODE           	5556	0000	14
		_Timer1_Write_Value		CODE           	532A	0000	38

MCAL_layer/Timer1/hal_timer1.c estimated size: 52

MCAL_layer/Timer0/hal_timer0.c
		_Timer0_Init   		CODE           	4458	0000	144
		_Timer0_Deinit 		CODE           	5304	0000	38
		_Timer0_Prescaler_Config		CODE           	4C98	0000	96
		_Timer0_Write_Value		CODE           	4CF8	0000	94
		_Timer0_Set_Mode		CODE           	45FC	0000	132
		_Timer0_Interrupt_Configuration		CODE           	53D0	0000	28
		_TMR0_ISR      		CODE           	519C	0000	56
		_Timer0_Set_Resolution		CODE           	504E	0000	70

MCAL_layer/Timer0/hal_timer0.c estimated size: 658

MCAL_layer/Interrupts/mcal_interrupts_manager.c
		_InterruptManager		CODE           	0008	0000	1102

MCAL_layer/Interrupts/mcal_interrupts_manager.c estimated size: 1102

MCAL_layer/USART/hal_usart.c
		_EUSART_RX_ISR 		CODE           	5646	0000	2
		_EUSART_TX_ISR 		CODE           	563A	0000	4
		_EUSART_ASYNC_WriteByteBlocking		CODE           	5424	0000	26
		_EUSART_RX_Init		CODE           	393E	0000	222
		_EUSART_TX_Init		CODE           	3DFA	0000	182
		_EUSART_ASYNC_Init		CODE           	5094	0000	70
		_EUSART_BaudRateCalculation		CODE           	1A1A	0000	1288
		_PinsConfig@hal_usart$F4659		CODE           	5120	0000	68
		_EUSART_ASYNC_WriteStringBlocking		CODE           	46FE	0000	124

MCAL_layer/USART/hal_usart.c estimated size: 1986

main.c
		_Timer0_DefaultInterruptHandler		CODE           	3AF8	0000	196
		_main          		CODE           	1052	0000	2504
		_Dashboard     		CODE           	3D40	0000	186
		_update_display		CODE           	3568	0000	252

main.c estimated size: 3138

ECU_layer/LCD/LCD.c
		_LCD_4Bits_Send_Enable_Signal		CODE           	4EC8	0000	86
		_LCD_4Bits_Set_Curser		CODE           	4160	0000	158
		_ECU_LCD_4Bit_Send_String_Data_Postition		CODE           	41FE	0000	156
		_LCD_Send_4Bits		CODE           	429A	0000	150
		_ECU_LCD_4Bit_Initialize		CODE           	3348	0000	280
		_ECU_LCD_4Bit_Send_Command		CODE           	4B00	0000	104
		_ECU_LCD_4Bit_Send_char_Data		CODE           	4B68	0000	104

ECU_layer/LCD/LCD.c estimated size: 1038

MCAL_layer/CCP/hal_ccp.c
		_CCPx_CompareMode_WriteData		CODE           	4A2A	0000	108
		_CCP1_ISR      		CODE           	5206	0000	48
		_CCP2_ISR      		CODE           	563E	0000	4

MCAL_layer/CCP/hal_ccp.c estimated size: 160

