Microchip MPLAB XC8 Compiler V2.50

Linker command line:

-W-3 \
  --edf=C:\Program Files\Microchip\xc8\v2.50\pic\dat\20240725155939_en.msgs \
  -cn -h+dist/default/debug\SmartHome.X.debug.sym \
  --cmf=dist/default/debug\SmartHome.X.debug.cmf -z -Q18F46K20 \
  -oC:\Users\hp\AppData\Local\Temp\xcCs44c.2\driver_tmp_3.o \
  --defsym=__MPLAB_BUILD=1 --fixupoverflow=error \
  -Mdist/default/debug/SmartHome.X.debug.map \
  --md=C:\Users\hp\AppData\Local\Temp\xcCs44c.2\driver_tmp_0.dat -E1 \
  -ver=XC8 Compiler --acfsm=1493 -ACODE=00h-0FFFFh -ACONST=00h-0FFFFh \
  -ASMALLCONST=01000h-010FFhx240 -AMEDIUMCONST=01000h-0FFFFh \
  -ACOMRAM=01h-05Fh -AABS1=00h-0F5Fh -ABIGRAM=01h-0F5Fh \
  -ARAM=060h-0FFh,0100h-01FFhx14,0F00h-0F5Fh -ABANK0=060h-0FFh \
  -ABANK1=0100h-01FFh -ABANK2=0200h-02FFh -ABANK3=0300h-03FFh \
  -ABANK4=0400h-04FFh -ABANK5=0500h-05FFh -ABANK6=0600h-06FFh \
  -ABANK7=0700h-07FFh -ABANK8=0800h-08FFh -ABANK9=0900h-09FFh \
  -ABANK10=0A00h-0AFFh -ABANK11=0B00h-0BFFh -ABANK12=0C00h-0CFFh \
  -ABANK13=0D00h-0DFFh -ABANK14=0E00h-0EFFh -ABANK15=0F00h-0F5Fh \
  -ASFR=0F60h-0FFFh -ABIGSFR=0F60h-0FFFh -ACONFIG=0300000h-030000Dh \
  -AIDLOC=0200000h-0200007h -AEEDATA=0F00000h-0F003FFh -peeprom_data=EEDATA \
  -preset_vec=00h,intcode=8h,intcodelo,powerup,init -pramtop=01000h \
  -psmallconst=SMALLCONST -pmediumconst=MEDIUMCONST -pconst=CONST \
  -AFARRAM=00h-00h \
  -prdata=COMRAM,nvrram=COMRAM,nvbit=COMRAM,rbss=COMRAM,rbit=COMRAM \
  -pfarbss=FARRAM,fardata=FARRAM,nvFARRAM=FARRAM \
  -pintsave_regs=BIGRAM,bigbss=BIGRAM,bigdata=BIGRAM -pbss=RAM \
  -pidata=CODE,irdata=CODE,ibigdata=CODE,ifardata=CODE -prparam=COMRAM \
  C:\Users\hp\AppData\Local\Temp\xcCs44c.2\driver_tmp_9.o \
  dist/default/debug\SmartHome.X.debug.o 

Object code version is 3.11

Machine type is 18F46K20



                Name                               Link     Load   Length Selector   Space Scale
C:\Users\hp\AppData\Local\Temp\xcCs44c.2\driver_tmp_9.o
                config                           300000   300000        E        0       4
                init                                456      456        4        4       0
                reset_vec                             0        0        4        0       0
dist/default/debug\SmartHome.X.debug.o
                intcode                               8        8      44E        4       0
                config                           300000   300000        E        0       4
                temp                                 3F       3F        1        1       1
                smallconst                         1000     1000       4A      800       0
                text121                            4B96     4B96        4     2568       0
                text120                            423C     423C       66      825       0
                text119                            48A6     48A6       28     239C       0
                text118                            3D44     3D44       84      825       0
                text117                            47A8     47A8       30     239C       0
                text116                            4B92     4B92        4     2568       0
                text115                            4B9A     4B9A        2     2568       0
                text114                            4B8E     4B8E        4     2568       0
                text113                            4B8A     4B8A        4     2568       0
                text112                            4B86     4B86        4     2568       0
                text111                            4B82     4B82        4     2568       0
                text110                            4B7E     4B7E        4     2568       0
                text109                            4B7A     4B7A        4     2568       0
                text108                            4B76     4B76        4     2568       0
                text107                            49F8     49F8       1A     239C       0
                text106                            49DE     49DE       1A     239C       0
                text105                            49C4     49C4       1A     239C       0
                text104                            49AA     49AA       1A     239C       0
                text103                            35E4     35E4       C2      825       0
                text102                            375C     375C       AE      825       0
                text101                            279A     279A      2B2      825       0
                text100                            4592     4592       50      825       0
                text99                             3C34     3C34       8C      825       0
                text98                             44E0     44E0       5C      825       0
                text97                             4484     4484       5C      825       0
                text96                             3B10     3B10       94      825       0
                text95                             3A7C     3A7C       94      825       0
                text94                             329A     329A       E6      825       0
                text93                             345E     345E       C4      825       0
                text92                             4770     4770       38     239C       0
                text91                             4AAA     4AAA        E     239C       0
                text90                             4B36     4B36        8     2568       0
                text89                             4A9C     4A9C        E     239C       0
                text87                             24D2     24D2      2C8      825       0
                text86                             453C     453C       56      825       0
                text85                             39E6     39E6       96      825       0
                text84                             41D4     41D4       68      825       0
                text83                             2202     2202      2D0      825       0
                text82                             4306     4306       64      825       0
                text81                             2DA8     2DA8      118      825       0
                text80                             4B72     4B72        4     2568       0
                text79                             4B6E     4B6E        4     2568       0
                text78                             4B6A     4B6A        4     2568       0
                text77                             47D8     47D8       2E     239C       0
                text76                             4B66     4B66        4     2568       0
                text75                             4B62     4B62        4     2568       0
                text74                             4B5E     4B5E        4     2568       0
                text73                             4936     4936       20     239C       0
                text72                             4428     4428       5C      825       0
                text71                             4A3A     4A3A       14     239C       0
                text70                             487E     487E       28     239C       0
                text69                             4856     4856       28     239C       0
                text68                             482E     482E       28     239C       0
                text67                             4806     4806       28     239C       0
                text66                             4738     4738       38     239C       0
                text65                             4B5A     4B5A        4     2568       0
                text64                             4B56     4B56        4     2568       0
                text63                             4B52     4B52        4     2568       0
                text62                             4B44     4B44        6     2568       0
                text61                             4B4E     4B4E        4     2568       0
                text60                             4B3E     4B3E        6     2568       0
                text59                             4AE4     4AE4        A     2568       0
                text58                             4A26     4A26       14     239C       0
                text57                             4B4A     4B4A        4     2568       0
                text56                             3EC2     3EC2       7A      825       0
                text55                             4ADA     4ADA        A     2568       0
                text54                             4A70     4A70       10     239C       0
                text53                             4A8E     4A8E        E     239C       0
                text52                             3522     3522       C2      825       0
                text51                             380A     380A       A2      825       0
                text50                             4AB8     4AB8        C     239C       0
                text49                             4B2E     4B2E        8     2568       0
                text48                             4B26     4B26        8     2568       0
                text47                             4B1E     4B1E        8     2568       0
                text46                             4B16     4B16        8     2568       0
                text45                             4B0E     4B0E        8     2568       0
                text44                             4B06     4B06        8     2568       0
                text43                             4AFE     4AFE        8     2568       0
                text42                             4AD0     4AD0        A     2568       0
                text41                             42A2     42A2       64      825       0
                text40                             4094     4094       6E      825       0
                text39                             4A60     4A60       10     239C       0
                text38                             4956     4956       1E     239C       0
                text37                             466E     466E       46      825       0
                text36                             4AF6     4AF6        8     2568       0
                text35                             4916     4916       20     239C       0
                text34                             3FB4     3FB4       72      825       0
                text33                             4A12     4A12       14     239C       0
                text32                             3F3C     3F3C       78      825       0
                text31                             4102     4102       6A      825       0
                text30                             1556     1556      4B8      825       0
                text29                             1E70     1E70      392      825       0
                text28                             2EC0     2EC0      108      825       0
                text27                             2A4C     2A4C      1B8      825       0
                text26                             104A     104A      50C      825       0
                text25                             3380     3380       DE      825       0
                text24                             36A6     36A6       B6      825       0
                text23                             46B4     46B4       44      825       0
                text22                             4628     4628       46      825       0
                text21                             4990     4990       1A     239C       0
                text20                             3E46     3E46       7C      825       0
                text19                             30C0     30C0       F0      825       0
                text18                             4A4E     4A4E       12     239C       0
                text17                             4AEE     4AEE        8     2568       0
                text16                             48F4     48F4       22     239C       0
                text15                             4A80     4A80        E     239C       0
                text14                             48CE     48CE       26     239C       0
                text13                             4974     4974       1C     239C       0
                text12                             436A     436A       60      825       0
                text11                             3CC0     3CC0       84      825       0
                text10                             45E2     45E2       46      825       0
                text9                              43CA     43CA       5E      825       0
                text8                              3BA4     3BA4       90      825       0
                text7                              3DC8     3DC8       7E      825       0
                text6                              2C04     2C04      1A4      825       0
                text5                              2FC8     2FC8       F8      825       0
                text4                              416C     416C       68      825       0
                text3                              38AC     38AC       9E      825       0
                text2                              394A     394A       9C      825       0
                text1                              31B0     31B0       EA      825       0
                text0                              1A0E     1A0E      462      825       0
                cstackCOMRAM                          1        1       21        1       1
                cstackBANK0                          D5       D5       29       60       1
                cstackBANK1                         13F      13F       26      100       1
                dataBANK1                           100      100       3F      100       1
                bssBANK1                            165      165       24      100       1
                bssBANK0                             60       60       75       60       1
                dataCOMRAM                           34       34        B        1       1
                bssCOMRAM                            22       22       12        1       1
                cinit                              4026     4026       6E      825       0
                nvBANK0                              FE       FE        2       60       1
                idataBANK1                         46F8     46F8       3F      825       0
                idataCOMRAM                        4AC4     4AC4        B     239C       0

TOTAL           Name                               Link     Load   Length     Space
        CLASS   CODE           
                intcode                               8        8      44E         0
                init                                456      456        4         0
                reset_vec                             0        0        4         0
                text121                            4B96     4B96        4         0
                text120                            423C     423C       66         0
                text119                            48A6     48A6       28         0
                text118                            3D44     3D44       84         0
                text117                            47A8     47A8       30         0
                text116                            4B92     4B92        4         0
                text115                            4B9A     4B9A        2         0
                text114                            4B8E     4B8E        4         0
                text113                            4B8A     4B8A        4         0
                text112                            4B86     4B86        4         0
                text111                            4B82     4B82        4         0
                text110                            4B7E     4B7E        4         0
                text109                            4B7A     4B7A        4         0
                text108                            4B76     4B76        4         0
                text107                            49F8     49F8       1A         0
                text106                            49DE     49DE       1A         0
                text105                            49C4     49C4       1A         0
                text104                            49AA     49AA       1A         0
                text103                            35E4     35E4       C2         0
                text102                            375C     375C       AE         0
                text101                            279A     279A      2B2         0
                text100                            4592     4592       50         0
                text99                             3C34     3C34       8C         0
                text98                             44E0     44E0       5C         0
                text97                             4484     4484       5C         0
                text96                             3B10     3B10       94         0
                text95                             3A7C     3A7C       94         0
                text94                             329A     329A       E6         0
                text93                             345E     345E       C4         0
                text92                             4770     4770       38         0
                text91                             4AAA     4AAA        E         0
                text90                             4B36     4B36        8         0
                text89                             4A9C     4A9C        E         0
                text87                             24D2     24D2      2C8         0
                text86                             453C     453C       56         0
                text85                             39E6     39E6       96         0
                text84                             41D4     41D4       68         0
                text83                             2202     2202      2D0         0
                text82                             4306     4306       64         0
                text81                             2DA8     2DA8      118         0
                text80                             4B72     4B72        4         0
                text79                             4B6E     4B6E        4         0
                text78                             4B6A     4B6A        4         0
                text77                             47D8     47D8       2E         0
                text76                             4B66     4B66        4         0
                text75                             4B62     4B62        4         0
                text74                             4B5E     4B5E        4         0
                text73                             4936     4936       20         0
                text72                             4428     4428       5C         0
                text71                             4A3A     4A3A       14         0
                text70                             487E     487E       28         0
                text69                             4856     4856       28         0
                text68                             482E     482E       28         0
                text67                             4806     4806       28         0
                text66                             4738     4738       38         0
                text65                             4B5A     4B5A        4         0
                text64                             4B56     4B56        4         0
                text63                             4B52     4B52        4         0
                text62                             4B44     4B44        6         0
                text61                             4B4E     4B4E        4         0
                text60                             4B3E     4B3E        6         0
                text59                             4AE4     4AE4        A         0
                text58                             4A26     4A26       14         0
                text57                             4B4A     4B4A        4         0
                text56                             3EC2     3EC2       7A         0
                text55                             4ADA     4ADA        A         0
                text54                             4A70     4A70       10         0
                text53                             4A8E     4A8E        E         0
                text52                             3522     3522       C2         0
                text51                             380A     380A       A2         0
                text50                             4AB8     4AB8        C         0
                text49                             4B2E     4B2E        8         0
                text48                             4B26     4B26        8         0
                text47                             4B1E     4B1E        8         0
                text46                             4B16     4B16        8         0
                text45                             4B0E     4B0E        8         0
                text44                             4B06     4B06        8         0
                text43                             4AFE     4AFE        8         0
                text42                             4AD0     4AD0        A         0
                text41                             42A2     42A2       64         0
                text40                             4094     4094       6E         0
                text39                             4A60     4A60       10         0
                text38                             4956     4956       1E         0
                text37                             466E     466E       46         0
                text36                             4AF6     4AF6        8         0
                text35                             4916     4916       20         0
                text34                             3FB4     3FB4       72         0
                text33                             4A12     4A12       14         0
                text32                             3F3C     3F3C       78         0
                text31                             4102     4102       6A         0
                text30                             1556     1556      4B8         0
                text29                             1E70     1E70      392         0
                text28                             2EC0     2EC0      108         0
                text27                             2A4C     2A4C      1B8         0
                text26                             104A     104A      50C         0
                text25                             3380     3380       DE         0
                text24                             36A6     36A6       B6         0
                text23                             46B4     46B4       44         0
                text22                             4628     4628       46         0
                text21                             4990     4990       1A         0
                text20                             3E46     3E46       7C         0
                text19                             30C0     30C0       F0         0
                text18                             4A4E     4A4E       12         0
                text17                             4AEE     4AEE        8         0
                text16                             48F4     48F4       22         0
                text15                             4A80     4A80        E         0
                text14                             48CE     48CE       26         0
                text13                             4974     4974       1C         0
                text12                             436A     436A       60         0
                text11                             3CC0     3CC0       84         0
                text10                             45E2     45E2       46         0
                text9                              43CA     43CA       5E         0
                text8                              3BA4     3BA4       90         0
                text7                              3DC8     3DC8       7E         0
                text6                              2C04     2C04      1A4         0
                text5                              2FC8     2FC8       F8         0
                text4                              416C     416C       68         0
                text3                              38AC     38AC       9E         0
                text2                              394A     394A       9C         0
                text1                              31B0     31B0       EA         0
                text0                              1A0E     1A0E      462         0
                cinit                              4026     4026       6E         0
                idataBANK1                         46F8     46F8       3F         0
                idataCOMRAM                        4AC4     4AC4        B         0

        CLASS   CONST          

        CLASS   SMALLCONST     
                smallconst                         1000     1000       4A         0

        CLASS   MEDIUMCONST    

        CLASS   COMRAM         
                temp                                 3F       3F        1         1
                cstackCOMRAM                          1        1       21         1
                dataCOMRAM                           34       34        B         1
                bssCOMRAM                            22       22       12         1

        CLASS   ABS1           

        CLASS   BIGRAM         

        CLASS   RAM            

        CLASS   BANK0          
                cstackBANK0                          D5       D5       29         1
                bssBANK0                             60       60       75         1
                nvBANK0                              FE       FE        2         1

        CLASS   BANK1          
                cstackBANK1                         13F      13F       26         1
                dataBANK1                           100      100       3F         1
                bssBANK1                            165      165       24         1

        CLASS   BANK2          

        CLASS   BANK3          

        CLASS   BANK4          

        CLASS   BANK5          

        CLASS   BANK6          

        CLASS   BANK7          

        CLASS   BANK8          

        CLASS   BANK9          

        CLASS   BANK10         

        CLASS   BANK11         

        CLASS   BANK12         

        CLASS   BANK13         

        CLASS   BANK14         

        CLASS   BANK15         

        CLASS   SFR            

        CLASS   BIGSFR         

        CLASS   CONFIG         
                config                           300000   300000        E         4

        CLASS   IDLOC          

        CLASS   EEDATA         

        CLASS   FARRAM         

        CLASS   HEAP           

        CLASS   STACK          



SEGMENTS        Name                           Load    Length   Top    Selector   Space  Class

                reset_vec                      000000  000004  000004         0       0  CODE    
                cstackCOMRAM                   000001  00003F  000040         1       1  COMRAM  
                intcode                        000008  000452  00045A         4       0  CODE    
                bssBANK0                       000060  0000A0  000100        60       1  BANK0   
                dataBANK1                      000100  000089  000189       100       1  BANK1   
                smallconst                     001000  00004A  00104A       800       0  SMALLCON
                text26                         00104A  0036ED  004737       825       0  CODE    
                text66                         004738  000397  004ACF      239C       0  CODE    
                text42                         004AD0  0000CC  004B9C      2568       0  CODE    


UNUSED ADDRESS RANGES

        Name                Unused          Largest block    Delta
        BANK1            000189-0001FF               77
        BANK10           000A00-000AFF              100
        BANK11           000B00-000BFF              100
        BANK12           000C00-000CFF              100
        BANK13           000D00-000DFF              100
        BANK14           000E00-000EFF              100
        BANK15           000F00-000F5F               60
        BANK2            000200-0002FF              100
        BANK3            000300-0003FF              100
        BANK4            000400-0004FF              100
        BANK5            000500-0005FF              100
        BANK6            000600-0006FF              100
        BANK7            000700-0007FF              100
        BANK8            000800-0008FF              100
        BANK9            000900-0009FF              100
        BIGRAM           000040-00005F               20
                         000189-000F5F              DD7
        BIGSFR           000F60-000FFF               A0
        CODE             000004-000007                4
                         00045A-000FFF              BA6
                         004737-004737                1
                         004ACF-004ACF                1
                         004B9C-00FFFF             B464
        COMRAM           000040-00005F               20
        CONST            000004-000007                4
                         00045A-000FFF              BA6
                         004737-004737                1
                         004ACF-004ACF                1
                         004B9C-00FFFF             B464
        EEDATA           F00000-F003FF              400
        IDLOC            200000-200007                8
        MEDIUMCONST      004737-004737                1
                         004ACF-004ACF                1
                         004B9C-00FFFF             B464
        RAM              000189-000F5F              100
        SFR              000F60-000FFF               A0
        SMALLCONST       004737-004737                1
                         004ACF-004ACF                1
                         004B9C-00FFFF              100

                                  Symbol Table

?_REALTIMECLOCK_DS1307_Get_Data                    cstackBANK0  0000E7
?_REALTIMECLOCK_DS1307_print_Data                  cstackBANK1  00015B
?___awdiv                                          cstackCOMRAM 000001
?___awmod                                          cstackCOMRAM 000001
?___fladd                                          cstackBANK1  00013F
?___fldiv                                          cstackBANK0  0000E3
?___fltol                                          cstackBANK0  0000D5
?___xxtofl                                         cstackBANK0  0000D5
CCPx_CompareMode_WriteData@CCPx_reg                cstackCOMRAM 000006
CCPx_CompareMode_WriteData@_CCPx                   cstackCOMRAM 000001
CCPx_CompareMode_WriteData@_Data                   cstackCOMRAM 000002
CCPx_CompareMode_WriteData@ret                     cstackCOMRAM 000005
ECU_LCD_4Bit_Initialize@LCD_Counter                cstackBANK0  0000E4
ECU_LCD_4Bit_Initialize@_LCD                       cstackBANK0  0000E2
ECU_LCD_4Bit_Initialize@rt                         cstackBANK0  0000E5
ECU_LCD_4Bit_Send_Command@_Command                 cstackBANK0  0000E0
ECU_LCD_4Bit_Send_Command@_LCD                     cstackBANK0  0000DF
ECU_LCD_4Bit_Send_Command@rt                       cstackBANK0  0000E1
ECU_LCD_4Bit_Send_String_Data_Postition@_Coloumn   cstackBANK1  00015F
ECU_LCD_4Bit_Send_String_Data_Postition@_LCD       cstackBANK1  00015D
ECU_LCD_4Bit_Send_String_Data_Postition@_Row       cstackBANK1  00015E
ECU_LCD_4Bit_Send_String_Data_Postition@_Str       cstackBANK1  000160
ECU_LCD_4Bit_Send_String_Data_Postition@rt         cstackBANK1  000162
ECU_LCD_4Bit_Send_char_Data@_Data                  cstackBANK0  0000E0
ECU_LCD_4Bit_Send_char_Data@_LCD                   cstackBANK0  0000DF
ECU_LCD_4Bit_Send_char_Data@rt                     cstackBANK0  0000E1
ECU_Relay_Initialize@F3462                         bssCOMRAM    000026
ECU_Relay_toggle@F3477                             bssBANK0     0000C4
ECU_Relay_turnOFF@F3472                            bssBANK0     0000C5
ECU_Relay_turnON@F3467                             bssCOMRAM    000025
EUSART_ASYNC_Init@_EUSART                          cstackBANK1  000159
EUSART_ASYNC_WriteByteBlocking@_Byte               cstackBANK0  0000D5
EUSART_ASYNC_WriteStringBlocking@_Byte             cstackBANK0  0000D6
EUSART_ASYNC_WriteStringBlocking@char_counter      cstackBANK0  0000DD
EUSART_ASYNC_WriteStringBlocking@ret               cstackBANK0  0000DC
EUSART_ASYNC_WriteStringBlocking@str_len           cstackBANK0  0000D8
EUSART_BaudRateCalculation@_EUSART                 cstackBANK0  0000FC
EUSART_BaudRateCalculation@baudrate_Val            cstackBANK1  000151
EUSART_RX_Init@_EUSART                             cstackBANK0  0000D5
EUSART_TX_Init@_EUSART                             cstackBANK0  0000D5
I2C_CallbackReturnReset@funPtr                     cstackBANK0  0000DC
I2C_Close@returnValue                              cstackBANK0  0000D5
I2C_MasterOperation@read                           cstackBANK0  0000E2
I2C_MasterOperation@returnValue                    cstackBANK0  0000E3
I2C_MasterSendTxData@data                          cstackBANK0  0000D5
I2C_Open@address                                   cstackBANK0  0000D5
I2C_Open@returnValue                               cstackBANK0  0000D6
I2C_Read1ByteRegister@address                      cstackBANK0  0000E5
I2C_Read1ByteRegister@reg                          cstackBANK0  0000E4
I2C_Read1ByteRegister@returnValue                  cstackBANK0  0000E6
I2C_SetAddressNackCallback@cb                      cstackBANK0  0000D9
I2C_SetAddressNackCallback@ptr                     cstackBANK0  0000DB
I2C_SetBuffer@buffer                               cstackBANK0  0000D5
I2C_SetBuffer@bufferSize                           cstackBANK0  0000D6
I2C_SetCallback@cb                                 cstackBANK0  0000D5
I2C_SetCallback@idx                                cstackBANK0  0000D8
I2C_SetCallback@ptr                                cstackBANK0  0000D7
I2C_SetDataCompleteCallback@cb                     cstackBANK0  0000D9
I2C_SetDataCompleteCallback@ptr                    cstackBANK0  0000DB
LCD_4Bits_Send_Enable_Signal@_LCD                  cstackBANK0  0000DB
LCD_4Bits_Send_Enable_Signal@rt                    cstackBANK0  0000DD
LCD_4Bits_Set_Curser@_LCD                          cstackBANK0  0000E2
LCD_4Bits_Set_Curser@coloumn                       cstackBANK0  0000E4
LCD_4Bits_Set_Curser@row                           cstackBANK0  0000E3
LCD_4Bits_Set_Curser@rt                            cstackBANK0  0000E5
LCD_Send_4Bits@_Data                               cstackBANK0  0000DC
LCD_Send_4Bits@_LCD                                cstackBANK0  0000DB
LCD_Send_4Bits@rt                                  cstackBANK0  0000DE
LED_init@F3461                                     bssCOMRAM    00002A
LED_toggle@F3476                                   bssCOMRAM    000027
LED_turnOFF@F3471                                  bssCOMRAM    000028
LED_turnON@F3466                                   bssCOMRAM    000029
PinsConfig@hal_usart$F4705@ret                     cstackBANK0  0000DF
RB4_ISR@RB4_Source                                 cstackCOMRAM 000001
RB5_ISR@RB5_Source                                 cstackCOMRAM 000001
RB6_ISR@RB6_Source                                 cstackCOMRAM 000001
RB7_ISR@RB7_Source                                 cstackCOMRAM 000001
Timer0_Deinit@_timer0                              cstackBANK0  0000D5
Timer0_Deinit@ret                                  cstackBANK0  0000D7
Timer0_Init@_timer0                                cstackBANK0  0000D9
Timer0_Init@ret                                    cstackBANK0  0000DB
Timer0_Interrupt_Configuration@_timer0             cstackBANK0  0000D5
Timer0_Prescaler_Config@_timer0                    cstackBANK0  0000D5
Timer0_Set_Mode@_timer0                            cstackBANK0  0000D5
Timer0_Set_Resolution@_timer0                      cstackBANK0  0000D5
Timer0_Write_Value@_timer0                         cstackBANK0  0000D5
Timer0_Write_Value@_value                          cstackBANK0  0000D7
Timer1_Write_Value@_timer1                         cstackCOMRAM 000001
Timer1_Write_Value@_value                          cstackCOMRAM 000003
Timer1_Write_Value@ret                             cstackCOMRAM 000005
_ADCON0bits                                        (abs)        000FC2
_ADCON1bits                                        (abs)        000FC1
_ADCON2bits                                        (abs)        000FC0
_ADC_ISR                                           text121      004B96
_ADC_InterruptHandler                              bssBANK0     0000C1
_ADRESH                                            (abs)        000FC4
_ADRESL                                            (abs)        000FC3
_ANSEL                                             (abs)        000F7E
_ANSELH                                            (abs)        000F7F
_BAUDCONbits                                       (abs)        000FB8
_CCP1CONbits                                       (abs)        000FBD
_CCP1_DefaultISR                                   text118      003D44
_CCP1_ISR                                          text117      0047A8
_CCP1_InterrptHandle                               bssBANK0     0000BF
_CCP1_flag                                         bssCOMRAM    000024
_CCP1_obj                                          bssBANK0     0000CA
_CCP2CONbits                                       (abs)        000FBA
_CCP2_ISR                                          text116      004B92
_CCP2_InterrptHandle                               bssBANK0     0000BD
_CCPR1H                                            (abs)        000FBF
_CCPR1L                                            (abs)        000FBE
_CCPR2H                                            (abs)        000FBC
_CCPR2L                                            (abs)        000FBB
_CCPx_CompareMode_WriteData                        text120      00423C
_ECU_LCD_4Bit_Initialize                           text81       002DA8
_ECU_LCD_4Bit_Send_Command                         text84       0041D4
_ECU_LCD_4Bit_Send_String_Data_Postition           text2        00394A
_ECU_LCD_4Bit_Send_char_Data                       text4        00416C
_EEADR                                             (abs)        000FA9
_EEADRH                                            (abs)        000FAA
_EECON1bits                                        (abs)        000FA6
_EECON2                                            (abs)        000FA7
_EEDATA                                            (abs)        000FA8
_EUSART_ASYNC_Init                                 text22       004628
_EUSART_ASYNC_WriteByteBlocking                    text21       004990
_EUSART_ASYNC_WriteStringBlocking                  text20       003E46
_EUSART_BaudRateCalculation                        text26       00104A
_EUSART_BaudRateCalculation$6910                   cstackBANK1  000155
_EUSART_RX_ISR                                     text115      004B9A
_EUSART_RX_Init                                    text25       003380
_EUSART_TX_ISR                                     text114      004B8E
_EUSART_TX_Init                                    text24       0036A6
_I2C_CallbackReturnReset                           text64       004B56
_I2C_CallbackReturnStop                            text65       004B5A
_I2C_Close                                         text77       0047D8
_I2C_DO_ADDRESS_NACK                               text41       0042A2
_I2C_DO_IDLE                                       text55       004ADA
_I2C_DO_RCEN                                       text50       004AB8
_I2C_DO_RESET                                      text42       004AD0
_I2C_DO_RX                                         text51       00380A
_I2C_DO_RX_ACK                                     text45       004B0E
_I2C_DO_RX_NACK_RESTART                            text43       004AFE
_I2C_DO_RX_NACK_STOP                               text44       004B06
_I2C_DO_SEND_ADR_READ                              text54       004A70
_I2C_DO_SEND_ADR_WRITE                             text53       004A8E
_I2C_DO_SEND_RESTART                               text47       004B1E
_I2C_DO_SEND_RESTART_READ                          text49       004B2E
_I2C_DO_SEND_RESTART_WRITE                         text48       004B26
_I2C_DO_SEND_STOP                                  text46       004B16
_I2C_DO_TX                                         text52       003522
_I2C_DO_TX_EMPTY                                   text56       003EC2
_I2C_DefaultInterruptHandler                       bssBANK0     0000BB
_I2C_Initialize                                    text18       004A4E
_I2C_MasterClearIrq                                text80       004B72
_I2C_MasterClose                                   text79       004B6E
_I2C_MasterDisableIrq                              text78       004B6A
_I2C_MasterEnableRestart                           text75       004B62
_I2C_MasterFsm                                     text40       004094
_I2C_MasterGetRxData                               text61       004B4E
_I2C_MasterIsNack                                  text58       004A26
_I2C_MasterOpen                                    text35       004916
_I2C_MasterOperation                               text37       00466E
_I2C_MasterSendAck                                 text60       004B3E
_I2C_MasterSendNack                                text62       004B44
_I2C_MasterSendTxData                              text59       004AE4
_I2C_MasterSetIrq                                  text57       004B4A
_I2C_MasterStart                                   text76       004B66
_I2C_MasterStartRx                                 text63       004B52
_I2C_MasterStop                                    text74       004B5E
_I2C_MasterWaitForEvent                            text39       004A60
_I2C_MasterWrite                                   text36       004AF6
_I2C_Open                                          text34       003FB4
_I2C_Poller                                        text38       004956
_I2C_Read1ByteRegister                             text32       003F3C
_I2C_Report_Receive_OverFlow                       bssBANK0     0000B9
_I2C_Report_Write_Collision                        bssBANK0     0000B7
_I2C_SetAddressNackCallback                        text33       004A12
_I2C_SetBuffer                                     text73       004936
_I2C_SetCallback                                   text72       004428
_I2C_SetDataCompleteCallback                       text71       004A3A
_I2C_Status                                        bssBANK0     000060
_INT0_ISR                                          text113      004B8A
_INT1_ISR                                          text112      004B86
_INT2_ISR                                          text111      004B82
_INTCON2bits                                       (abs)        000FF1
_INTCON3bits                                       (abs)        000FF0
_INTCONbits                                        (abs)        000FF2
_InterruptManager                                  intcode      000008
_Interrupt_INT0_Handler                            bssBANK0     0000B5
_Interrupt_INT1_Handler                            bssBANK0     0000B3
_Interrupt_INT2_Handler                            bssBANK0     0000B1
_Interrupt_RB4_Handler_HIGH                        bssBANK0     0000AF
_Interrupt_RB4_Handler_LOW                         bssBANK0     0000AD
_Interrupt_RB5_Handler_HIGH                        bssBANK0     0000AB
_Interrupt_RB5_Handler_LOW                         bssBANK0     0000A9
_Interrupt_RB6_Handler_HIGH                        bssBANK0     0000A7
_Interrupt_RB6_Handler_LOW                         bssBANK0     0000A5
_Interrupt_RB7_Handler_HIGH                        bssBANK0     0000A3
_Interrupt_RB7_Handler_LOW                         bssBANK0     0000A1
_LATA                                              (abs)        000F89
_LATB                                              (abs)        000F8A
_LATC                                              (abs)        000F8B
_LATD                                              (abs)        000F8C
_LATE                                              (abs)        000F8D
_LCD_1                                             dataCOMRAM   000039
_LCD_4Bits_Send_Enable_Signal                      text86       00453C
_LCD_4Bits_Set_Curser                              text3        0038AC
_LCD_Send_4Bits                                    text85       0039E6
_MSSP_I2C_BC_ISR                                   text110      004B7E
_MSSP_I2C_ISR                                      text109      004B7A
_MSSP_SPI_ISR                                      text108      004B76
_NumberPressed                                     nvBANK0      0000FF
_OSCCON                                            (abs)        000FD3
_OSCILLATOR_Initialize                             text17       004AEE
_OSCTUNE                                           (abs)        000F9B
_PIE1bits                                          (abs)        000F9D
_PIE2bits                                          (abs)        000FA0
_PIN_MANAGER_Initialize                            text16       0048F4
_PIR1bits                                          (abs)        000F9E
_PIR2bits                                          (abs)        000FA1
_PORTA                                             (abs)        000F80
_PORTB                                             (abs)        000F81
_PORTBbits                                         (abs)        000F81
_PORTC                                             (abs)        000F82
_PORTD                                             (abs)        000F83
_PORTE                                             (abs)        000F84
_PWM_Val                                           bssCOMRAM    000022
_PinsConfig@hal_usart$F4705                        text23       0046B4
_RB4_Flag                                          dataCOMRAM   000037
_RB4_ISR                                           text107      0049F8
_RB5_Flag                                          dataCOMRAM   000036
_RB5_ISR                                           text106      0049DE
_RB6_Flag                                          dataCOMRAM   000035
_RB6_ISR                                           text105      0049C4
_RB7_Flag                                          dataCOMRAM   000034
_RB7_ISR                                           text104      0049AA
_RCREG                                             (abs)        000FAE
_RCSTAbits                                         (abs)        000FAB
_REALTIMECLOCK_DS1307                              bssBANK1     00016B
_REALTIMECLOCK_DS1307@RealTimeClock_DS1307$F5571   bssBANK0     00007D
_REALTIMECLOCK_DS1307_Data                         bssBANK1     000171
_REALTIMECLOCK_DS1307_Get_Data                     text31       004102
_REALTIMECLOCK_DS1307_print_Data                   text19       0030C0
_SPBRG                                             (abs)        000FAF
_SPBRGH                                            (abs)        000FB0
_SPI_InterruptHandler                              bssBANK0     00009F
_SPI_SCK                                           bssBANK0     0000C7
_SPI_SDI                                           bssBANK0     0000C8
_SPI_SDO                                           bssBANK0     0000C9
_SPI_SS                                            bssBANK0     0000C6
_SSPADD                                            (abs)        000FC8
_SSPBUF                                            (abs)        000FC9
_SSPCON1                                           (abs)        000FC6
_SSPCON1bits                                       (abs)        000FC6
_SSPCON2                                           (abs)        000FC5
_SSPCON2bits                                       (abs)        000FC5
_SSPSTAT                                           (abs)        000FC7
_SSPSTATbits                                       (abs)        000FC7
_SYSTEM_Initialize                                 text15       004A80
_T0CONbits                                         (abs)        000FD5
_T1CONbits                                         (abs)        000FCD
_T2CONbits                                         (abs)        000FCA
_T3CONbits                                         (abs)        000FB1
_TMR0H                                             (abs)        000FD7
_TMR0L                                             (abs)        000FD6
_TMR0_ISR                                          text92       004770
_TMR1H                                             (abs)        000FCF
_TMR1L                                             (abs)        000FCE
_TMR1_ISR                                          text91       004AAA
_TMR2                                              (abs)        000FCC
_TMR2_ISR                                          text90       004B36
_TMR3H                                             (abs)        000FB3
_TMR3L                                             (abs)        000FB2
_TMR3_ISR                                          text89       004A9C
_TRISA                                             (abs)        000F92
_TRISA5                                            (abs)        007C95
_TRISB                                             (abs)        000F93
_TRISC                                             (abs)        000F94
_TRISC3                                            (abs)        007CA3
_TRISC4                                            (abs)        007CA4
_TRISC5                                            (abs)        007CA5
_TRISCbits                                         (abs)        000F94
_TRISD                                             (abs)        000F95
_TRISE                                             (abs)        000F96
_TXREG                                             (abs)        000FAD
_TXSTAbits                                         (abs)        000FAC
_Timer0_DefaultInterruptHandler                    text93       00345E
_Timer0_Deinit                                     text14       0048CE
_Timer0_Init                                       text8        003BA4
_Timer0_InterruptHandler                           bssBANK0     00009D
_Timer0_Interrupt_Configuration                    text13       004974
_Timer0_Prescaler_Config                           text12       00436A
_Timer0_Set_Mode                                   text11       003CC0
_Timer0_Set_Resolution                             text10       0045E2
_Timer0_Write_Value                                text9        0043CA
_Timer1_InterruptHandler                           bssBANK0     000099
_Timer1_Write_Value                                text119      0048A6
_Timer2_InterruptHandler                           bssBANK0     000095
_Timer3_InterruptHandler                           bssBANK0     000093
_UART_obj                                          dataBANK1    00011F
_USART_FRE_InterruptHandler                        bssBANK0     00008B
_USART_OVRR_InterruptHandler                       bssBANK0     000089
_USART_RX_InterruptHandler                         bssBANK0     00008D
_USART_TX_InterruptHandler                         bssBANK0     00008F
_WPUB                                              (abs)        000F7C
__HRAM                                             (abs)        000000
__H__absolute__                                    __absolute__ 000000
__Habs1                                            abs1         000000
__Hbank0                                           bank0        000000
__Hbank1                                           bank1        000000
__Hbank10                                          bank10       000000
__Hbank11                                          bank11       000000
__Hbank12                                          bank12       000000
__Hbank13                                          bank13       000000
__Hbank14                                          bank14       000000
__Hbank15                                          bank15       000000
__Hbank2                                           bank2        000000
__Hbank3                                           bank3        000000
__Hbank4                                           bank4        000000
__Hbank5                                           bank5        000000
__Hbank6                                           bank6        000000
__Hbank7                                           bank7        000000
__Hbank8                                           bank8        000000
__Hbank9                                           bank9        000000
__Hbigbss                                          bigbss       000000
__Hbigdata                                         bigdata      000000
__Hbigram                                          bigram       000000
__Hbigsfr                                          bigsfr       000000
__Hbss                                             bss          000000
__HbssBANK0                                        bssBANK0     000000
__HbssBANK1                                        bssBANK1     000000
__HbssCOMRAM                                       bssCOMRAM    000000
__Hcinit                                           cinit        000000
__Hclrtext                                         clrtext      000000
__Hcomram                                          comram       000000
__Hconfig                                          config       30000E
__Hconst                                           const        000000
__HcstackBANK0                                     cstackBANK0  000000
__HcstackBANK1                                     cstackBANK1  000000
__HcstackCOMRAM                                    cstackCOMRAM 000000
__Hdata                                            data         000000
__HdataBANK1                                       dataBANK1    000000
__HdataCOMRAM                                      dataCOMRAM   000000
__Heeprom_data                                     eeprom_data  000000
__Hfarbss                                          farbss       000000
__Hfardata                                         fardata      000000
__Hheap                                            heap         000000
__Hibigdata                                        ibigdata     000000
__Hidata                                           idata        000000
__HidataBANK1                                      idataBANK1   000000
__HidataCOMRAM                                     idataCOMRAM  000000
__Hidloc                                           idloc        000000
__Hifardata                                        ifardata     000000
__Hinit                                            init         00045A
__Hintcode                                         intcode      000456
__Hintcode_body                                    intcode_body 000000
__Hintcodelo                                       intcodelo    000456
__Hintentry                                        intentry     000000
__Hintret                                          intret       000000
__Hintsave_regs                                    intsave_regs 000000
__Hirdata                                          irdata       000000
__Hmediumconst                                     mediumconst  000000
__HnvBANK0                                         nvBANK0      000000
__HnvFARRAM                                        nvFARRAM     000000
__Hnvbit                                           nvbit        000000
__Hnvrram                                          nvrram       000000
__Hparam                                           rparam       000000
__Hpowerup                                         powerup      000456
__Hram                                             ram          000000
__Hramtop                                          ramtop       001000
__Hrbit                                            rbit         000000
__Hrbss                                            rbss         000000
__Hrdata                                           rdata        000000
__Hreset_vec                                       reset_vec    000004
__Hrparam                                          rparam       000000
__Hsfr                                             sfr          000000
__Hsivt_hi                                         sivt_hi      000000
__Hsivt_lo                                         sivt_lo      000000
__Hsmallconst                                      smallconst   00104A
__Hspace_0                                         (abs)        004B9C
__Hspace_1                                         (abs)        000189
__Hspace_2                                         (abs)        000000
__Hspace_4                                         (abs)        60000E
__Hstack                                           stack        000000
__Hstruct                                          struct       000000
__Htemp                                            temp         000040
__Htext                                            text         000000
__Htext0                                           text0        000000
__Htext1                                           text1        000000
__Htext10                                          text10       000000
__Htext100                                         text100      000000
__Htext101                                         text101      000000
__Htext102                                         text102      000000
__Htext103                                         text103      000000
__Htext104                                         text104      000000
__Htext105                                         text105      000000
__Htext106                                         text106      000000
__Htext107                                         text107      000000
__Htext108                                         text108      000000
__Htext109                                         text109      000000
__Htext11                                          text11       000000
__Htext110                                         text110      000000
__Htext111                                         text111      000000
__Htext112                                         text112      000000
__Htext113                                         text113      000000
__Htext114                                         text114      000000
__Htext115                                         text115      000000
__Htext116                                         text116      000000
__Htext117                                         text117      000000
__Htext118                                         text118      000000
__Htext119                                         text119      000000
__Htext12                                          text12       000000
__Htext120                                         text120      000000
__Htext121                                         text121      000000
__Htext13                                          text13       000000
__Htext14                                          text14       000000
__Htext15                                          text15       000000
__Htext16                                          text16       000000
__Htext17                                          text17       000000
__Htext18                                          text18       000000
__Htext19                                          text19       000000
__Htext2                                           text2        000000
__Htext20                                          text20       000000
__Htext21                                          text21       000000
__Htext22                                          text22       000000
__Htext23                                          text23       000000
__Htext24                                          text24       000000
__Htext25                                          text25       000000
__Htext26                                          text26       000000
__Htext27                                          text27       000000
__Htext28                                          text28       000000
__Htext29                                          text29       000000
__Htext3                                           text3        000000
__Htext30                                          text30       000000
__Htext31                                          text31       000000
__Htext32                                          text32       000000
__Htext33                                          text33       000000
__Htext34                                          text34       000000
__Htext35                                          text35       000000
__Htext36                                          text36       000000
__Htext37                                          text37       000000
__Htext38                                          text38       000000
__Htext39                                          text39       000000
__Htext4                                           text4        000000
__Htext40                                          text40       000000
__Htext41                                          text41       000000
__Htext42                                          text42       000000
__Htext43                                          text43       000000
__Htext44                                          text44       000000
__Htext45                                          text45       000000
__Htext46                                          text46       000000
__Htext47                                          text47       000000
__Htext48                                          text48       000000
__Htext49                                          text49       000000
__Htext5                                           text5        000000
__Htext50                                          text50       000000
__Htext51                                          text51       000000
__Htext52                                          text52       000000
__Htext53                                          text53       000000
__Htext54                                          text54       000000
__Htext55                                          text55       000000
__Htext56                                          text56       000000
__Htext57                                          text57       000000
__Htext58                                          text58       000000
__Htext59                                          text59       000000
__Htext6                                           text6        000000
__Htext60                                          text60       000000
__Htext61                                          text61       000000
__Htext62                                          text62       000000
__Htext63                                          text63       000000
__Htext64                                          text64       000000
__Htext65                                          text65       000000
__Htext66                                          text66       000000
__Htext67                                          text67       000000
__Htext68                                          text68       000000
__Htext69                                          text69       000000
__Htext7                                           text7        000000
__Htext70                                          text70       000000
__Htext71                                          text71       000000
__Htext72                                          text72       000000
__Htext73                                          text73       000000
__Htext74                                          text74       000000
__Htext75                                          text75       000000
__Htext76                                          text76       000000
__Htext77                                          text77       000000
__Htext78                                          text78       000000
__Htext79                                          text79       000000
__Htext8                                           text8        000000
__Htext80                                          text80       000000
__Htext81                                          text81       000000
__Htext82                                          text82       000000
__Htext83                                          text83       000000
__Htext84                                          text84       000000
__Htext85                                          text85       000000
__Htext86                                          text86       000000
__Htext87                                          text87       000000
__Htext89                                          text89       000000
__Htext9                                           text9        000000
__Htext90                                          text90       000000
__Htext91                                          text91       000000
__Htext92                                          text92       000000
__Htext93                                          text93       000000
__Htext94                                          text94       000000
__Htext95                                          text95       000000
__Htext96                                          text96       000000
__Htext97                                          text97       000000
__Htext98                                          text98       000000
__Htext99                                          text99       000000
__LRAM                                             (abs)        000001
__L__absolute__                                    __absolute__ 000000
__Labs1                                            abs1         000000
__Lbank0                                           bank0        000000
__Lbank1                                           bank1        000000
__Lbank10                                          bank10       000000
__Lbank11                                          bank11       000000
__Lbank12                                          bank12       000000
__Lbank13                                          bank13       000000
__Lbank14                                          bank14       000000
__Lbank15                                          bank15       000000
__Lbank2                                           bank2        000000
__Lbank3                                           bank3        000000
__Lbank4                                           bank4        000000
__Lbank5                                           bank5        000000
__Lbank6                                           bank6        000000
__Lbank7                                           bank7        000000
__Lbank8                                           bank8        000000
__Lbank9                                           bank9        000000
__Lbigbss                                          bigbss       000000
__Lbigdata                                         bigdata      000000
__Lbigram                                          bigram       000000
__Lbigsfr                                          bigsfr       000000
__Lbss                                             bss          000000
__LbssBANK0                                        bssBANK0     000000
__LbssBANK1                                        bssBANK1     000000
__LbssCOMRAM                                       bssCOMRAM    000000
__Lcinit                                           cinit        000000
__Lclrtext                                         clrtext      000000
__Lcomram                                          comram       000000
__Lconfig                                          config       000000
__Lconst                                           const        000000
__LcstackBANK0                                     cstackBANK0  000000
__LcstackBANK1                                     cstackBANK1  000000
__LcstackCOMRAM                                    cstackCOMRAM 000000
__Ldata                                            data         000000
__LdataBANK1                                       dataBANK1    000000
__LdataCOMRAM                                      dataCOMRAM   000000
__Leeprom_data                                     eeprom_data  000000
__Lfarbss                                          farbss       000000
__Lfardata                                         fardata      000000
__Lheap                                            heap         000000
__Libigdata                                        ibigdata     000000
__Lidata                                           idata        000000
__LidataBANK1                                      idataBANK1   000000
__LidataCOMRAM                                     idataCOMRAM  000000
__Lidloc                                           idloc        000000
__Lifardata                                        ifardata     000000
__Linit                                            init         000456
__Lintcode                                         intcode      000008
__Lintcode_body                                    intcode_body 000000
__Lintcodelo                                       intcodelo    000456
__Lintentry                                        intentry     000000
__Lintret                                          intret       000000
__Lintsave_regs                                    intsave_regs 000000
__Lirdata                                          irdata       000000
__Lmediumconst                                     mediumconst  000000
__LnvBANK0                                         nvBANK0      000000
__LnvFARRAM                                        nvFARRAM     000000
__Lnvbit                                           nvbit        000000
__Lnvrram                                          nvrram       000000
__Lparam                                           rparam       000000
__Lpowerup                                         powerup      000456
__Lram                                             ram          000000
__Lramtop                                          ramtop       001000
__Lrbit                                            rbit         000000
__Lrbss                                            rbss         000000
__Lrdata                                           rdata        000000
__Lreset_vec                                       reset_vec    000000
__Lrparam                                          rparam       000000
__Lsfr                                             sfr          000000
__Lsivt_hi                                         sivt_hi      000000
__Lsivt_lo                                         sivt_lo      000000
__Lsmallconst                                      smallconst   001000
__Lspace_0                                         (abs)        000000
__Lspace_1                                         (abs)        000000
__Lspace_2                                         (abs)        000000
__Lspace_4                                         (abs)        000000
__Lstack                                           stack        000000
__Lstruct                                          struct       000000
__Ltemp                                            temp         00003F
__Ltext                                            text         000000
__Ltext0                                           text0        000000
__Ltext1                                           text1        000000
__Ltext10                                          text10       000000
__Ltext100                                         text100      000000
__Ltext101                                         text101      000000
__Ltext102                                         text102      000000
__Ltext103                                         text103      000000
__Ltext104                                         text104      000000
__Ltext105                                         text105      000000
__Ltext106                                         text106      000000
__Ltext107                                         text107      000000
__Ltext108                                         text108      000000
__Ltext109                                         text109      000000
__Ltext11                                          text11       000000
__Ltext110                                         text110      000000
__Ltext111                                         text111      000000
__Ltext112                                         text112      000000
__Ltext113                                         text113      000000
__Ltext114                                         text114      000000
__Ltext115                                         text115      000000
__Ltext116                                         text116      000000
__Ltext117                                         text117      000000
__Ltext118                                         text118      000000
__Ltext119                                         text119      000000
__Ltext12                                          text12       000000
__Ltext120                                         text120      000000
__Ltext121                                         text121      000000
__Ltext13                                          text13       000000
__Ltext14                                          text14       000000
__Ltext15                                          text15       000000
__Ltext16                                          text16       000000
__Ltext17                                          text17       000000
__Ltext18                                          text18       000000
__Ltext19                                          text19       000000
__Ltext2                                           text2        000000
__Ltext20                                          text20       000000
__Ltext21                                          text21       000000
__Ltext22                                          text22       000000
__Ltext23                                          text23       000000
__Ltext24                                          text24       000000
__Ltext25                                          text25       000000
__Ltext26                                          text26       000000
__Ltext27                                          text27       000000
__Ltext28                                          text28       000000
__Ltext29                                          text29       000000
__Ltext3                                           text3        000000
__Ltext30                                          text30       000000
__Ltext31                                          text31       000000
__Ltext32                                          text32       000000
__Ltext33                                          text33       000000
__Ltext34                                          text34       000000
__Ltext35                                          text35       000000
__Ltext36                                          text36       000000
__Ltext37                                          text37       000000
__Ltext38                                          text38       000000
__Ltext39                                          text39       000000
__Ltext4                                           text4        000000
__Ltext40                                          text40       000000
__Ltext41                                          text41       000000
__Ltext42                                          text42       000000
__Ltext43                                          text43       000000
__Ltext44                                          text44       000000
__Ltext45                                          text45       000000
__Ltext46                                          text46       000000
__Ltext47                                          text47       000000
__Ltext48                                          text48       000000
__Ltext49                                          text49       000000
__Ltext5                                           text5        000000
__Ltext50                                          text50       000000
__Ltext51                                          text51       000000
__Ltext52                                          text52       000000
__Ltext53                                          text53       000000
__Ltext54                                          text54       000000
__Ltext55                                          text55       000000
__Ltext56                                          text56       000000
__Ltext57                                          text57       000000
__Ltext58                                          text58       000000
__Ltext59                                          text59       000000
__Ltext6                                           text6        000000
__Ltext60                                          text60       000000
__Ltext61                                          text61       000000
__Ltext62                                          text62       000000
__Ltext63                                          text63       000000
__Ltext64                                          text64       000000
__Ltext65                                          text65       000000
__Ltext66                                          text66       000000
__Ltext67                                          text67       000000
__Ltext68                                          text68       000000
__Ltext69                                          text69       000000
__Ltext7                                           text7        000000
__Ltext70                                          text70       000000
__Ltext71                                          text71       000000
__Ltext72                                          text72       000000
__Ltext73                                          text73       000000
__Ltext74                                          text74       000000
__Ltext75                                          text75       000000
__Ltext76                                          text76       000000
__Ltext77                                          text77       000000
__Ltext78                                          text78       000000
__Ltext79                                          text79       000000
__Ltext8                                           text8        000000
__Ltext80                                          text80       000000
[...]
__ptext66                                          text66       004738
__ptext67                                          text67       004806
__ptext68                                          text68       00482E
__ptext69                                          text69       004856
__ptext7                                           text7        003DC8
__ptext70                                          text70       00487E
__ptext71                                          text71       004A3A
__ptext72                                          text72       004428
__ptext73                                          text73       004936
__ptext74                                          text74       004B5E
__ptext75                                          text75       004B62
__ptext76                                          text76       004B66
__ptext77                                          text77       0047D8
__ptext78                                          text78       004B6A
__ptext79                                          text79       004B6E
__ptext8                                           text8        003BA4
__ptext80                                          text80       004B72
__ptext81                                          text81       002DA8
__ptext82                                          text82       004306
__ptext83                                          text83       002202
__ptext84                                          text84       0041D4
__ptext85                                          text85       0039E6
__ptext86                                          text86       00453C
__ptext87                                          text87       0024D2
__ptext89                                          text89       004A9C
__ptext9                                           text9        0043CA
__ptext90                                          text90       004B36
__ptext91                                          text91       004AAA
__ptext92                                          text92       004770
__ptext93                                          text93       00345E
__ptext94                                          text94       00329A
__ptext95                                          text95       003A7C
__ptext96                                          text96       003B10
__ptext97                                          text97       004484
__ptext98                                          text98       0044E0
__ptext99                                          text99       003C34
__ramtop                                           ramtop       001000
__smallconst                                       smallconst   001000
_btn_value                                         dataBANK1    000100
_curserPos                                         dataCOMRAM   000038
_exit_alarm                                        bssCOMRAM    00002C
_gpio_pin_direction_initialize                     text83       002202
_gpio_pin_initialize                               text82       004306
_gpio_pin_read_logic                               text6        002C04
_gpio_pin_write_logic                              text87       0024D2
_hours                                             bssCOMRAM    00002D
_i2c_fsmStateTable                                 smallconst   001001
_keyPad_Initialize                                 text7        003DC8
_keyPad_Read                                       text5        002FC8
_keypad_1                                          dataBANK1    000130
_lat_registers                                     dataBANK1    000115
_main                                              text0        001A0E
_minutes                                           bssCOMRAM    00002E
_nextBack                                          bssCOMRAM    000033
_pinRC6                                            bssCOMRAM    000031
_pinRC7                                            bssCOMRAM    000030
_port_registers                                    dataBANK1    000110
_rd1RegCompleteHandler                             text69       004856
_rd2RegCompleteHandler                             text68       00482E
_rdBlkRegCompleteHandler                           text66       004738
_ret                                               nvBANK0      0000FE
_ret@ecu_servoMotor$F5789                          bssBANK0     0000C3
_seconds                                           bssCOMRAM    00002F
_time_array                                        bssBANK0     000083
_timer0_1                                          dataBANK1    000138
_timer0_preload                                    bssBANK0     00009B
_timer1_obj                                        bssBANK1     000183
_timer1_preload                                    bssBANK0     000097
_timer2_preload                                    bssCOMRAM    00002B
_timer3_preload                                    bssBANK0     000091
_tris_registers                                    dataBANK1    00011A
_update_display                                    text1        0031B0
_userInput                                         bssCOMRAM    000032
_wr1RegCompleteHandler                             text67       004806
_wr2RegCompleteHandler                             text70       00487E
btemp                                              temp         00003F
end_of_initialization                              cinit        00408A
gpio_pin_direction_initialize@pinConfig            cstackBANK0  0000D5
gpio_pin_direction_initialize@rt                   cstackBANK0  0000D9
gpio_pin_initialize@pinConfig                      cstackBANK0  0000DB
gpio_pin_initialize@rt                             cstackBANK0  0000DE
gpio_pin_read_logic@logic                          cstackBANK0  0000D7
gpio_pin_read_logic@pinConfig                      cstackBANK0  0000D5
gpio_pin_read_logic@rt                             cstackBANK0  0000DA
gpio_pin_write_logic@logic                         cstackBANK0  0000D7
gpio_pin_write_logic@pinConfig                     cstackBANK0  0000D5
gpio_pin_write_logic@rt                            cstackBANK0  0000DA
i2ECU_LCD_4Bit_Send_Command@_Command               cstackCOMRAM 00000C
i2ECU_LCD_4Bit_Send_Command@_LCD                   cstackCOMRAM 00000B
i2ECU_LCD_4Bit_Send_Command@rt                     cstackCOMRAM 00000D
i2ECU_LCD_4Bit_Send_String_Data_Postition@_Coloumn cstackCOMRAM 000014
i2ECU_LCD_4Bit_Send_String_Data_Postition@_LCD     cstackCOMRAM 000012
i2ECU_LCD_4Bit_Send_String_Data_Postition@_Row     cstackCOMRAM 000013
i2ECU_LCD_4Bit_Send_String_Data_Postition@_Str     cstackCOMRAM 000015
i2ECU_LCD_4Bit_Send_String_Data_Postition@rt       cstackCOMRAM 000017
i2ECU_LCD_4Bit_Send_char_Data@_Data                cstackCOMRAM 00000C
i2ECU_LCD_4Bit_Send_char_Data@_LCD                 cstackCOMRAM 00000B
i2ECU_LCD_4Bit_Send_char_Data@rt                   cstackCOMRAM 00000D
i2LCD_4Bits_Send_Enable_Signal@_LCD                cstackCOMRAM 000007
i2LCD_4Bits_Send_Enable_Signal@rt                  cstackCOMRAM 000009
i2LCD_4Bits_Set_Curser@_LCD                        cstackCOMRAM 00000E
i2LCD_4Bits_Set_Curser@coloumn                     cstackCOMRAM 000010
i2LCD_4Bits_Set_Curser@row                         cstackCOMRAM 00000F
i2LCD_4Bits_Set_Curser@rt                          cstackCOMRAM 000011
i2LCD_Send_4Bits@_Data                             cstackCOMRAM 000008
i2LCD_Send_4Bits@_LCD                              cstackCOMRAM 000007
i2LCD_Send_4Bits@rt                                cstackCOMRAM 00000A
i2_ECU_LCD_4Bit_Send_Command                       text97       004484
i2_ECU_LCD_4Bit_Send_String_Data_Postition         text95       003A7C
i2_ECU_LCD_4Bit_Send_char_Data                     text98       0044E0
i2_LCD_4Bits_Send_Enable_Signal                    text100      004592
i2_LCD_4Bits_Set_Curser                            text96       003B10
i2_LCD_Send_4Bits                                  text99       003C34
i2_gpio_pin_write_logic                            text101      00279A
i2_update_display                                  text94       00329A
i2gpio_pin_write_logic@logic                       cstackCOMRAM 000003
i2gpio_pin_write_logic@pinConfig                   cstackCOMRAM 000001
i2gpio_pin_write_logic@rt                          cstackCOMRAM 000006
int$flags                                          temp         00003F
intlevel0                                          text         000000
intlevel1                                          text         000000
intlevel2                                          text         000000
intlevel3                                          text         000000
isa$std                                            (abs)        000001
isa$xinst                                          (abs)        000000
keyPad_Initialize@keypad                           cstackBANK0  0000DF
keyPad_Initialize@l_coloums_counter                cstackBANK0  0000E5
keyPad_Initialize@l_rows_counter                   cstackBANK0  0000E4
keyPad_Initialize@rt                               cstackBANK0  0000E3
keyPad_Read@coloumn_logic                          cstackBANK0  0000E4
keyPad_Read@keypad                                 cstackBANK0  0000DB
keyPad_Read@keypad_value                           cstackBANK0  0000DD
keyPad_Read@l_coloumns_counter                     cstackBANK0  0000E3
keyPad_Read@l_counter                              cstackBANK0  0000E1
keyPad_Read@l_rows_counter                         cstackBANK0  0000E2
keyPad_Read@rt                                     cstackBANK0  0000E0
rd1RegCompleteHandler@ptr                          cstackBANK0  0000DC
rd2RegCompleteHandler@ptr                          cstackBANK0  0000DC
rdBlkRegCompleteHandler@ptr                        cstackBANK0  0000DC
stackhi                                            (abs)        000000
stacklo                                            (abs)        000000
start                                              init         000456
start_initialization                               cinit        004026
ttemp5                                             temp         000040
ttemp6                                             temp         000043
ttemp7                                             temp         000047
wr1RegCompleteHandler@ptr                          cstackBANK0  0000DC
wr2RegCompleteHandler@ptr                          cstackBANK0  0000DC
wtemp8                                             temp         000040


MODULE INFORMATION

Module		Function		Class		Link	Load	Size
MCAL_layer/GPIO/hal_gpio.c
		_gpio_pin_write_logic		CODE           	24D2	0000	712
		_gpio_pin_read_logic		CODE           	2C04	0000	420
		_gpio_pin_direction_initialize		CODE           	2202	0000	720
		_gpio_pin_initialize		CODE           	4306	0000	100

MCAL_layer/GPIO/hal_gpio.c estimated size: 1952

ECU_layer/KeyPad/ecu_keyPad.c
		_keyPad_Initialize		CODE           	3DC8	0000	126
		_keyPad_Read   		CODE           	2FC8	0000	248

ECU_layer/KeyPad/ecu_keyPad.c estimated size: 374

mcc_generated_files/examples/i2c_master_example.c
		_wr1RegCompleteHandler		CODE           	4806	0000	40
		_wr2RegCompleteHandler		CODE           	487E	0000	40
		_I2C_Read1ByteRegister		CODE           	3F3C	0000	120
		_rdBlkRegCompleteHandler		CODE           	4738	0000	56
		_rd1RegCompleteHandler		CODE           	4856	0000	40
		_rd2RegCompleteHandler		CODE           	482E	0000	40

mcc_generated_files/examples/i2c_master_example.c estimated size: 336

C:\Program Files\Microchip\xc8\v2.50\pic\sources\c99\common\sprcdiv.c
		___fldiv       		CODE           	1E70	0000	914

C:\Program Files\Microchip\xc8\v2.50\pic\sources\c99\common\sprcdiv.c estimated size: 914

MCAL_layer/SPI/hal_spi.c
		_MSSP_SPI_ISR  		CODE           	4B76	0000	4

MCAL_layer/SPI/hal_spi.c estimated size: 4

mcc_generated_files/pin_manager.c
		_PIN_MANAGER_Initialize		CODE           	48F4	0000	34

mcc_generated_files/pin_manager.c estimated size: 34

C:\Program Files\Microchip\xc8\v2.50\pic\sources\c99\common\awmod.c
		___awmod       		CODE           	375C	0000	174

C:\Program Files\Microchip\xc8\v2.50\pic\sources\c99\common\awmod.c estimated size: 174

MCAL_layer/I2C/hal_i2c.c
		_MSSP_I2C_ISR  		CODE           	4B7A	0000	4
		_MSSP_I2C_BC_ISR		CODE           	4B7E	0000	4

MCAL_layer/I2C/hal_i2c.c estimated size: 8

ECU_layer/Servo_Motor/ecu_servoMotor.c
		_CCP1_DefaultISR		CODE           	3D44	0000	132

ECU_layer/Servo_Motor/ecu_servoMotor.c estimated size: 132

C:\Program Files\Microchip\xc8\v2.50\pic\sources\c99\common\xxtofl.c
		___xxtofl      		CODE           	2A4C	0000	440

C:\Program Files\Microchip\xc8\v2.50\pic\sources\c99\common\xxtofl.c estimated size: 440

MCAL_layer/Timer3/hal_timer3.c
		_TMR3_ISR      		CODE           	4A9C	0000	14

MCAL_layer/Timer3/hal_timer3.c estimated size: 14

MCAL_layer/Timer2/hal_timer2.c
		_TMR2_ISR      		CODE           	4B36	0000	8

MCAL_layer/Timer2/hal_timer2.c estimated size: 8

MCAL_layer/Interrupts/mcal_external_interrupts.c
		_RB4_ISR       		CODE           	49F8	0000	26
		_RB5_ISR       		CODE           	49DE	0000	26
		_RB6_ISR       		CODE           	49C4	0000	26
		_RB7_ISR       		CODE           	49AA	0000	26
		_INT0_ISR      		CODE           	4B8A	0000	4
		_INT1_ISR      		CODE           	4B86	0000	4
		_INT2_ISR      		CODE           	4B82	0000	4

MCAL_layer/Interrupts/mcal_external_interrupts.c estimated size: 116

C:\Program Files\Microchip\xc8\v2.50\pic\sources\c99\common\sprcadd.c
		___fladd       		CODE           	1556	0000	1208

C:\Program Files\Microchip\xc8\v2.50\pic\sources\c99\common\sprcadd.c estimated size: 1208

MCAL_layer/ADC/hal_adc.c
		_ADC_ISR       		CODE           	4B96	0000	4

MCAL_layer/ADC/hal_adc.c estimated size: 4

shared
		i2_LCD_4Bits_Send_Enable_Signal		CODE           	4592	0000	80
		i2_LCD_Send_4Bits		CODE           	3C34	0000	140
		__initialization		CODE           	4026	0000	100
		i2_LCD_4Bits_Set_Curser		CODE           	3B10	0000	148
		i2_ECU_LCD_4Bit_Send_char_Data		CODE           	44E0	0000	92
		i2_gpio_pin_write_logic		CODE           	279A	0000	690
		i2_ECU_LCD_4Bit_Send_Command		CODE           	4484	0000	92
		i2_ECU_LCD_4Bit_Send_String_Data_Postition		CODE           	3A7C	0000	148
		i2_update_display		CODE           	329A	0000	230
		_i2c_fsmStateTable		SMALLCONST     	1001	0000	32

shared estimated size: 1752

mcc_generated_files/mcc.c
		_OSCILLATOR_Initialize		CODE           	4AEE	0000	8
		_SYSTEM_Initialize		CODE           	4A80	0000	14

mcc_generated_files/mcc.c estimated size: 22

ECU_layer/RealTimeClock_DS1307/RealTimeClock_DS1307.c
		_REALTIMECLOCK_DS1307_print_Data		CODE           	30C0	0000	240
		_REALTIMECLOCK_DS1307_Get_Data		CODE           	4102	0000	106

ECU_layer/RealTimeClock_DS1307/RealTimeClock_DS1307.c estimated size: 346

C:\Program Files\Microchip\xc8\v2.50\pic\sources\c99\common\awdiv.c
		___awdiv       		CODE           	35E4	0000	194

C:\Program Files\Microchip\xc8\v2.50\pic\sources\c99\common\awdiv.c estimated size: 194

C:\Program Files\Microchip\xc8\v2.50\pic\sources\c99\common\fltol.c
		___fltol       		CODE           	2EC0	0000	264

C:\Program Files\Microchip\xc8\v2.50\pic\sources\c99\common\fltol.c estimated size: 264

mcc_generated_files/i2c_master.c
		_I2C_Close     		CODE           	47D8	0000	46
		_I2C_MasterStartRx		CODE           	4B52	0000	4
		_I2C_DO_SEND_ADR_WRITE		CODE           	4A8E	0000	14
		_I2C_MasterWaitForEvent		CODE           	4A60	0000	16
		_I2C_DO_SEND_STOP		CODE           	4B16	0000	8
		_I2C_MasterSendNack		CODE           	4B44	0000	6
		_I2C_MasterDisableIrq		CODE           	4B6A	0000	4
		_I2C_CallbackReturnStop		CODE           	4B5A	0000	4
		_I2C_MasterOperation		CODE           	466E	0000	70
		_I2C_DO_SEND_ADR_READ		CODE           	4A70	0000	16
		_I2C_DO_RX_NACK_STOP		CODE           	4B06	0000	8
		_I2C_DO_SEND_RESTART		CODE           	4B1E	0000	8
		_I2C_DO_RX     		CODE           	380A	0000	162
		_I2C_DO_TX     		CODE           	3522	0000	194
		_I2C_DO_IDLE   		CODE           	4ADA	0000	10
		_I2C_DO_RCEN   		CODE           	4AB8	0000	12
		_I2C_Poller    		CODE           	4956	0000	30
		_I2C_DO_RESET  		CODE           	4AD0	0000	10
		_I2C_MasterClose		CODE           	4B6E	0000	4
		_I2C_MasterWrite		CODE           	4AF6	0000	8
		_I2C_DO_RX_ACK 		CODE           	4B0E	0000	8
		_I2C_MasterStart		CODE           	4B66	0000	4
		_I2C_MasterClearIrq		CODE           	4B72	0000	4
		_I2C_MasterGetRxData		CODE           	4B4E	0000	4
		_I2C_SetCallback		CODE           	4428	0000	92
		_I2C_DO_ADDRESS_NACK		CODE           	42A2	0000	100
		_I2C_MasterEnableRestart		CODE           	4B62	0000	4
		_I2C_CallbackReturnReset		CODE           	4B56	0000	4
		_I2C_Open      		CODE           	3FB4	0000	114
		_I2C_SetAddressNackCallback		CODE           	4A12	0000	20
		_I2C_DO_TX_EMPTY		CODE           	3EC2	0000	122
		_I2C_DO_SEND_RESTART_WRITE		CODE           	4B26	0000	8
		_I2C_MasterIsNack		CODE           	4A26	0000	20
		_I2C_SetDataCompleteCallback		CODE           	4A3A	0000	20
		_I2C_DO_RX_NACK_RESTART		CODE           	4AFE	0000	8
		_I2C_MasterSendAck		CODE           	4B3E	0000	6
		_I2C_MasterFsm 		CODE           	4094	0000	110
		_I2C_MasterSetIrq		CODE           	4B4A	0000	4
		_I2C_DO_SEND_RESTART_READ		CODE           	4B2E	0000	8
		_I2C_Initialize		CODE           	4A4E	0000	18
		_I2C_SetBuffer 		CODE           	4936	0000	32
		_I2C_MasterOpen		CODE           	4916	0000	32
		_I2C_MasterSendTxData		CODE           	4AE4	0000	10
		_I2C_MasterStop		CODE           	4B5E	0000	4

mcc_generated_files/i2c_master.c estimated size: 1390

MCAL_layer/Timer1/hal_timer1.c
		_TMR1_ISR      		CODE           	4AAA	0000	14
		_Timer1_Write_Value		CODE           	48A6	0000	40

MCAL_layer/Timer1/hal_timer1.c estimated size: 54

MCAL_layer/Timer0/hal_timer0.c
		_Timer0_Init   		CODE           	3BA4	0000	144
		_Timer0_Deinit 		CODE           	48CE	0000	38
		_Timer0_Prescaler_Config		CODE           	436A	0000	96
		_Timer0_Write_Value		CODE           	43CA	0000	94
		_Timer0_Set_Mode		CODE           	3CC0	0000	132
		_Timer0_Interrupt_Configuration		CODE           	4974	0000	28
		_TMR0_ISR      		CODE           	4770	0000	56
		_Timer0_Set_Resolution		CODE           	45E2	0000	70

MCAL_layer/Timer0/hal_timer0.c estimated size: 658

MCAL_layer/Interrupts/mcal_interrupts_manager.c
		_InterruptManager		CODE           	0008	0000	1102

MCAL_layer/Interrupts/mcal_interrupts_manager.c estimated size: 1102

MCAL_layer/USART/hal_usart.c
		_EUSART_RX_ISR 		CODE           	4B9A	0000	2
		_EUSART_TX_ISR 		CODE           	4B8E	0000	4
		_EUSART_ASYNC_WriteByteBlocking		CODE           	4990	0000	26
		_EUSART_RX_Init		CODE           	3380	0000	222
		_EUSART_TX_Init		CODE           	36A6	0000	182
		_EUSART_ASYNC_Init		CODE           	4628	0000	70
		_EUSART_BaudRateCalculation		CODE           	104A	0000	1292
		_PinsConfig@hal_usart$F4705		CODE           	46B4	0000	68
		_EUSART_ASYNC_WriteStringBlocking		CODE           	3E46	0000	124

MCAL_layer/USART/hal_usart.c estimated size: 1990

main.c
		_Timer0_DefaultInterruptHandler		CODE           	345E	0000	196
		_main          		CODE           	1A0E	0000	1122
		_update_display		CODE           	31B0	0000	234

main.c estimated size: 1552

ECU_layer/LCD/LCD.c
		_LCD_4Bits_Send_Enable_Signal		CODE           	453C	0000	86
		_LCD_4Bits_Set_Curser		CODE           	38AC	0000	158
		_ECU_LCD_4Bit_Send_String_Data_Postition		CODE           	394A	0000	156
		_LCD_Send_4Bits		CODE           	39E6	0000	150
		_ECU_LCD_4Bit_Initialize		CODE           	2DA8	0000	280
		_ECU_LCD_4Bit_Send_Command		CODE           	41D4	0000	104
		_ECU_LCD_4Bit_Send_char_Data		CODE           	416C	0000	104

ECU_layer/LCD/LCD.c estimated size: 1038

MCAL_layer/CCP/hal_ccp.c
		_CCPx_CompareMode_WriteData		CODE           	423C	0000	102
		_CCP1_ISR      		CODE           	47A8	0000	48
		_CCP2_ISR      		CODE           	4B92	0000	4

MCAL_layer/CCP/hal_ccp.c estimated size: 154

